../Core/Src/LOS_D_sd.cpp:3:5:virtual int SDCard::init()	16	static
../Core/Src/LOS_D_sd.cpp:8:5:int SDCard::open(const char*)	24	static
../Core/Src/LOS_D_sd.cpp:27:6:virtual bool SDCard::checkExist(const char*)	24	static
../Core/Src/LOS_D_sd.cpp:37:5:virtual int SDCard::read(const char*, uint8_t*, size_t, size_t)	32	static
../Core/Src/LOS_D_sd.cpp:55:5:virtual int SDCard::write(const char*, uint8_t*, size_t, size_t)	32	static
../Core/Src/LOS_D_sd.cpp:73:8:virtual size_t SDCard::length(const char*)	24	static
../Core/Src/LOS_D_sd.cpp:83:5:virtual int SDCard::cleanup()	16	static
../Core/Inc/LOS_D_storage_device.hpp:4:7:constexpr StorageDevice::StorageDevice()	16	static
../Core/Inc/LOS_D_sd.hpp:8:7:SDCard::SDCard()	16	static
../Core/Src/LOS_D_sd.cpp:92:16:static StorageDevice& SDCard::getInstance()	8	static
