../FATFS/Target/LOS_D_sd_spi.c:25:13:SELECT	8	static
../FATFS/Target/LOS_D_sd_spi.c:32:13:DESELECT	8	static
../FATFS/Target/LOS_D_sd_spi.c:39:13:SPI_TxByte	16	static
../FATFS/Target/LOS_D_sd_spi.c:46:13:SPI_TxBuffer	16	static
../FATFS/Target/LOS_D_sd_spi.c:53:16:SPI_RxByte	24	static
../FATFS/Target/LOS_D_sd_spi.c:65:13:SPI_RxBytePtr	16	static
../FATFS/Target/LOS_D_sd_spi.c:75:16:SD_ReadyWait	24	static
../FATFS/Target/LOS_D_sd_spi.c:94:13:SD_PowerOn	24	static
../FATFS/Target/LOS_D_sd_spi.c:145:13:SD_PowerOff	4	static
../FATFS/Target/LOS_D_sd_spi.c:151:16:SD_CheckPower	4	static
../FATFS/Target/LOS_D_sd_spi.c:157:13:SD_RxDataBlock	32	static
../FATFS/Target/LOS_D_sd_spi.c:188:13:SD_TxDataBlock	24	static
../FATFS/Target/LOS_D_sd_spi.c:230:13:SD_SendCmd	24	static
../FATFS/Target/LOS_D_sd_spi.c:279:9:LOS_DRV_SD_SPI_initialize	40	static
../FATFS/Target/LOS_D_sd_spi.c:384:9:LOS_DRV_SD_SPI_status	16	static
../FATFS/Target/LOS_D_sd_spi.c:391:9:LOS_DRV_SD_SPI_read	24	static
../FATFS/Target/LOS_D_sd_spi.c:433:9:LOS_DRV_SD_SPI_write	24	static
../FATFS/Target/LOS_D_sd_spi.c:488:9:LOS_DRV_SD_SPI_ioctl	56	static
