Archive member included to satisfy reference by file (symbol)

c:/st/stm32cubeide_1.10.1/stm32cubeide/plugins/com.st.stm32cube.ide.mcu.externaltools.gnu-tools-for-stm32.10.3-2021.10.win32_1.0.0.202111181127/tools/bin/../lib/gcc/arm-none-eabi/10.3.1/../../../../arm-none-eabi/lib/thumb/v7e-m+fp/hard\libstdc++_nano.a(del_ops.o)
                              ./Core/Src/main.o (operator delete(void*, unsigned int))
c:/st/stm32cubeide_1.10.1/stm32cubeide/plugins/com.st.stm32cube.ide.mcu.externaltools.gnu-tools-for-stm32.10.3-2021.10.win32_1.0.0.202111181127/tools/bin/../lib/gcc/arm-none-eabi/10.3.1/../../../../arm-none-eabi/lib/thumb/v7e-m+fp/hard\libstdc++_nano.a(new_op.o)
                              ./Core/Src/main.o (operator new(unsigned int))
c:/st/stm32cubeide_1.10.1/stm32cubeide/plugins/com.st.stm32cube.ide.mcu.externaltools.gnu-tools-for-stm32.10.3-2021.10.win32_1.0.0.202111181127/tools/bin/../lib/gcc/arm-none-eabi/10.3.1/../../../../arm-none-eabi/lib/thumb/v7e-m+fp/hard\libstdc++_nano.a(del_op.o)
                              c:/st/stm32cubeide_1.10.1/stm32cubeide/plugins/com.st.stm32cube.ide.mcu.externaltools.gnu-tools-for-stm32.10.3-2021.10.win32_1.0.0.202111181127/tools/bin/../lib/gcc/arm-none-eabi/10.3.1/../../../../arm-none-eabi/lib/thumb/v7e-m+fp/hard\libstdc++_nano.a(del_ops.o) (operator delete(void*))
c:/st/stm32cubeide_1.10.1/stm32cubeide/plugins/com.st.stm32cube.ide.mcu.externaltools.gnu-tools-for-stm32.10.3-2021.10.win32_1.0.0.202111181127/tools/bin/../lib/gcc/arm-none-eabi/10.3.1/../../../../arm-none-eabi/lib/thumb/v7e-m+fp/hard\libstdc++_nano.a(new_handler.o)
                              c:/st/stm32cubeide_1.10.1/stm32cubeide/plugins/com.st.stm32cube.ide.mcu.externaltools.gnu-tools-for-stm32.10.3-2021.10.win32_1.0.0.202111181127/tools/bin/../lib/gcc/arm-none-eabi/10.3.1/../../../../arm-none-eabi/lib/thumb/v7e-m+fp/hard\libstdc++_nano.a(new_op.o) (std::get_new_handler())
c:/st/stm32cubeide_1.10.1/stm32cubeide/plugins/com.st.stm32cube.ide.mcu.externaltools.gnu-tools-for-stm32.10.3-2021.10.win32_1.0.0.202111181127/tools/bin/../lib/gcc/arm-none-eabi/10.3.1/../../../../arm-none-eabi/lib/thumb/v7e-m+fp/hard\libc_nano.a(lib_a-abort.o)
                              c:/st/stm32cubeide_1.10.1/stm32cubeide/plugins/com.st.stm32cube.ide.mcu.externaltools.gnu-tools-for-stm32.10.3-2021.10.win32_1.0.0.202111181127/tools/bin/../lib/gcc/arm-none-eabi/10.3.1/../../../../arm-none-eabi/lib/thumb/v7e-m+fp/hard\libstdc++_nano.a(new_op.o) (abort)
c:/st/stm32cubeide_1.10.1/stm32cubeide/plugins/com.st.stm32cube.ide.mcu.externaltools.gnu-tools-for-stm32.10.3-2021.10.win32_1.0.0.202111181127/tools/bin/../lib/gcc/arm-none-eabi/10.3.1/../../../../arm-none-eabi/lib/thumb/v7e-m+fp/hard\libc_nano.a(lib_a-errno.o)
                              ./Core/Src/syscalls.o (__errno)
c:/st/stm32cubeide_1.10.1/stm32cubeide/plugins/com.st.stm32cube.ide.mcu.externaltools.gnu-tools-for-stm32.10.3-2021.10.win32_1.0.0.202111181127/tools/bin/../lib/gcc/arm-none-eabi/10.3.1/../../../../arm-none-eabi/lib/thumb/v7e-m+fp/hard\libc_nano.a(lib_a-exit.o)
                              c:/st/stm32cubeide_1.10.1/stm32cubeide/plugins/com.st.stm32cube.ide.mcu.externaltools.gnu-tools-for-stm32.10.3-2021.10.win32_1.0.0.202111181127/tools/bin/../lib/gcc/arm-none-eabi/10.3.1/../../../../arm-none-eabi/lib/thumb/v7e-m+fp/hard/crt0.o (exit)
c:/st/stm32cubeide_1.10.1/stm32cubeide/plugins/com.st.stm32cube.ide.mcu.externaltools.gnu-tools-for-stm32.10.3-2021.10.win32_1.0.0.202111181127/tools/bin/../lib/gcc/arm-none-eabi/10.3.1/../../../../arm-none-eabi/lib/thumb/v7e-m+fp/hard\libc_nano.a(lib_a-impure.o)
                              c:/st/stm32cubeide_1.10.1/stm32cubeide/plugins/com.st.stm32cube.ide.mcu.externaltools.gnu-tools-for-stm32.10.3-2021.10.win32_1.0.0.202111181127/tools/bin/../lib/gcc/arm-none-eabi/10.3.1/../../../../arm-none-eabi/lib/thumb/v7e-m+fp/hard\libc_nano.a(lib_a-exit.o) (_global_impure_ptr)
c:/st/stm32cubeide_1.10.1/stm32cubeide/plugins/com.st.stm32cube.ide.mcu.externaltools.gnu-tools-for-stm32.10.3-2021.10.win32_1.0.0.202111181127/tools/bin/../lib/gcc/arm-none-eabi/10.3.1/../../../../arm-none-eabi/lib/thumb/v7e-m+fp/hard\libc_nano.a(lib_a-init.o)
                              c:/st/stm32cubeide_1.10.1/stm32cubeide/plugins/com.st.stm32cube.ide.mcu.externaltools.gnu-tools-for-stm32.10.3-2021.10.win32_1.0.0.202111181127/tools/bin/../lib/gcc/arm-none-eabi/10.3.1/../../../../arm-none-eabi/lib/thumb/v7e-m+fp/hard/crt0.o (__libc_init_array)
c:/st/stm32cubeide_1.10.1/stm32cubeide/plugins/com.st.stm32cube.ide.mcu.externaltools.gnu-tools-for-stm32.10.3-2021.10.win32_1.0.0.202111181127/tools/bin/../lib/gcc/arm-none-eabi/10.3.1/../../../../arm-none-eabi/lib/thumb/v7e-m+fp/hard\libc_nano.a(lib_a-malloc.o)
[...]
Memory Configuration

Name             Origin             Length             Attributes
RAM              0x0000000020000000 0x0000000000018000 xrw
FLASH            0x0000000008000000 0x0000000000080000 xr
*default*        0x0000000000000000 0xffffffffffffffff

Linker script and memory map

LOAD c:/st/stm32cubeide_1.10.1/stm32cubeide/plugins/com.st.stm32cube.ide.mcu.externaltools.gnu-tools-for-stm32.10.3-2021.10.win32_1.0.0.202111181127/tools/bin/../lib/gcc/arm-none-eabi/10.3.1/thumb/v7e-m+fp/hard/crti.o
LOAD c:/st/stm32cubeide_1.10.1/stm32cubeide/plugins/com.st.stm32cube.ide.mcu.externaltools.gnu-tools-for-stm32.10.3-2021.10.win32_1.0.0.202111181127/tools/bin/../lib/gcc/arm-none-eabi/10.3.1/thumb/v7e-m+fp/hard/crtbegin.o
LOAD c:/st/stm32cubeide_1.10.1/stm32cubeide/plugins/com.st.stm32cube.ide.mcu.externaltools.gnu-tools-for-stm32.10.3-2021.10.win32_1.0.0.202111181127/tools/bin/../lib/gcc/arm-none-eabi/10.3.1/../../../../arm-none-eabi/lib/thumb/v7e-m+fp/hard/crt0.o
LOAD ./Core/Src/LOS_D_sd.o
LOAD ./Core/Src/main.o
LOAD ./Core/Src/stm32f4xx_hal_msp.o
LOAD ./Core/Src/stm32f4xx_it.o
LOAD ./Core/Src/syscalls.o
LOAD ./Core/Src/sysmem.o
LOAD ./Core/Src/system_stm32f4xx.o
LOAD ./Core/Startup/startup_stm32f401retx.o
LOAD ./Drivers/STM32F4xx_HAL_Driver/Src/stm32f4xx_hal.o
LOAD ./Drivers/STM32F4xx_HAL_Driver/Src/stm32f4xx_hal_cortex.o
LOAD ./Drivers/STM32F4xx_HAL_Driver/Src/stm32f4xx_hal_dma.o
LOAD ./Drivers/STM32F4xx_HAL_Driver/Src/stm32f4xx_hal_dma_ex.o
LOAD ./Drivers/STM32F4xx_HAL_Driver/Src/stm32f4xx_hal_exti.o
LOAD ./Drivers/STM32F4xx_HAL_Driver/Src/stm32f4xx_hal_flash.o
LOAD ./Drivers/STM32F4xx_HAL_Driver/Src/stm32f4xx_hal_flash_ex.o
LOAD ./Drivers/STM32F4xx_HAL_Driver/Src/stm32f4xx_hal_flash_ramfunc.o
LOAD ./Drivers/STM32F4xx_HAL_Driver/Src/stm32f4xx_hal_gpio.o
LOAD ./Drivers/STM32F4xx_HAL_Driver/Src/stm32f4xx_hal_pwr.o
LOAD ./Drivers/STM32F4xx_HAL_Driver/Src/stm32f4xx_hal_pwr_ex.o
LOAD ./Drivers/STM32F4xx_HAL_Driver/Src/stm32f4xx_hal_rcc.o
LOAD ./Drivers/STM32F4xx_HAL_Driver/Src/stm32f4xx_hal_rcc_ex.o
LOAD ./Drivers/STM32F4xx_HAL_Driver/Src/stm32f4xx_hal_spi.o
LOAD ./Drivers/STM32F4xx_HAL_Driver/Src/stm32f4xx_hal_tim.o
LOAD ./Drivers/STM32F4xx_HAL_Driver/Src/stm32f4xx_hal_tim_ex.o
LOAD ./Drivers/STM32F4xx_HAL_Driver/Src/stm32f4xx_hal_uart.o
LOAD ./FATFS/App/fatfs.o
LOAD ./FATFS/Target/LOS_D_sd_spi.o
LOAD ./FATFS/Target/user_diskio.o
LOAD ./Middlewares/Third_Party/FatFs/src/diskio.o
LOAD ./Middlewares/Third_Party/FatFs/src/ff.o
LOAD ./Middlewares/Third_Party/FatFs/src/ff_gen_drv.o
LOAD ./Middlewares/Third_Party/FatFs/src/option/ccsbcs.o
LOAD ./Middlewares/Third_Party/FatFs/src/option/syscall.o
START GROUP
LOAD c:/st/stm32cubeide_1.10.1/stm32cubeide/plugins/com.st.stm32cube.ide.mcu.externaltools.gnu-tools-for-stm32.10.3-2021.10.win32_1.0.0.202111181127/tools/bin/../lib/gcc/arm-none-eabi/10.3.1/../../../../arm-none-eabi/lib/thumb/v7e-m+fp/hard\libstdc++_nano.a
LOAD c:/st/stm32cubeide_1.10.1/stm32cubeide/plugins/com.st.stm32cube.ide.mcu.externaltools.gnu-tools-for-stm32.10.3-2021.10.win32_1.0.0.202111181127/tools/bin/../lib/gcc/arm-none-eabi/10.3.1/../../../../arm-none-eabi/lib/thumb/v7e-m+fp/hard\libsupc++_nano.a
END GROUP
LOAD c:/st/stm32cubeide_1.10.1/stm32cubeide/plugins/com.st.stm32cube.ide.mcu.externaltools.gnu-tools-for-stm32.10.3-2021.10.win32_1.0.0.202111181127/tools/bin/../lib/gcc/arm-none-eabi/10.3.1/../../../../arm-none-eabi/lib/thumb/v7e-m+fp/hard\libstdc++_nano.a
LOAD c:/st/stm32cubeide_1.10.1/stm32cubeide/plugins/com.st.stm32cube.ide.mcu.externaltools.gnu-tools-for-stm32.10.3-2021.10.win32_1.0.0.202111181127/tools/bin/../lib/gcc/arm-none-eabi/10.3.1/../../../../arm-none-eabi/lib/thumb/v7e-m+fp/hard\libm.a
LOAD c:/st/stm32cubeide_1.10.1/stm32cubeide/plugins/com.st.stm32cube.ide.mcu.externaltools.gnu-tools-for-stm32.10.3-2021.10.win32_1.0.0.202111181127/tools/bin/../lib/gcc/arm-none-eabi/10.3.1/../../../../arm-none-eabi/lib/thumb/v7e-m+fp/hard\libc_nano.a
START GROUP
LOAD c:/st/stm32cubeide_1.10.1/stm32cubeide/plugins/com.st.stm32cube.ide.mcu.externaltools.gnu-tools-for-stm32.10.3-2021.10.win32_1.0.0.202111181127/tools/bin/../lib/gcc/arm-none-eabi/10.3.1/thumb/v7e-m+fp/hard\libgcc.a
LOAD c:/st/stm32cubeide_1.10.1/stm32cubeide/plugins/com.st.stm32cube.ide.mcu.externaltools.gnu-tools-for-stm32.10.3-2021.10.win32_1.0.0.202111181127/tools/bin/../lib/gcc/arm-none-eabi/10.3.1/../../../../arm-none-eabi/lib/thumb/v7e-m+fp/hard\libc_nano.a
END GROUP
START GROUP
LOAD c:/st/stm32cubeide_1.10.1/stm32cubeide/plugins/com.st.stm32cube.ide.mcu.externaltools.gnu-tools-for-stm32.10.3-2021.10.win32_1.0.0.202111181127/tools/bin/../lib/gcc/arm-none-eabi/10.3.1/thumb/v7e-m+fp/hard\libgcc.a
LOAD c:/st/stm32cubeide_1.10.1/stm32cubeide/plugins/com.st.stm32cube.ide.mcu.externaltools.gnu-tools-for-stm32.10.3-2021.10.win32_1.0.0.202111181127/tools/bin/../lib/gcc/arm-none-eabi/10.3.1/../../../../arm-none-eabi/lib/thumb/v7e-m+fp/hard\libc_nano.a
END GROUP
LOAD c:/st/stm32cubeide_1.10.1/stm32cubeide/plugins/com.st.stm32cube.ide.mcu.externaltools.gnu-tools-for-stm32.10.3-2021.10.win32_1.0.0.202111181127/tools/bin/../lib/gcc/arm-none-eabi/10.3.1/thumb/v7e-m+fp/hard/crtend.o
LOAD c:/st/stm32cubeide_1.10.1/stm32cubeide/plugins/com.st.stm32cube.ide.mcu.externaltools.gnu-tools-for-stm32.10.3-2021.10.win32_1.0.0.202111181127/tools/bin/../lib/gcc/arm-none-eabi/10.3.1/thumb/v7e-m+fp/hard/crtn.o
                0x0000000020018000                _estack = (ORIGIN (RAM) + LENGTH (RAM))
                0x0000000000000200                _Min_Heap_Size = 0x200
                0x0000000000000400                _Min_Stack_Size = 0x400

.isr_vector     0x0000000008000000      0x194
                0x0000000008000000                . = ALIGN (0x4)
 *(.isr_vector)
 .isr_vector    0x0000000008000000      0x194 ./Core/Startup/startup_stm32f401retx.o
                0x0000000008000000                g_pfnVectors
                0x0000000008000194                . = ALIGN (0x4)

.text           0x00000000080001a0     0x771c
                0x00000000080001a0                . = ALIGN (0x4)
 *(.text)
 .text          0x00000000080001a0       0x40 c:/st/stm32cubeide_1.10.1/stm32cubeide/plugins/com.st.stm32cube.ide.mcu.externaltools.gnu-tools-for-stm32.10.3-2021.10.win32_1.0.0.202111181127/tools/bin/../lib/gcc/arm-none-eabi/10.3.1/thumb/v7e-m+fp/hard/crtbegin.o
 .text          0x00000000080001e0       0x14 c:/st/stm32cubeide_1.10.1/stm32cubeide/plugins/com.st.stm32cube.ide.mcu.externaltools.gnu-tools-for-stm32.10.3-2021.10.win32_1.0.0.202111181127/tools/bin/../lib/gcc/arm-none-eabi/10.3.1/../../../../arm-none-eabi/lib/thumb/v7e-m+fp/hard\libc_nano.a(lib_a-strcmp.o)
                0x00000000080001e0                strcmp
 .text          0x00000000080001f4       0x10 c:/st/stm32cubeide_1.10.1/stm32cubeide/plugins/com.st.stm32cube.ide.mcu.externaltools.gnu-tools-for-stm32.10.3-2021.10.win32_1.0.0.202111181127/tools/bin/../lib/gcc/arm-none-eabi/10.3.1/../../../../arm-none-eabi/lib/thumb/v7e-m+fp/hard\libc_nano.a(lib_a-strlen.o)
                0x00000000080001f4                strlen
 *fill*         0x0000000008000204        0xc 
 .text          0x0000000008000210       0xa0 c:/st/stm32cubeide_1.10.1/stm32cubeide/plugins/com.st.stm32cube.ide.mcu.externaltools.gnu-tools-for-stm32.10.3-2021.10.win32_1.0.0.202111181127/tools/bin/../lib/gcc/arm-none-eabi/10.3.1/../../../../arm-none-eabi/lib/thumb/v7e-m+fp/hard\libc_nano.a(lib_a-memchr.o)
                0x0000000008000210                memchr
 .text          0x00000000080002b0       0x30 c:/st/stm32cubeide_1.10.1/stm32cubeide/plugins/com.st.stm32cube.ide.mcu.externaltools.gnu-tools-for-stm32.10.3-2021.10.win32_1.0.0.202111181127/tools/bin/../lib/gcc/arm-none-eabi/10.3.1/thumb/v7e-m+fp/hard\libgcc.a(_aeabi_uldivmod.o)
                0x00000000080002b0                __aeabi_uldivmod
 .text          0x00000000080002e0      0x2d0 c:/st/stm32cubeide_1.10.1/stm32cubeide/plugins/com.st.stm32cube.ide.mcu.externaltools.gnu-tools-for-stm32.10.3-2021.10.win32_1.0.0.202111181127/tools/bin/../lib/gcc/arm-none-eabi/10.3.1/thumb/v7e-m+fp/hard\libgcc.a(_udivmoddi4.o)
                0x00000000080002e0                __udivmoddi4
 .text          0x00000000080005b0        0x4 c:/st/stm32cubeide_1.10.1/stm32cubeide/plugins/com.st.stm32cube.ide.mcu.externaltools.gnu-tools-for-stm32.10.3-2021.10.win32_1.0.0.202111181127/tools/bin/../lib/gcc/arm-none-eabi/10.3.1/thumb/v7e-m+fp/hard\libgcc.a(_dvmd_tls.o)
                0x00000000080005b0                __aeabi_idiv0
                0x00000000080005b0                __aeabi_ldiv0
 *(.text*)
 .text._ZN6SDCard19posix_to_fatfs_flagEPKc
                0x00000000080005b4       0xc4 ./Core/Src/LOS_D_sd.o
                0x00000000080005b4                SDCard::posix_to_fatfs_flag(char const*)
 .text._ZN6SDCardC2EPKcPi
                0x0000000008000678       0x36 ./Core/Src/LOS_D_sd.o
                0x0000000008000678                SDCard::SDCard(char const*, int*)
                0x0000000008000678                SDCard::SDCard(char const*, int*)
 .text._ZN6SDCardD2Ev
                0x00000000080006ae       0x22 ./Core/Src/LOS_D_sd.o
                0x00000000080006ae                SDCard::~SDCard()
                0x00000000080006ae                SDCard::~SDCard()
 .text._ZN6SDCard5fopenEP3FILPKcS3_
                0x00000000080006d0       0x2a ./Core/Src/LOS_D_sd.o
                0x00000000080006d0                SDCard::fopen(FIL*, char const*, char const*)
 .text._ZN6SDCard6fcloseEP3FIL
                0x00000000080006fa       0x1a ./Core/Src/LOS_D_sd.o
                0x00000000080006fa                SDCard::fclose(FIL*)
 .text._ZN6SDCard5fseekEP3FILli
                0x0000000008000714       0x74 ./Core/Src/LOS_D_sd.o
                0x0000000008000714                SDCard::fseek(FIL*, long, int)
 .text._ZN6SDCard5fgetsEPciP3FIL
                0x0000000008000788       0x22 ./Core/Src/LOS_D_sd.o
                0x0000000008000788                SDCard::fgets(char*, int, FIL*)
 .text._ZN6SDCard5fputsEPKcP3FIL
                0x00000000080007aa       0x1e ./Core/Src/LOS_D_sd.o
                0x00000000080007aa                SDCard::fputs(char const*, FIL*)
 .text._Z8myprintfPKcz
                0x00000000080007c8       0x4c ./Core/Src/main.o
                0x00000000080007c8                myprintf(char const*, ...)
 .text.main     0x0000000008000814      0x130 ./Core/Src/main.o
                0x0000000008000814                main
 .text._Z18SystemClock_Configv
                0x0000000008000944       0xec ./Core/Src/main.o
                0x0000000008000944                SystemClock_Config()
 .text._ZL12MX_SPI2_Initv
                0x0000000008000a30       0x78 ./Core/Src/main.o
 .text._ZL19MX_USART2_UART_Initv
                0x0000000008000aa8       0x5c ./Core/Src/main.o
 .text._ZL12MX_GPIO_Initv
                0x0000000008000b04      0x108 ./Core/Src/main.o
 .text.Error_Handler
                0x0000000008000c0c        0xa ./Core/Src/main.o
                0x0000000008000c0c                Error_Handler
 *fill*         0x0000000008000c16        0x2 
 .text.HAL_MspInit
                0x0000000008000c18       0x50 ./Core/Src/stm32f4xx_hal_msp.o
                0x0000000008000c18                HAL_MspInit
 .text.HAL_SPI_MspInit
                0x0000000008000c68       0x90 ./Core/Src/stm32f4xx_hal_msp.o
                0x0000000008000c68                HAL_SPI_MspInit
 .text.HAL_UART_MspInit
                0x0000000008000cf8       0x90 ./Core/Src/stm32f4xx_hal_msp.o
                0x0000000008000cf8                HAL_UART_MspInit
 .text.NMI_Handler
                0x0000000008000d88        0x6 ./Core/Src/stm32f4xx_it.o
                0x0000000008000d88                NMI_Handler
 .text.HardFault_Handler
                0x0000000008000d8e        0x6 ./Core/Src/stm32f4xx_it.o
                0x0000000008000d8e                HardFault_Handler
 .text.MemManage_Handler
                0x0000000008000d94        0x6 ./Core/Src/stm32f4xx_it.o
                0x0000000008000d94                MemManage_Handler
 .text.BusFault_Handler
                0x0000000008000d9a        0x6 ./Core/Src/stm32f4xx_it.o
                0x0000000008000d9a                BusFault_Handler
 .text.UsageFault_Handler
                0x0000000008000da0        0x6 ./Core/Src/stm32f4xx_it.o
                0x0000000008000da0                UsageFault_Handler
 .text.SVC_Handler
                0x0000000008000da6        0xe ./Core/Src/stm32f4xx_it.o
                0x0000000008000da6                SVC_Handler
 .text.DebugMon_Handler
                0x0000000008000db4        0xe ./Core/Src/stm32f4xx_it.o
                0x0000000008000db4                DebugMon_Handler
 .text.PendSV_Handler
                0x0000000008000dc2        0xe ./Core/Src/stm32f4xx_it.o
                0x0000000008000dc2                PendSV_Handler
 .text.SysTick_Handler
                0x0000000008000dd0        0xc ./Core/Src/stm32f4xx_it.o
                0x0000000008000dd0                SysTick_Handler
 .text._getpid  0x0000000008000ddc       0x10 ./Core/Src/syscalls.o
                0x0000000008000ddc                _getpid
 .text._kill    0x0000000008000dec       0x20 ./Core/Src/syscalls.o
                0x0000000008000dec                _kill
 .text._exit    0x0000000008000e0c       0x14 ./Core/Src/syscalls.o
                0x0000000008000e0c                _exit
 .text._sbrk    0x0000000008000e20       0x6c ./Core/Src/sysmem.o
                0x0000000008000e20                _sbrk
 .text.SystemInit
                0x0000000008000e8c       0x24 ./Core/Src/system_stm32f4xx.o
                0x0000000008000e8c                SystemInit
 .text.Reset_Handler
                0x0000000008000eb0       0x50 ./Core/Startup/startup_stm32f401retx.o
                0x0000000008000eb0                Reset_Handler
 .text.Default_Handler
                0x0000000008000f00        0x2 ./Core/Startup/startup_stm32f401retx.o
                0x0000000008000f00                RTC_Alarm_IRQHandler
                0x0000000008000f00                EXTI2_IRQHandler
                0x0000000008000f00                SPI4_IRQHandler
                0x0000000008000f00                TIM1_CC_IRQHandler
                0x0000000008000f00                DMA2_Stream5_IRQHandler
                0x0000000008000f00                DMA1_Stream5_IRQHandler
                0x0000000008000f00                PVD_IRQHandler
                0x0000000008000f00                SDIO_IRQHandler
                0x0000000008000f00                TAMP_STAMP_IRQHandler
                0x0000000008000f00                EXTI3_IRQHandler
                0x0000000008000f00                TIM1_UP_TIM10_IRQHandler
                0x0000000008000f00                I2C3_ER_IRQHandler
                0x0000000008000f00                EXTI0_IRQHandler
                0x0000000008000f00                I2C2_EV_IRQHandler
                0x0000000008000f00                DMA1_Stream2_IRQHandler
                0x0000000008000f00                FPU_IRQHandler
                0x0000000008000f00                DMA2_Stream2_IRQHandler
                0x0000000008000f00                SPI1_IRQHandler
                0x0000000008000f00                TIM1_BRK_TIM9_IRQHandler
                0x0000000008000f00                DMA2_Stream3_IRQHandler
                0x0000000008000f00                USART6_IRQHandler
                0x0000000008000f00                DMA2_Stream0_IRQHandler
                0x0000000008000f00                TIM4_IRQHandler
                0x0000000008000f00                I2C1_EV_IRQHandler
                0x0000000008000f00                DMA1_Stream6_IRQHandler
                0x0000000008000f00                DMA1_Stream1_IRQHandler
                0x0000000008000f00                TIM3_IRQHandler
                0x0000000008000f00                RCC_IRQHandler
                0x0000000008000f00                Default_Handler
                0x0000000008000f00                EXTI15_10_IRQHandler
                0x0000000008000f00                ADC_IRQHandler
                0x0000000008000f00                DMA1_Stream7_IRQHandler
                0x0000000008000f00                TIM5_IRQHandler
                0x0000000008000f00                DMA2_Stream7_IRQHandler
                0x0000000008000f00                I2C3_EV_IRQHandler
                0x0000000008000f00                EXTI9_5_IRQHandler
                0x0000000008000f00                RTC_WKUP_IRQHandler
                0x0000000008000f00                SPI2_IRQHandler
                0x0000000008000f00                DMA1_Stream0_IRQHandler
                0x0000000008000f00                EXTI4_IRQHandler
                0x0000000008000f00                WWDG_IRQHandler
                0x0000000008000f00                TIM2_IRQHandler
                0x0000000008000f00                OTG_FS_WKUP_IRQHandler
                0x0000000008000f00                TIM1_TRG_COM_TIM11_IRQHandler
                0x0000000008000f00                EXTI1_IRQHandler
                0x0000000008000f00                USART2_IRQHandler
                0x0000000008000f00                I2C2_ER_IRQHandler
                0x0000000008000f00                DMA2_Stream1_IRQHandler
                0x0000000008000f00                FLASH_IRQHandler
                0x0000000008000f00                DMA2_Stream4_IRQHandler
                0x0000000008000f00                USART1_IRQHandler
                0x0000000008000f00                OTG_FS_IRQHandler
                0x0000000008000f00                SPI3_IRQHandler
                0x0000000008000f00                DMA1_Stream4_IRQHandler
                0x0000000008000f00                I2C1_ER_IRQHandler
                0x0000000008000f00                DMA2_Stream6_IRQHandler
                0x0000000008000f00                DMA1_Stream3_IRQHandler
 *fill*         0x0000000008000f02        0x2 
 .text.HAL_Init
                0x0000000008000f04       0x44 ./Drivers/STM32F4xx_HAL_Driver/Src/stm32f4xx_hal.o
                0x0000000008000f04                HAL_Init
 .text.HAL_InitTick
                0x0000000008000f48       0x60 ./Drivers/STM32F4xx_HAL_Driver/Src/stm32f4xx_hal.o
                0x0000000008000f48                HAL_InitTick
 .text.HAL_IncTick
                0x0000000008000fa8       0x28 ./Drivers/STM32F4xx_HAL_Driver/Src/stm32f4xx_hal.o
                0x0000000008000fa8                HAL_IncTick
 .text.HAL_GetTick
                0x0000000008000fd0       0x18 ./Drivers/STM32F4xx_HAL_Driver/Src/stm32f4xx_hal.o
                0x0000000008000fd0                HAL_GetTick
 .text.HAL_Delay
                0x0000000008000fe8       0x48 ./Drivers/STM32F4xx_HAL_Driver/Src/stm32f4xx_hal.o
                0x0000000008000fe8                HAL_Delay
 .text.__NVIC_SetPriorityGrouping
                0x0000000008001030       0x48 ./Drivers/STM32F4xx_HAL_Driver/Src/stm32f4xx_hal_cortex.o
 .text.__NVIC_GetPriorityGrouping
                0x0000000008001078       0x1c ./Drivers/STM32F4xx_HAL_Driver/Src/stm32f4xx_hal_cortex.o
 .text.__NVIC_SetPriority
                0x0000000008001094       0x54 ./Drivers/STM32F4xx_HAL_Driver/Src/stm32f4xx_hal_cortex.o
 .text.NVIC_EncodePriority
                0x00000000080010e8       0x66 ./Drivers/STM32F4xx_HAL_Driver/Src/stm32f4xx_hal_cortex.o
 *fill*         0x000000000800114e        0x2 
 .text.SysTick_Config
                0x0000000008001150       0x44 ./Drivers/STM32F4xx_HAL_Driver/Src/stm32f4xx_hal_cortex.o
 .text.HAL_NVIC_SetPriorityGrouping
                0x0000000008001194       0x16 ./Drivers/STM32F4xx_HAL_Driver/Src/stm32f4xx_hal_cortex.o
                0x0000000008001194                HAL_NVIC_SetPriorityGrouping
 .text.HAL_NVIC_SetPriority
                0x00000000080011aa       0x38 ./Drivers/STM32F4xx_HAL_Driver/Src/stm32f4xx_hal_cortex.o
                0x00000000080011aa                HAL_NVIC_SetPriority
 .text.HAL_SYSTICK_Config
                0x00000000080011e2       0x18 ./Drivers/STM32F4xx_HAL_Driver/Src/stm32f4xx_hal_cortex.o
                0x00000000080011e2                HAL_SYSTICK_Config
 *fill*         0x00000000080011fa        0x2 
 .text.HAL_GPIO_Init
                0x00000000080011fc      0x308 ./Drivers/STM32F4xx_HAL_Driver/Src/stm32f4xx_hal_gpio.o
                0x00000000080011fc                HAL_GPIO_Init
 .text.HAL_GPIO_WritePin
                0x0000000008001504       0x32 ./Drivers/STM32F4xx_HAL_Driver/Src/stm32f4xx_hal_gpio.o
                0x0000000008001504                HAL_GPIO_WritePin
 *fill*         0x0000000008001536        0x2 
 .text.HAL_RCC_OscConfig
                0x0000000008001538      0x4f0 ./Drivers/STM32F4xx_HAL_Driver/Src/stm32f4xx_hal_rcc.o
                0x0000000008001538                HAL_RCC_OscConfig
 .text.HAL_RCC_ClockConfig
                0x0000000008001a28      0x1cc ./Drivers/STM32F4xx_HAL_Driver/Src/stm32f4xx_hal_rcc.o
                0x0000000008001a28                HAL_RCC_ClockConfig
 .text.HAL_RCC_GetSysClockFreq
                0x0000000008001bf4      0x20c ./Drivers/STM32F4xx_HAL_Driver/Src/stm32f4xx_hal_rcc.o
                0x0000000008001bf4                HAL_RCC_GetSysClockFreq
 .text.HAL_RCC_GetHCLKFreq
                0x0000000008001e00       0x18 ./Drivers/STM32F4xx_HAL_Driver/Src/stm32f4xx_hal_rcc.o
                0x0000000008001e00                HAL_RCC_GetHCLKFreq
 .text.HAL_RCC_GetPCLK1Freq
                0x0000000008001e18       0x28 ./Drivers/STM32F4xx_HAL_Driver/Src/stm32f4xx_hal_rcc.o
                0x0000000008001e18                HAL_RCC_GetPCLK1Freq
 .text.HAL_RCC_GetPCLK2Freq
                0x0000000008001e40       0x28 ./Drivers/STM32F4xx_HAL_Driver/Src/stm32f4xx_hal_rcc.o
                0x0000000008001e40                HAL_RCC_GetPCLK2Freq
 .text.HAL_SPI_Init
                0x0000000008001e68      0x112 ./Drivers/STM32F4xx_HAL_Driver/Src/stm32f4xx_hal_spi.o
                0x0000000008001e68                HAL_SPI_Init
 .text.HAL_SPI_Transmit
                0x0000000008001f7a      0x278 ./Drivers/STM32F4xx_HAL_Driver/Src/stm32f4xx_hal_spi.o
                0x0000000008001f7a                HAL_SPI_Transmit
 .text.HAL_SPI_TransmitReceive
                0x00000000080021f2      0x344 ./Drivers/STM32F4xx_HAL_Driver/Src/stm32f4xx_hal_spi.o
                0x00000000080021f2                HAL_SPI_TransmitReceive
 *fill*         0x0000000008002536        0x2 
 .text.SPI_WaitFlagStateUntilTimeout
                0x0000000008002538      0x110 ./Drivers/STM32F4xx_HAL_Driver/Src/stm32f4xx_hal_spi.o
 .text.SPI_EndRxTxTransaction
                0x0000000008002648       0x84 ./Drivers/STM32F4xx_HAL_Driver/Src/stm32f4xx_hal_spi.o
 .text.HAL_UART_Init
                0x00000000080026cc       0x9a ./Drivers/STM32F4xx_HAL_Driver/Src/stm32f4xx_hal_uart.o
                0x00000000080026cc                HAL_UART_Init
 .text.HAL_UART_Transmit
                0x0000000008002766      0x124 ./Drivers/STM32F4xx_HAL_Driver/Src/stm32f4xx_hal_uart.o
                0x0000000008002766                HAL_UART_Transmit
 .text.UART_WaitOnFlagUntilTimeout
                0x000000000800288a       0xdc ./Drivers/STM32F4xx_HAL_Driver/Src/stm32f4xx_hal_uart.o
 *fill*         0x0000000008002966        0x2 
 .text.UART_SetConfig
                0x0000000008002968      0x4e8 ./Drivers/STM32F4xx_HAL_Driver/Src/stm32f4xx_hal_uart.o
 .text.MX_FATFS_Init
                0x0000000008002e50       0x24 ./FATFS/App/fatfs.o
                0x0000000008002e50                MX_FATFS_Init
 .text.get_fattime
                0x0000000008002e74       0x10 ./FATFS/App/fatfs.o
                0x0000000008002e74                get_fattime
 .text.SELECT   0x0000000008002e84       0x1c ./FATFS/Target/LOS_D_sd_spi.o
 .text.DESELECT
                0x0000000008002ea0       0x1c ./FATFS/Target/LOS_D_sd_spi.o
 .text.SPI_TxByte
                0x0000000008002ebc       0x34 ./FATFS/Target/LOS_D_sd_spi.o
 .text.SPI_TxBuffer
                0x0000000008002ef0       0x34 ./FATFS/Target/LOS_D_sd_spi.o
 .text.SPI_RxByte
                0x0000000008002f24       0x38 ./FATFS/Target/LOS_D_sd_spi.o
 .text.SPI_RxBytePtr
                0x0000000008002f5c       0x1c ./FATFS/Target/LOS_D_sd_spi.o
 .text.SD_ReadyWait
                0x0000000008002f78       0x3a ./FATFS/Target/LOS_D_sd_spi.o
 *fill*         0x0000000008002fb2        0x2 
 .text.SD_PowerOn
                0x0000000008002fb4       0x84 ./FATFS/Target/LOS_D_sd_spi.o
 .text.SD_PowerOff
                0x0000000008003038       0x18 ./FATFS/Target/LOS_D_sd_spi.o
 .text.SD_CheckPower
                0x0000000008003050       0x18 ./FATFS/Target/LOS_D_sd_spi.o
 .text.SD_RxDataBlock
                0x0000000008003068       0x64 ./FATFS/Target/LOS_D_sd_spi.o
 .text.SD_TxDataBlock
                0x00000000080030cc       0x86 ./FATFS/Target/LOS_D_sd_spi.o
 .text.SD_SendCmd
                0x0000000008003152       0xa8 ./FATFS/Target/LOS_D_sd_spi.o
 *fill*         0x00000000080031fa        0x2 
 .text.LOS_DRV_SD_SPI_initialize
                0x00000000080031fc      0x1f0 ./FATFS/Target/LOS_D_sd_spi.o
                0x00000000080031fc                LOS_DRV_SD_SPI_initialize
 .text.LOS_DRV_SD_SPI_status
                0x00000000080033ec       0x2c ./FATFS/Target/LOS_D_sd_spi.o
                0x00000000080033ec                LOS_DRV_SD_SPI_status
 .text.LOS_DRV_SD_SPI_read
                0x0000000008003418       0xd4 ./FATFS/Target/LOS_D_sd_spi.o
                0x0000000008003418                LOS_DRV_SD_SPI_read
 .text.LOS_DRV_SD_SPI_write
                0x00000000080034ec      0x108 ./FATFS/Target/LOS_D_sd_spi.o
                0x00000000080034ec                LOS_DRV_SD_SPI_write
 .text.LOS_DRV_SD_SPI_ioctl
                0x00000000080035f4      0x258 ./FATFS/Target/LOS_D_sd_spi.o
                0x00000000080035f4                LOS_DRV_SD_SPI_ioctl
 .text.USER_initialize
                0x000000000800384c       0x1c ./FATFS/Target/user_diskio.o
                0x000000000800384c                USER_initialize
 .text.USER_status
                0x0000000008003868       0x1c ./FATFS/Target/user_diskio.o
                0x0000000008003868                USER_status
 .text.USER_read
                0x0000000008003884       0x26 ./FATFS/Target/user_diskio.o
                0x0000000008003884                USER_read
 .text.USER_write
                0x00000000080038aa       0x26 ./FATFS/Target/user_diskio.o
                0x00000000080038aa                USER_write
 .text.USER_ioctl
                0x00000000080038d0       0x26 ./FATFS/Target/user_diskio.o
                0x00000000080038d0                USER_ioctl
 *fill*         0x00000000080038f6        0x2 
 .text.disk_status
                0x00000000080038f8       0x34 ./Middlewares/Third_Party/FatFs/src/diskio.o
                0x00000000080038f8                disk_status
 .text.disk_initialize
                0x000000000800392c       0x4c ./Middlewares/Third_Party/FatFs/src/diskio.o
                0x000000000800392c                disk_initialize
 .text.disk_read
                0x0000000008003978       0x40 ./Middlewares/Third_Party/FatFs/src/diskio.o
                0x0000000008003978                disk_read
 .text.disk_write
                0x00000000080039b8       0x40 ./Middlewares/Third_Party/FatFs/src/diskio.o
                0x00000000080039b8                disk_write
 .text.disk_ioctl
                0x00000000080039f8       0x3c ./Middlewares/Third_Party/FatFs/src/diskio.o
                0x00000000080039f8                disk_ioctl
 .text.ld_word  0x0000000008003a34       0x30 ./Middlewares/Third_Party/FatFs/src/ff.o
 .text.ld_dword
                0x0000000008003a64       0x46 ./Middlewares/Third_Party/FatFs/src/ff.o
 .text.st_word  0x0000000008003aaa       0x36 ./Middlewares/Third_Party/FatFs/src/ff.o
 .text.st_dword
                0x0000000008003ae0       0x58 ./Middlewares/Third_Party/FatFs/src/ff.o
 .text.mem_cpy  0x0000000008003b38       0x42 ./Middlewares/Third_Party/FatFs/src/ff.o
 .text.mem_set  0x0000000008003b7a       0x36 ./Middlewares/Third_Party/FatFs/src/ff.o
 .text.mem_cmp  0x0000000008003bb0       0x4e ./Middlewares/Third_Party/FatFs/src/ff.o
 .text.chk_chr  0x0000000008003bfe       0x36 ./Middlewares/Third_Party/FatFs/src/ff.o
 .text.chk_lock
                0x0000000008003c34       0xb8 ./Middlewares/Third_Party/FatFs/src/ff.o
 .text.enq_lock
                0x0000000008003cec       0x44 ./Middlewares/Third_Party/FatFs/src/ff.o
 .text.inc_lock
                0x0000000008003d30      0x11c ./Middlewares/Third_Party/FatFs/src/ff.o
 .text.dec_lock
                0x0000000008003e4c       0x78 ./Middlewares/Third_Party/FatFs/src/ff.o
 .text.clear_lock
                0x0000000008003ec4       0x48 ./Middlewares/Third_Party/FatFs/src/ff.o
 .text.sync_window
                0x0000000008003f0c       0x88 ./Middlewares/Third_Party/FatFs/src/ff.o
 .text.move_window
                0x0000000008003f94       0x5a ./Middlewares/Third_Party/FatFs/src/ff.o
 *fill*         0x0000000008003fee        0x2 
 .text.sync_fs  0x0000000008003ff0       0xdc ./Middlewares/Third_Party/FatFs/src/ff.o
 .text.clust2sect
                0x00000000080040cc       0x3e ./Middlewares/Third_Party/FatFs/src/ff.o
 .text.get_fat  0x000000000800410a      0x150 ./Middlewares/Third_Party/FatFs/src/ff.o
 .text.put_fat  0x000000000800425a      0x1d8 ./Middlewares/Third_Party/FatFs/src/ff.o
 .text.remove_chain
                0x0000000008004432       0xca ./Middlewares/Third_Party/FatFs/src/ff.o
 .text.create_chain
                0x00000000080044fc      0x130 ./Middlewares/Third_Party/FatFs/src/ff.o
 .text.clmt_clust
                0x000000000800462c       0x68 ./Middlewares/Third_Party/FatFs/src/ff.o
 .text.dir_sdi  0x0000000008004694       0xf6 ./Middlewares/Third_Party/FatFs/src/ff.o
 .text.dir_next
                0x000000000800478a      0x18a ./Middlewares/Third_Party/FatFs/src/ff.o
 .text.dir_alloc
                0x0000000008004914       0x8e ./Middlewares/Third_Party/FatFs/src/ff.o
 .text.ld_clust
                0x00000000080049a2       0x3e ./Middlewares/Third_Party/FatFs/src/ff.o
 .text.st_clust
                0x00000000080049e0       0x40 ./Middlewares/Third_Party/FatFs/src/ff.o
 .text.cmp_lfn  0x0000000008004a20       0xe0 ./Middlewares/Third_Party/FatFs/src/ff.o
 .text.put_lfn  0x0000000008004b00       0xd0 ./Middlewares/Third_Party/FatFs/src/ff.o
 .text.gen_numname
                0x0000000008004bd0      0x11c ./Middlewares/Third_Party/FatFs/src/ff.o
 .text.sum_sfn  0x0000000008004cec       0x42 ./Middlewares/Third_Party/FatFs/src/ff.o
 .text.dir_find
                0x0000000008004d2e      0x180 ./Middlewares/Third_Party/FatFs/src/ff.o
 *fill*         0x0000000008004eae        0x2 
 .text.dir_register
                0x0000000008004eb0      0x1f0 ./Middlewares/Third_Party/FatFs/src/ff.o
 .text.create_name
                0x00000000080050a0      0x370 ./Middlewares/Third_Party/FatFs/src/ff.o
 .text.follow_path
                0x0000000008005410       0xe2 ./Middlewares/Third_Party/FatFs/src/ff.o
 .text.get_ldnumber
                0x00000000080054f2       0x88 ./Middlewares/Third_Party/FatFs/src/ff.o
 *fill*         0x000000000800557a        0x2 
 .text.check_fs
                0x000000000800557c       0xac ./Middlewares/Third_Party/FatFs/src/ff.o
 .text.find_volume
                0x0000000008005628      0x4a0 ./Middlewares/Third_Party/FatFs/src/ff.o
 .text.validate
                0x0000000008005ac8       0x6a ./Middlewares/Third_Party/FatFs/src/ff.o
 *fill*         0x0000000008005b32        0x2 
 .text.f_mount  0x0000000008005b34       0x8c ./Middlewares/Third_Party/FatFs/src/ff.o
                0x0000000008005b34                f_mount
 .text.f_open   0x0000000008005bc0      0x37c ./Middlewares/Third_Party/FatFs/src/ff.o
                0x0000000008005bc0                f_open
 .text.f_read   0x0000000008005f3c      0x27e ./Middlewares/Third_Party/FatFs/src/ff.o
                0x0000000008005f3c                f_read
 .text.f_write  0x00000000080061ba      0x2ea ./Middlewares/Third_Party/FatFs/src/ff.o
                0x00000000080061ba                f_write
 .text.f_sync   0x00000000080064a4       0xfc ./Middlewares/Third_Party/FatFs/src/ff.o
                0x00000000080064a4                f_sync
 .text.f_close  0x00000000080065a0       0x54 ./Middlewares/Third_Party/FatFs/src/ff.o
                0x00000000080065a0                f_close
 .text.f_lseek  0x00000000080065f4      0x412 ./Middlewares/Third_Party/FatFs/src/ff.o
                0x00000000080065f4                f_lseek
 .text.f_gets   0x0000000008006a06       0x7a ./Middlewares/Third_Party/FatFs/src/ff.o
                0x0000000008006a06                f_gets
 .text.putc_bfd
                0x0000000008006a80       0x7a ./Middlewares/Third_Party/FatFs/src/ff.o
 .text.putc_flush
                0x0000000008006afa       0x4a ./Middlewares/Third_Party/FatFs/src/ff.o
 .text.putc_init
                0x0000000008006b44       0x2a ./Middlewares/Third_Party/FatFs/src/ff.o
 .text.f_puts   0x0000000008006b6e       0x48 ./Middlewares/Third_Party/FatFs/src/ff.o
                0x0000000008006b6e                f_puts
 *fill*         0x0000000008006bb6        0x2 
 .text.FATFS_LinkDriverEx
                0x0000000008006bb8       0x98 ./Middlewares/Third_Party/FatFs/src/ff_gen_drv.o
                0x0000000008006bb8                FATFS_LinkDriverEx
 .text.FATFS_LinkDriver
                0x0000000008006c50       0x1e ./Middlewares/Third_Party/FatFs/src/ff_gen_drv.o
                0x0000000008006c50                FATFS_LinkDriver
 *fill*         0x0000000008006c6e        0x2 
 .text.ff_convert
                0x0000000008006c70       0x78 ./Middlewares/Third_Party/FatFs/src/option/ccsbcs.o
                0x0000000008006c70                ff_convert
 .text.ff_wtoupper
                0x0000000008006ce8      0x114 ./Middlewares/Third_Party/FatFs/src/option/ccsbcs.o
                0x0000000008006ce8                ff_wtoupper
 .text._ZdlPvj  0x0000000008006dfc        0x4 c:/st/stm32cubeide_1.10.1/stm32cubeide/plugins/com.st.stm32cube.ide.mcu.externaltools.gnu-tools-for-stm32.10.3-2021.10.win32_1.0.0.202111181127/tools/bin/../lib/gcc/arm-none-eabi/10.3.1/../../../../arm-none-eabi/lib/thumb/v7e-m+fp/hard\libstdc++_nano.a(del_ops.o)
                0x0000000008006dfc                operator delete(void*, unsigned int)
 .text._Znwj    0x0000000008006e00       0x22 c:/st/stm32cubeide_1.10.1/stm32cubeide/plugins/com.st.stm32cube.ide.mcu.externaltools.gnu-tools-for-stm32.10.3-2021.10.win32_1.0.0.202111181127/tools/bin/../lib/gcc/arm-none-eabi/10.3.1/../../../../arm-none-eabi/lib/thumb/v7e-m+fp/hard\libstdc++_nano.a(new_op.o)
                0x0000000008006e00                operator new(unsigned int)
 .text._ZdlPv   0x0000000008006e22        0x4 c:/st/stm32cubeide_1.10.1/stm32cubeide/plugins/com.st.stm32cube.ide.mcu.externaltools.gnu-tools-for-stm32.10.3-2021.10.win32_1.0.0.202111181127/tools/bin/../lib/gcc/arm-none-eabi/10.3.1/../../../../arm-none-eabi/lib/thumb/v7e-m+fp/hard\libstdc++_nano.a(del_op.o)
                0x0000000008006e22                operator delete(void*)
 *fill*         0x0000000008006e26        0x2 
 .text._ZSt15get_new_handlerv
                0x0000000008006e28       0x10 c:/st/stm32cubeide_1.10.1/stm32cubeide/plugins/com.st.stm32cube.ide.mcu.externaltools.gnu-tools-for-stm32.10.3-2021.10.win32_1.0.0.202111181127/tools/bin/../lib/gcc/arm-none-eabi/10.3.1/../../../../arm-none-eabi/lib/thumb/v7e-m+fp/hard\libstdc++_nano.a(new_handler.o)
                0x0000000008006e28                std::get_new_handler()
 .text.abort    0x0000000008006e38        0xe c:/st/stm32cubeide_1.10.1/stm32cubeide/plugins/com.st.stm32cube.ide.mcu.externaltools.gnu-tools-for-stm32.10.3-2021.10.win32_1.0.0.202111181127/tools/bin/../lib/gcc/arm-none-eabi/10.3.1/../../../../arm-none-eabi/lib/thumb/v7e-m+fp/hard\libc_nano.a(lib_a-abort.o)
                0x0000000008006e38                abort
 *fill*         0x0000000008006e46        0x2 
 .text.__errno  0x0000000008006e48        0xc c:/st/stm32cubeide_1.10.1/stm32cubeide/plugins/com.st.stm32cube.ide.mcu.externaltools.gnu-tools-for-stm32.10.3-2021.10.win32_1.0.0.202111181127/tools/bin/../lib/gcc/arm-none-eabi/10.3.1/../../../../arm-none-eabi/lib/thumb/v7e-m+fp/hard\libc_nano.a(lib_a-errno.o)
                0x0000000008006e48                __errno
 .text.__libc_init_array
                0x0000000008006e54       0x48 c:/st/stm32cubeide_1.10.1/stm32cubeide/plugins/com.st.stm32cube.ide.mcu.externaltools.gnu-tools-for-stm32.10.3-2021.10.win32_1.0.0.202111181127/tools/bin/../lib/gcc/arm-none-eabi/10.3.1/../../../../arm-none-eabi/lib/thumb/v7e-m+fp/hard\libc_nano.a(lib_a-init.o)
                0x0000000008006e54                __libc_init_array
 .text.malloc   0x0000000008006e9c       0x10 c:/st/stm32cubeide_1.10.1/stm32cubeide/plugins/com.st.stm32cube.ide.mcu.externaltools.gnu-tools-for-stm32.10.3-2021.10.win32_1.0.0.202111181127/tools/bin/../lib/gcc/arm-none-eabi/10.3.1/../../../../arm-none-eabi/lib/thumb/v7e-m+fp/hard\libc_nano.a(lib_a-malloc.o)
                0x0000000008006e9c                malloc
 .text.free     0x0000000008006eac       0x10 c:/st/stm32cubeide_1.10.1/stm32cubeide/plugins/com.st.stm32cube.ide.mcu.externaltools.gnu-tools-for-stm32.10.3-2021.10.win32_1.0.0.202111181127/tools/bin/../lib/gcc/arm-none-eabi/10.3.1/../../../../arm-none-eabi/lib/thumb/v7e-m+fp/hard\libc_nano.a(lib_a-malloc.o)
                0x0000000008006eac                free
 .text.memset   0x0000000008006ebc       0x10 c:/st/stm32cubeide_1.10.1/stm32cubeide/plugins/com.st.stm32cube.ide.mcu.externaltools.gnu-tools-for-stm32.10.3-2021.10.win32_1.0.0.202111181127/tools/bin/../lib/gcc/arm-none-eabi/10.3.1/../../../../arm-none-eabi/lib/thumb/v7e-m+fp/hard\libc_nano.a(lib_a-memset.o)
                0x0000000008006ebc                memset
 .text._free_r  0x0000000008006ecc       0x98 c:/st/stm32cubeide_1.10.1/stm32cubeide/plugins/com.st.stm32cube.ide.mcu.externaltools.gnu-tools-for-stm32.10.3-2021.10.win32_1.0.0.202111181127/tools/bin/../lib/gcc/arm-none-eabi/10.3.1/../../../../arm-none-eabi/lib/thumb/v7e-m+fp/hard\libc_nano.a(lib_a-nano-freer.o)
                0x0000000008006ecc                _free_r
 .text.sbrk_aligned
                0x0000000008006f64       0x40 c:/st/stm32cubeide_1.10.1/stm32cubeide/plugins/com.st.stm32cube.ide.mcu.externaltools.gnu-tools-for-stm32.10.3-2021.10.win32_1.0.0.202111181127/tools/bin/../lib/gcc/arm-none-eabi/10.3.1/../../../../arm-none-eabi/lib/thumb/v7e-m+fp/hard\libc_nano.a(lib_a-nano-mallocr.o)
 .text._malloc_r
                0x0000000008006fa4       0xe8 c:/st/stm32cubeide_1.10.1/stm32cubeide/plugins/com.st.stm32cube.ide.mcu.externaltools.gnu-tools-for-stm32.10.3-2021.10.win32_1.0.0.202111181127/tools/bin/../lib/gcc/arm-none-eabi/10.3.1/../../../../arm-none-eabi/lib/thumb/v7e-m+fp/hard\libc_nano.a(lib_a-nano-mallocr.o)
                0x0000000008006fa4                _malloc_r
 .text._sbrk_r  0x000000000800708c       0x20 c:/st/stm32cubeide_1.10.1/stm32cubeide/plugins/com.st.stm32cube.ide.mcu.externaltools.gnu-tools-for-stm32.10.3-2021.10.win32_1.0.0.202111181127/tools/bin/../lib/gcc/arm-none-eabi/10.3.1/../../../../arm-none-eabi/lib/thumb/v7e-m+fp/hard\libc_nano.a(lib_a-sbrkr.o)
                0x000000000800708c                _sbrk_r
 .text._raise_r
                0x00000000080070ac       0x50 c:/st/stm32cubeide_1.10.1/stm32cubeide/plugins/com.st.stm32cube.ide.mcu.externaltools.gnu-tools-for-stm32.10.3-2021.10.win32_1.0.0.202111181127/tools/bin/../lib/gcc/arm-none-eabi/10.3.1/../../../../arm-none-eabi/lib/thumb/v7e-m+fp/hard\libc_nano.a(lib_a-signal.o)
                0x00000000080070ac                _raise_r
 .text.raise    0x00000000080070fc       0x10 c:/st/stm32cubeide_1.10.1/stm32cubeide/plugins/com.st.stm32cube.ide.mcu.externaltools.gnu-tools-for-stm32.10.3-2021.10.win32_1.0.0.202111181127/tools/bin/../lib/gcc/arm-none-eabi/10.3.1/../../../../arm-none-eabi/lib/thumb/v7e-m+fp/hard\libc_nano.a(lib_a-signal.o)
                0x00000000080070fc                raise
 .text._kill_r  0x000000000800710c       0x24 c:/st/stm32cubeide_1.10.1/stm32cubeide/plugins/com.st.stm32cube.ide.mcu.externaltools.gnu-tools-for-stm32.10.3-2021.10.win32_1.0.0.202111181127/tools/bin/../lib/gcc/arm-none-eabi/10.3.1/../../../../arm-none-eabi/lib/thumb/v7e-m+fp/hard\libc_nano.a(lib_a-signalr.o)
                0x000000000800710c                _kill_r
 .text._getpid_r
                0x0000000008007130        0x4 c:/st/stm32cubeide_1.10.1/stm32cubeide/plugins/com.st.stm32cube.ide.mcu.externaltools.gnu-tools-for-stm32.10.3-2021.10.win32_1.0.0.202111181127/tools/bin/../lib/gcc/arm-none-eabi/10.3.1/../../../../arm-none-eabi/lib/thumb/v7e-m+fp/hard\libc_nano.a(lib_a-signalr.o)
                0x0000000008007130                _getpid_r
 .text.sprintf  0x0000000008007134       0x40 c:/st/stm32cubeide_1.10.1/stm32cubeide/plugins/com.st.stm32cube.ide.mcu.externaltools.gnu-tools-for-stm32.10.3-2021.10.win32_1.0.0.202111181127/tools/bin/../lib/gcc/arm-none-eabi/10.3.1/../../../../arm-none-eabi/lib/thumb/v7e-m+fp/hard\libc_nano.a(lib_a-sprintf.o)
                0x0000000008007134                siprintf
                0x0000000008007134                sprintf
 .text._vsnprintf_r
                0x0000000008007174       0x56 c:/st/stm32cubeide_1.10.1/stm32cubeide/plugins/com.st.stm32cube.ide.mcu.externaltools.gnu-tools-for-stm32.10.3-2021.10.win32_1.0.0.202111181127/tools/bin/../lib/gcc/arm-none-eabi/10.3.1/../../../../arm-none-eabi/lib/thumb/v7e-m+fp/hard\libc_nano.a(lib_a-vsnprintf.o)
                0x0000000008007174                _vsniprintf_r
                0x0000000008007174                _vsnprintf_r
 *fill*         0x00000000080071ca        0x2 
 .text.vsnprintf
                0x00000000080071cc       0x1c c:/st/stm32cubeide_1.10.1/stm32cubeide/plugins/com.st.stm32cube.ide.mcu.externaltools.gnu-tools-for-stm32.10.3-2021.10.win32_1.0.0.202111181127/tools/bin/../lib/gcc/arm-none-eabi/10.3.1/../../../../arm-none-eabi/lib/thumb/v7e-m+fp/hard\libc_nano.a(lib_a-vsnprintf.o)
                0x00000000080071cc                vsniprintf
                0x00000000080071cc                vsnprintf
 .text.__malloc_lock
                0x00000000080071e8        0xc c:/st/stm32cubeide_1.10.1/stm32cubeide/plugins/com.st.stm32cube.ide.mcu.externaltools.gnu-tools-for-stm32.10.3-2021.10.win32_1.0.0.202111181127/tools/bin/../lib/gcc/arm-none-eabi/10.3.1/../../../../arm-none-eabi/lib/thumb/v7e-m+fp/hard\libc_nano.a(lib_a-mlock.o)
                0x00000000080071e8                __malloc_lock
 .text.__malloc_unlock
                0x00000000080071f4        0xc c:/st/stm32cubeide_1.10.1/stm32cubeide/plugins/com.st.stm32cube.ide.mcu.externaltools.gnu-tools-for-stm32.10.3-2021.10.win32_1.0.0.202111181127/tools/bin/../lib/gcc/arm-none-eabi/10.3.1/../../../../arm-none-eabi/lib/thumb/v7e-m+fp/hard\libc_nano.a(lib_a-mlock.o)
                0x00000000080071f4                __malloc_unlock
 .text.__ssputs_r
                0x0000000008007200       0xb6 c:/st/stm32cubeide_1.10.1/stm32cubeide/plugins/com.st.stm32cube.ide.mcu.externaltools.gnu-tools-for-stm32.10.3-2021.10.win32_1.0.0.202111181127/tools/bin/../lib/gcc/arm-none-eabi/10.3.1/../../../../arm-none-eabi/lib/thumb/v7e-m+fp/hard\libc_nano.a(lib_a-nano-svfprintf.o)
                0x0000000008007200                __ssputs_r
 *fill*         0x00000000080072b6        0x2 
 .text._svfprintf_r
                0x00000000080072b8      0x200 c:/st/stm32cubeide_1.10.1/stm32cubeide/plugins/com.st.stm32cube.ide.mcu.externaltools.gnu-tools-for-stm32.10.3-2021.10.win32_1.0.0.202111181127/tools/bin/../lib/gcc/arm-none-eabi/10.3.1/../../../../arm-none-eabi/lib/thumb/v7e-m+fp/hard\libc_nano.a(lib_a-nano-svfprintf.o)
                0x00000000080072b8                _svfiprintf_r
                0x00000000080072b8                _svfprintf_r
 .text._printf_common
                0x00000000080074b8       0xda c:/st/stm32cubeide_1.10.1/stm32cubeide/plugins/com.st.stm32cube.ide.mcu.externaltools.gnu-tools-for-stm32.10.3-2021.10.win32_1.0.0.202111181127/tools/bin/../lib/gcc/arm-none-eabi/10.3.1/../../../../arm-none-eabi/lib/thumb/v7e-m+fp/hard\libc_nano.a(lib_a-nano-vfprintf_i.o)
                0x00000000080074b8                _printf_common
 *fill*         0x0000000008007592        0x2 
 .text._printf_i
                0x0000000008007594      0x24c c:/st/stm32cubeide_1.10.1/stm32cubeide/plugins/com.st.stm32cube.ide.mcu.externaltools.gnu-tools-for-stm32.10.3-2021.10.win32_1.0.0.202111181127/tools/bin/../lib/gcc/arm-none-eabi/10.3.1/../../../../arm-none-eabi/lib/thumb/v7e-m+fp/hard\libc_nano.a(lib_a-nano-vfprintf_i.o)
                0x0000000008007594                _printf_i
 .text.__retarget_lock_acquire_recursive
                0x00000000080077e0        0x2 c:/st/stm32cubeide_1.10.1/stm32cubeide/plugins/com.st.stm32cube.ide.mcu.externaltools.gnu-tools-for-stm32.10.3-2021.10.win32_1.0.0.202111181127/tools/bin/../lib/gcc/arm-none-eabi/10.3.1/../../../../arm-none-eabi/lib/thumb/v7e-m+fp/hard\libc_nano.a(lib_a-lock.o)
                0x00000000080077e0                __retarget_lock_acquire_recursive
 .text.__retarget_lock_release_recursive
                0x00000000080077e2        0x2 c:/st/stm32cubeide_1.10.1/stm32cubeide/plugins/com.st.stm32cube.ide.mcu.externaltools.gnu-tools-for-stm32.10.3-2021.10.win32_1.0.0.202111181127/tools/bin/../lib/gcc/arm-none-eabi/10.3.1/../../../../arm-none-eabi/lib/thumb/v7e-m+fp/hard\libc_nano.a(lib_a-lock.o)
                0x00000000080077e2                __retarget_lock_release_recursive
 .text.memcpy   0x00000000080077e4       0x1c c:/st/stm32cubeide_1.10.1/stm32cubeide/plugins/com.st.stm32cube.ide.mcu.externaltools.gnu-tools-for-stm32.10.3-2021.10.win32_1.0.0.202111181127/tools/bin/../lib/gcc/arm-none-eabi/10.3.1/../../../../arm-none-eabi/lib/thumb/v7e-m+fp/hard\libc_nano.a(lib_a-memcpy-stub.o)
                0x00000000080077e4                memcpy
 .text.memmove  0x0000000008007800       0x34 c:/st/stm32cubeide_1.10.1/stm32cubeide/plugins/com.st.stm32cube.ide.mcu.externaltools.gnu-tools-for-stm32.10.3-2021.10.win32_1.0.0.202111181127/tools/bin/../lib/gcc/arm-none-eabi/10.3.1/../../../../arm-none-eabi/lib/thumb/v7e-m+fp/hard\libc_nano.a(lib_a-memmove.o)
                0x0000000008007800                memmove
 .text._realloc_r
                0x0000000008007834       0x5e c:/st/stm32cubeide_1.10.1/stm32cubeide/plugins/com.st.stm32cube.ide.mcu.externaltools.gnu-tools-for-stm32.10.3-2021.10.win32_1.0.0.202111181127/tools/bin/../lib/gcc/arm-none-eabi/10.3.1/../../../../arm-none-eabi/lib/thumb/v7e-m+fp/hard\libc_nano.a(lib_a-nano-reallocr.o)
                0x0000000008007834                _realloc_r
 .text._malloc_usable_size_r
                0x0000000008007892       0x10 c:/st/stm32cubeide_1.10.1/stm32cubeide/plugins/com.st.stm32cube.ide.mcu.externaltools.gnu-tools-for-stm32.10.3-2021.10.win32_1.0.0.202111181127/tools/bin/../lib/gcc/arm-none-eabi/10.3.1/../../../../arm-none-eabi/lib/thumb/v7e-m+fp/hard\libc_nano.a(lib_a-nano-msizer.o)
                0x0000000008007892                _malloc_usable_size_r
 *(.glue_7)
 .glue_7        0x00000000080078a2        0x0 linker stubs
 *(.glue_7t)
 .glue_7t       0x00000000080078a2        0x0 linker stubs
 *(.eh_frame)
 *fill*         0x00000000080078a2        0x2 
 .eh_frame      0x00000000080078a4        0x0 c:/st/stm32cubeide_1.10.1/stm32cubeide/plugins/com.st.stm32cube.ide.mcu.externaltools.gnu-tools-for-stm32.10.3-2021.10.win32_1.0.0.202111181127/tools/bin/../lib/gcc/arm-none-eabi/10.3.1/thumb/v7e-m+fp/hard/crtbegin.o
 *(.init)
 .init          0x00000000080078a4        0x4 c:/st/stm32cubeide_1.10.1/stm32cubeide/plugins/com.st.stm32cube.ide.mcu.externaltools.gnu-tools-for-stm32.10.3-2021.10.win32_1.0.0.202111181127/tools/bin/../lib/gcc/arm-none-eabi/10.3.1/thumb/v7e-m+fp/hard/crti.o
                0x00000000080078a4                _init
 .init          0x00000000080078a8        0x8 c:/st/stm32cubeide_1.10.1/stm32cubeide/plugins/com.st.stm32cube.ide.mcu.externaltools.gnu-tools-for-stm32.10.3-2021.10.win32_1.0.0.202111181127/tools/bin/../lib/gcc/arm-none-eabi/10.3.1/thumb/v7e-m+fp/hard/crtn.o
 *(.fini)
 .fini          0x00000000080078b0        0x4 c:/st/stm32cubeide_1.10.1/stm32cubeide/plugins/com.st.stm32cube.ide.mcu.externaltools.gnu-tools-for-stm32.10.3-2021.10.win32_1.0.0.202111181127/tools/bin/../lib/gcc/arm-none-eabi/10.3.1/thumb/v7e-m+fp/hard/crti.o
                0x00000000080078b0                _fini
 .fini          0x00000000080078b4        0x8 c:/st/stm32cubeide_1.10.1/stm32cubeide/plugins/com.st.stm32cube.ide.mcu.externaltools.gnu-tools-for-stm32.10.3-2021.10.win32_1.0.0.202111181127/tools/bin/../lib/gcc/arm-none-eabi/10.3.1/thumb/v7e-m+fp/hard/crtn.o
                0x00000000080078bc                . = ALIGN (0x4)
                0x00000000080078bc                _etext = .

.vfp11_veneer   0x00000000080078bc        0x0
 .vfp11_veneer  0x00000000080078bc        0x0 linker stubs

.v4_bx          0x00000000080078bc        0x0
 .v4_bx         0x00000000080078bc        0x0 linker stubs

.iplt           0x00000000080078bc        0x0
 .iplt          0x00000000080078bc        0x0 c:/st/stm32cubeide_1.10.1/stm32cubeide/plugins/com.st.stm32cube.ide.mcu.externaltools.gnu-tools-for-stm32.10.3-2021.10.win32_1.0.0.202111181127/tools/bin/../lib/gcc/arm-none-eabi/10.3.1/thumb/v7e-m+fp/hard/crtbegin.o

.rodata         0x00000000080078bc      0x554
                0x00000000080078bc                . = ALIGN (0x4)
 *(.rodata)
 .rodata        0x00000000080078bc       0x20 ./Core/Src/LOS_D_sd.o
 .rodata        0x00000000080078dc       0x5f ./Core/Src/main.o
 *fill*         0x000000000800793b        0x1 
 .rodata        0x000000000800793c       0x48 ./Middlewares/Third_Party/FatFs/src/ff.o
 *(.rodata*)
 .rodata.AHBPrescTable
                0x0000000008007984       0x10 ./Core/Src/system_stm32f4xx.o
                0x0000000008007984                AHBPrescTable
 .rodata.APBPrescTable
                0x0000000008007994        0x8 ./Core/Src/system_stm32f4xx.o
                0x0000000008007994                APBPrescTable
 .rodata.ExCvt  0x000000000800799c       0x80 ./Middlewares/Third_Party/FatFs/src/ff.o
 .rodata.LfnOfs
                0x0000000008007a1c        0xd ./Middlewares/Third_Party/FatFs/src/ff.o
 *fill*         0x0000000008007a29        0x3 
 .rodata.Tbl    0x0000000008007a2c      0x100 ./Middlewares/Third_Party/FatFs/src/option/ccsbcs.o
 .rodata.cvt1.1
                0x0000000008007b2c      0x1f2 ./Middlewares/Third_Party/FatFs/src/option/ccsbcs.o
 *fill*         0x0000000008007d1e        0x2 
 .rodata.cvt2.0
                0x0000000008007d20       0xbc ./Middlewares/Third_Party/FatFs/src/option/ccsbcs.o
 .rodata._svfprintf_r.str1.1
                0x0000000008007ddc       0x11 c:/st/stm32cubeide_1.10.1/stm32cubeide/plugins/com.st.stm32cube.ide.mcu.externaltools.gnu-tools-for-stm32.10.3-2021.10.win32_1.0.0.202111181127/tools/bin/../lib/gcc/arm-none-eabi/10.3.1/../../../../arm-none-eabi/lib/thumb/v7e-m+fp/hard\libc_nano.a(lib_a-nano-svfprintf.o)
 .rodata._printf_i.str1.1
                0x0000000008007ded       0x22 c:/st/stm32cubeide_1.10.1/stm32cubeide/plugins/com.st.stm32cube.ide.mcu.externaltools.gnu-tools-for-stm32.10.3-2021.10.win32_1.0.0.202111181127/tools/bin/../lib/gcc/arm-none-eabi/10.3.1/../../../../arm-none-eabi/lib/thumb/v7e-m+fp/hard\libc_nano.a(lib_a-nano-vfprintf_i.o)
                0x0000000008007e10                . = ALIGN (0x4)
 *fill*         0x0000000008007e0f        0x1 

.ARM.extab      0x0000000008007e10        0x0
                0x0000000008007e10                . = ALIGN (0x4)
 *(.ARM.extab* .gnu.linkonce.armextab.*)
                0x0000000008007e10                . = ALIGN (0x4)

.ARM            0x0000000008007e10        0x8
                0x0000000008007e10                . = ALIGN (0x4)
                0x0000000008007e10                __exidx_start = .
 *(.ARM.exidx*)
 .ARM.exidx     0x0000000008007e10        0x8 c:/st/stm32cubeide_1.10.1/stm32cubeide/plugins/com.st.stm32cube.ide.mcu.externaltools.gnu-tools-for-stm32.10.3-2021.10.win32_1.0.0.202111181127/tools/bin/../lib/gcc/arm-none-eabi/10.3.1/thumb/v7e-m+fp/hard\libgcc.a(_udivmoddi4.o)
                0x0000000008007e18                __exidx_end = .
                0x0000000008007e18                . = ALIGN (0x4)

.rel.dyn        0x0000000008007e18        0x0
 .rel.iplt      0x0000000008007e18        0x0 c:/st/stm32cubeide_1.10.1/stm32cubeide/plugins/com.st.stm32cube.ide.mcu.externaltools.gnu-tools-for-stm32.10.3-2021.10.win32_1.0.0.202111181127/tools/bin/../lib/gcc/arm-none-eabi/10.3.1/thumb/v7e-m+fp/hard/crtbegin.o

.preinit_array  0x0000000008007e18        0x0
                0x0000000008007e18                . = ALIGN (0x4)
                0x0000000008007e18                PROVIDE (__preinit_array_start = .)
 *(.preinit_array*)
                0x0000000008007e18                PROVIDE (__preinit_array_end = .)
                0x0000000008007e18                . = ALIGN (0x4)

.init_array     0x0000000008007e18        0x4
                0x0000000008007e18                . = ALIGN (0x4)
                0x0000000008007e18                PROVIDE (__init_array_start = .)
 *(SORT_BY_NAME(.init_array.*))
 *(.init_array*)
 .init_array    0x0000000008007e18        0x4 c:/st/stm32cubeide_1.10.1/stm32cubeide/plugins/com.st.stm32cube.ide.mcu.externaltools.gnu-tools-for-stm32.10.3-2021.10.win32_1.0.0.202111181127/tools/bin/../lib/gcc/arm-none-eabi/10.3.1/thumb/v7e-m+fp/hard/crtbegin.o
                0x0000000008007e1c                PROVIDE (__init_array_end = .)
                0x0000000008007e1c                . = ALIGN (0x4)

.fini_array     0x0000000008007e1c        0x4
                0x0000000008007e1c                . = ALIGN (0x4)
                [!provide]                        PROVIDE (__fini_array_start = .)
 *(SORT_BY_NAME(.fini_array.*))
 *(.fini_array*)
 .fini_array    0x0000000008007e1c        0x4 c:/st/stm32cubeide_1.10.1/stm32cubeide/plugins/com.st.stm32cube.ide.mcu.externaltools.gnu-tools-for-stm32.10.3-2021.10.win32_1.0.0.202111181127/tools/bin/../lib/gcc/arm-none-eabi/10.3.1/thumb/v7e-m+fp/hard/crtbegin.o
                [!provide]                        PROVIDE (__fini_array_end = .)
                0x0000000008007e20                . = ALIGN (0x4)
                0x0000000008007e20                _sidata = LOADADDR (.data)

.data           0x0000000020000000       0x84 load address 0x0000000008007e20
                0x0000000020000000                . = ALIGN (0x4)
                0x0000000020000000                _sdata = .
 *(.data)
 *(.data*)
 .data.SystemCoreClock
                0x0000000020000000        0x4 ./Core/Src/system_stm32f4xx.o
                0x0000000020000000                SystemCoreClock
 .data.uwTickPrio
                0x0000000020000004        0x4 ./Drivers/STM32F4xx_HAL_Driver/Src/stm32f4xx_hal.o
                0x0000000020000004                uwTickPrio
 .data.uwTickFreq
                0x0000000020000008        0x1 ./Drivers/STM32F4xx_HAL_Driver/Src/stm32f4xx_hal.o
                0x0000000020000008                uwTickFreq
 .data.Stat     0x0000000020000009        0x1 ./FATFS/Target/LOS_D_sd_spi.o
 *fill*         0x000000002000000a        0x2 
 .data.USER_Driver
                0x000000002000000c       0x14 ./FATFS/Target/user_diskio.o
                0x000000002000000c                USER_Driver
 .data._impure_ptr
                0x0000000020000020        0x4 c:/st/stm32cubeide_1.10.1/stm32cubeide/plugins/com.st.stm32cube.ide.mcu.externaltools.gnu-tools-for-stm32.10.3-2021.10.win32_1.0.0.202111181127/tools/bin/../lib/gcc/arm-none-eabi/10.3.1/../../../../arm-none-eabi/lib/thumb/v7e-m+fp/hard\libc_nano.a(lib_a-impure.o)
                0x0000000020000020                _impure_ptr
 .data.impure_data
                0x0000000020000024       0x60 c:/st/stm32cubeide_1.10.1/stm32cubeide/plugins/com.st.stm32cube.ide.mcu.externaltools.gnu-tools-for-stm32.10.3-2021.10.win32_1.0.0.202111181127/tools/bin/../lib/gcc/arm-none-eabi/10.3.1/../../../../arm-none-eabi/lib/thumb/v7e-m+fp/hard\libc_nano.a(lib_a-impure.o)
 *(.RamFunc)
 *(.RamFunc*)
                0x0000000020000084                . = ALIGN (0x4)
                0x0000000020000084                _edata = .

.igot.plt       0x0000000020000084        0x0 load address 0x0000000008007ea4
 .igot.plt      0x0000000020000084        0x0 c:/st/stm32cubeide_1.10.1/stm32cubeide/plugins/com.st.stm32cube.ide.mcu.externaltools.gnu-tools-for-stm32.10.3-2021.10.win32_1.0.0.202111181127/tools/bin/../lib/gcc/arm-none-eabi/10.3.1/thumb/v7e-m+fp/hard/crtbegin.o
                0x0000000020000084                . = ALIGN (0x4)

.bss            0x0000000020000084      0x414 load address 0x0000000008007ea4
                0x0000000020000084                _sbss = .
                0x0000000020000084                __bss_start__ = _sbss
 *(.bss)
 .bss           0x0000000020000084       0x1c c:/st/stm32cubeide_1.10.1/stm32cubeide/plugins/com.st.stm32cube.ide.mcu.externaltools.gnu-tools-for-stm32.10.3-2021.10.win32_1.0.0.202111181127/tools/bin/../lib/gcc/arm-none-eabi/10.3.1/thumb/v7e-m+fp/hard/crtbegin.o
 *(.bss*)
 .bss.hspi2     0x00000000200000a0       0x58 ./Core/Src/main.o
                0x00000000200000a0                hspi2
 .bss.huart2    0x00000000200000f8       0x44 ./Core/Src/main.o
                0x00000000200000f8                huart2
 .bss._ZZ8myprintfPKczE6buffer
                0x000000002000013c      0x100 ./Core/Src/main.o
 .bss.__sbrk_heap_end
                0x000000002000023c        0x4 ./Core/Src/sysmem.o
 .bss.uwTick    0x0000000020000240        0x4 ./Drivers/STM32F4xx_HAL_Driver/Src/stm32f4xx_hal.o
                0x0000000020000240                uwTick
 .bss.retUSER   0x0000000020000244        0x1 ./FATFS/App/fatfs.o
                0x0000000020000244                retUSER
 *fill*         0x0000000020000245        0x3 
 .bss.USERPath  0x0000000020000248        0x4 ./FATFS/App/fatfs.o
                0x0000000020000248                USERPath
 .bss.CardType  0x000000002000024c        0x1 ./FATFS/Target/LOS_D_sd_spi.o
 .bss.PowerFlag
                0x000000002000024d        0x1 ./FATFS/Target/LOS_D_sd_spi.o
 *fill*         0x000000002000024e        0x2 
 .bss.FatFs     0x0000000020000250        0x4 ./Middlewares/Third_Party/FatFs/src/ff.o
 .bss.Fsid      0x0000000020000254        0x2 ./Middlewares/Third_Party/FatFs/src/ff.o
 *fill*         0x0000000020000256        0x2 
 .bss.Files     0x0000000020000258       0x20 ./Middlewares/Third_Party/FatFs/src/ff.o
 .bss.LfnBuf    0x0000000020000278      0x200 ./Middlewares/Third_Party/FatFs/src/ff.o
 .bss.disk      0x0000000020000478        0xc ./Middlewares/Third_Party/FatFs/src/ff_gen_drv.o
                0x0000000020000478                disk
 .bss._ZN12_GLOBAL__N_113__new_handlerE
                0x0000000020000484        0x4 c:/st/stm32cubeide_1.10.1/stm32cubeide/plugins/com.st.stm32cube.ide.mcu.externaltools.gnu-tools-for-stm32.10.3-2021.10.win32_1.0.0.202111181127/tools/bin/../lib/gcc/arm-none-eabi/10.3.1/../../../../arm-none-eabi/lib/thumb/v7e-m+fp/hard\libstdc++_nano.a(new_handler.o)
 .bss.__malloc_free_list
                0x0000000020000488        0x4 c:/st/stm32cubeide_1.10.1/stm32cubeide/plugins/com.st.stm32cube.ide.mcu.externaltools.gnu-tools-for-stm32.10.3-2021.10.win32_1.0.0.202111181127/tools/bin/../lib/gcc/arm-none-eabi/10.3.1/../../../../arm-none-eabi/lib/thumb/v7e-m+fp/hard\libc_nano.a(lib_a-nano-mallocr.o)
                0x0000000020000488                __malloc_free_list
 .bss.__malloc_sbrk_start
                0x000000002000048c        0x4 c:/st/stm32cubeide_1.10.1/stm32cubeide/plugins/com.st.stm32cube.ide.mcu.externaltools.gnu-tools-for-stm32.10.3-2021.10.win32_1.0.0.202111181127/tools/bin/../lib/gcc/arm-none-eabi/10.3.1/../../../../arm-none-eabi/lib/thumb/v7e-m+fp/hard\libc_nano.a(lib_a-nano-mallocr.o)
                0x000000002000048c                __malloc_sbrk_start
 .bss.errno     0x0000000020000490        0x4 c:/st/stm32cubeide_1.10.1/stm32cubeide/plugins/com.st.stm32cube.ide.mcu.externaltools.gnu-tools-for-stm32.10.3-2021.10.win32_1.0.0.202111181127/tools/bin/../lib/gcc/arm-none-eabi/10.3.1/../../../../arm-none-eabi/lib/thumb/v7e-m+fp/hard\libc_nano.a(lib_a-reent.o)
                0x0000000020000490                errno
 .bss.__lock___malloc_recursive_mutex
                0x0000000020000494        0x1 c:/st/stm32cubeide_1.10.1/stm32cubeide/plugins/com.st.stm32cube.ide.mcu.externaltools.gnu-tools-for-stm32.10.3-2021.10.win32_1.0.0.202111181127/tools/bin/../lib/gcc/arm-none-eabi/10.3.1/../../../../arm-none-eabi/lib/thumb/v7e-m+fp/hard\libc_nano.a(lib_a-lock.o)
                0x0000000020000494                __lock___malloc_recursive_mutex
 *(COMMON)
                0x0000000020000498                . = ALIGN (0x4)
 *fill*         0x0000000020000495        0x3 
                0x0000000020000498                _ebss = .
                0x0000000020000498                __bss_end__ = _ebss

._user_heap_stack
                0x0000000020000498      0x600 load address 0x0000000008007ea4
                0x0000000020000498                . = ALIGN (0x8)
                [!provide]                        PROVIDE (end = .)
                0x0000000020000498                PROVIDE (_end = .)
                0x0000000020000698                . = (. + _Min_Heap_Size)
 *fill*         0x0000000020000498      0x200 
                0x0000000020000a98                . = (. + _Min_Stack_Size)
 *fill*         0x0000000020000698      0x400 
                0x0000000020000a98                . = ALIGN (0x8)

/DISCARD/
 libc.a(*)
 libm.a(*)
 libgcc.a(*)

.ARM.attributes
                0x0000000000000000       0x30
 *(.ARM.attributes)
 .ARM.attributes
                0x0000000000000000       0x1e c:/st/stm32cubeide_1.10.1/stm32cubeide/plugins/com.st.stm32cube.ide.mcu.externaltools.gnu-tools-for-stm32.10.3-2021.10.win32_1.0.0.202111181127/tools/bin/../lib/gcc/arm-none-eabi/10.3.1/thumb/v7e-m+fp/hard/crti.o
 .ARM.attributes
                0x000000000000001e       0x34 c:/st/stm32cubeide_1.10.1/stm32cubeide/plugins/com.st.stm32cube.ide.mcu.externaltools.gnu-tools-for-stm32.10.3-2021.10.win32_1.0.0.202111181127/tools/bin/../lib/gcc/arm-none-eabi/10.3.1/thumb/v7e-m+fp/hard/crtbegin.o
 .ARM.attributes
                0x0000000000000052       0x34 ./Core/Src/LOS_D_sd.o
 .ARM.attributes
                0x0000000000000086       0x34 ./Core/Src/main.o
 .ARM.attributes
                0x00000000000000ba       0x34 ./Core/Src/stm32f4xx_hal_msp.o
 .ARM.attributes
                0x00000000000000ee       0x34 ./Core/Src/stm32f4xx_it.o
 .ARM.attributes
                0x0000000000000122       0x34 ./Core/Src/syscalls.o
 .ARM.attributes
                0x0000000000000156       0x34 ./Core/Src/sysmem.o
 .ARM.attributes
                0x000000000000018a       0x34 ./Core/Src/system_stm32f4xx.o
 .ARM.attributes
                0x00000000000001be       0x21 ./Core/Startup/startup_stm32f401retx.o
 .ARM.attributes
                0x00000000000001df       0x34 ./Drivers/STM32F4xx_HAL_Driver/Src/stm32f4xx_hal.o
 .ARM.attributes
                0x0000000000000213       0x34 ./Drivers/STM32F4xx_HAL_Driver/Src/stm32f4xx_hal_cortex.o
 .ARM.attributes
                0x0000000000000247       0x34 ./Drivers/STM32F4xx_HAL_Driver/Src/stm32f4xx_hal_gpio.o
 .ARM.attributes
                0x000000000000027b       0x34 ./Drivers/STM32F4xx_HAL_Driver/Src/stm32f4xx_hal_rcc.o
 .ARM.attributes
                0x00000000000002af       0x34 ./Drivers/STM32F4xx_HAL_Driver/Src/stm32f4xx_hal_spi.o
 .ARM.attributes
                0x00000000000002e3       0x34 ./Drivers/STM32F4xx_HAL_Driver/Src/stm32f4xx_hal_uart.o
 .ARM.attributes
                0x0000000000000317       0x34 ./FATFS/App/fatfs.o
 .ARM.attributes
                0x000000000000034b       0x34 ./FATFS/Target/LOS_D_sd_spi.o
 .ARM.attributes
                0x000000000000037f       0x34 ./FATFS/Target/user_diskio.o
 .ARM.attributes
                0x00000000000003b3       0x34 ./Middlewares/Third_Party/FatFs/src/diskio.o
 .ARM.attributes
                0x00000000000003e7       0x34 ./Middlewares/Third_Party/FatFs/src/ff.o
 .ARM.attributes
                0x000000000000041b       0x34 ./Middlewares/Third_Party/FatFs/src/ff_gen_drv.o
 .ARM.attributes
                0x000000000000044f       0x34 ./Middlewares/Third_Party/FatFs/src/option/ccsbcs.o
 .ARM.attributes
                0x0000000000000483       0x34 c:/st/stm32cubeide_1.10.1/stm32cubeide/plugins/com.st.stm32cube.ide.mcu.externaltools.gnu-tools-for-stm32.10.3-2021.10.win32_1.0.0.202111181127/tools/bin/../lib/gcc/arm-none-eabi/10.3.1/../../../../arm-none-eabi/lib/thumb/v7e-m+fp/hard\libstdc++_nano.a(del_ops.o)
 .ARM.attributes
                0x00000000000004b7       0x34 c:/st/stm32cubeide_1.10.1/stm32cubeide/plugins/com.st.stm32cube.ide.mcu.externaltools.gnu-tools-for-stm32.10.3-2021.10.win32_1.0.0.202111181127/tools/bin/../lib/gcc/arm-none-eabi/10.3.1/../../../../arm-none-eabi/lib/thumb/v7e-m+fp/hard\libstdc++_nano.a(new_op.o)
 .ARM.attributes
                0x00000000000004eb       0x34 c:/st/stm32cubeide_1.10.1/stm32cubeide/plugins/com.st.stm32cube.ide.mcu.externaltools.gnu-tools-for-stm32.10.3-2021.10.win32_1.0.0.202111181127/tools/bin/../lib/gcc/arm-none-eabi/10.3.1/../../../../arm-none-eabi/lib/thumb/v7e-m+fp/hard\libstdc++_nano.a(del_op.o)
 .ARM.attributes
                0x000000000000051f       0x34 c:/st/stm32cubeide_1.10.1/stm32cubeide/plugins/com.st.stm32cube.ide.mcu.externaltools.gnu-tools-for-stm32.10.3-2021.10.win32_1.0.0.202111181127/tools/bin/../lib/gcc/arm-none-eabi/10.3.1/../../../../arm-none-eabi/lib/thumb/v7e-m+fp/hard\libstdc++_nano.a(new_handler.o)
 .ARM.attributes
                0x0000000000000553       0x34 c:/st/stm32cubeide_1.10.1/stm32cubeide/plugins/com.st.stm32cube.ide.mcu.externaltools.gnu-tools-for-stm32.10.3-2021.10.win32_1.0.0.202111181127/tools/bin/../lib/gcc/arm-none-eabi/10.3.1/../../../../arm-none-eabi/lib/thumb/v7e-m+fp/hard\libc_nano.a(lib_a-abort.o)
 .ARM.attributes
                0x0000000000000587       0x34 c:/st/stm32cubeide_1.10.1/stm32cubeide/plugins/com.st.stm32cube.ide.mcu.externaltools.gnu-tools-for-stm32.10.3-2021.10.win32_1.0.0.202111181127/tools/bin/../lib/gcc/arm-none-eabi/10.3.1/../../../../arm-none-eabi/lib/thumb/v7e-m+fp/hard\libc_nano.a(lib_a-errno.o)
 .ARM.attributes
                0x00000000000005bb       0x34 c:/st/stm32cubeide_1.10.1/stm32cubeide/plugins/com.st.stm32cube.ide.mcu.externaltools.gnu-tools-for-stm32.10.3-2021.10.win32_1.0.0.202111181127/tools/bin/../lib/gcc/arm-none-eabi/10.3.1/../../../../arm-none-eabi/lib/thumb/v7e-m+fp/hard\libc_nano.a(lib_a-impure.o)
 .ARM.attributes
                0x00000000000005ef       0x34 c:/st/stm32cubeide_1.10.1/stm32cubeide/plugins/com.st.stm32cube.ide.mcu.externaltools.gnu-tools-for-stm32.10.3-2021.10.win32_1.0.0.202111181127/tools/bin/../lib/gcc/arm-none-eabi/10.3.1/../../../../arm-none-eabi/lib/thumb/v7e-m+fp/hard\libc_nano.a(lib_a-init.o)
 .ARM.attributes
                0x0000000000000623       0x34 c:/st/stm32cubeide_1.10.1/stm32cubeide/plugins/com.st.stm32cube.ide.mcu.externaltools.gnu-tools-for-stm32.10.3-2021.10.win32_1.0.0.202111181127/tools/bin/../lib/gcc/arm-none-eabi/10.3.1/../../../../arm-none-eabi/lib/thumb/v7e-m+fp/hard\libc_nano.a(lib_a-malloc.o)
 .ARM.attributes
                0x0000000000000657       0x34 c:/st/stm32cubeide_1.10.1/stm32cubeide/plugins/com.st.stm32cube.ide.mcu.externaltools.gnu-tools-for-stm32.10.3-2021.10.win32_1.0.0.202111181127/tools/bin/../lib/gcc/arm-none-eabi/10.3.1/../../../../arm-none-eabi/lib/thumb/v7e-m+fp/hard\libc_nano.a(lib_a-memset.o)
 .ARM.attributes
                0x000000000000068b       0x34 c:/st/stm32cubeide_1.10.1/stm32cubeide/plugins/com.st.stm32cube.ide.mcu.externaltools.gnu-tools-for-stm32.10.3-2021.10.win32_1.0.0.202111181127/tools/bin/../lib/gcc/arm-none-eabi/10.3.1/../../../../arm-none-eabi/lib/thumb/v7e-m+fp/hard\libc_nano.a(lib_a-nano-freer.o)
 .ARM.attributes
                0x00000000000006bf       0x34 c:/st/stm32cubeide_1.10.1/stm32cubeide/plugins/com.st.stm32cube.ide.mcu.externaltools.gnu-tools-for-stm32.10.3-2021.10.win32_1.0.0.202111181127/tools/bin/../lib/gcc/arm-none-eabi/10.3.1/../../../../arm-none-eabi/lib/thumb/v7e-m+fp/hard\libc_nano.a(lib_a-nano-mallocr.o)
 .ARM.attributes
                0x00000000000006f3       0x34 c:/st/stm32cubeide_1.10.1/stm32cubeide/plugins/com.st.stm32cube.ide.mcu.externaltools.gnu-tools-for-stm32.10.3-2021.10.win32_1.0.0.202111181127/tools/bin/../lib/gcc/arm-none-eabi/10.3.1/../../../../arm-none-eabi/lib/thumb/v7e-m+fp/hard\libc_nano.a(lib_a-sbrkr.o)
 .ARM.attributes
                0x0000000000000727       0x34 c:/st/stm32cubeide_1.10.1/stm32cubeide/plugins/com.st.stm32cube.ide.mcu.externaltools.gnu-tools-for-stm32.10.3-2021.10.win32_1.0.0.202111181127/tools/bin/../lib/gcc/arm-none-eabi/10.3.1/../../../../arm-none-eabi/lib/thumb/v7e-m+fp/hard\libc_nano.a(lib_a-signal.o)
 .ARM.attributes
                0x000000000000075b       0x34 c:/st/stm32cubeide_1.10.1/stm32cubeide/plugins/com.st.stm32cube.ide.mcu.externaltools.gnu-tools-for-stm32.10.3-2021.10.win32_1.0.0.202111181127/tools/bin/../lib/gcc/arm-none-eabi/10.3.1/../../../../arm-none-eabi/lib/thumb/v7e-m+fp/hard\libc_nano.a(lib_a-signalr.o)
 .ARM.attributes
                0x000000000000078f       0x34 c:/st/stm32cubeide_1.10.1/stm32cubeide/plugins/com.st.stm32cube.ide.mcu.externaltools.gnu-tools-for-stm32.10.3-2021.10.win32_1.0.0.202111181127/tools/bin/../lib/gcc/arm-none-eabi/10.3.1/../../../../arm-none-eabi/lib/thumb/v7e-m+fp/hard\libc_nano.a(lib_a-sprintf.o)
 .ARM.attributes
                0x00000000000007c3       0x1c c:/st/stm32cubeide_1.10.1/stm32cubeide/plugins/com.st.stm32cube.ide.mcu.externaltools.gnu-tools-for-stm32.10.3-2021.10.win32_1.0.0.202111181127/tools/bin/../lib/gcc/arm-none-eabi/10.3.1/../../../../arm-none-eabi/lib/thumb/v7e-m+fp/hard\libc_nano.a(lib_a-strcmp.o)
 .ARM.attributes
                0x00000000000007df       0x17 c:/st/stm32cubeide_1.10.1/stm32cubeide/plugins/com.st.stm32cube.ide.mcu.externaltools.gnu-tools-for-stm32.10.3-2021.10.win32_1.0.0.202111181127/tools/bin/../lib/gcc/arm-none-eabi/10.3.1/../../../../arm-none-eabi/lib/thumb/v7e-m+fp/hard\libc_nano.a(lib_a-strlen.o)
 .ARM.attributes
                0x00000000000007f6       0x34 c:/st/stm32cubeide_1.10.1/stm32cubeide/plugins/com.st.stm32cube.ide.mcu.externaltools.gnu-tools-for-stm32.10.3-2021.10.win32_1.0.0.202111181127/tools/bin/../lib/gcc/arm-none-eabi/10.3.1/../../../../arm-none-eabi/lib/thumb/v7e-m+fp/hard\libc_nano.a(lib_a-vsnprintf.o)
 .ARM.attributes
                0x000000000000082a       0x34 c:/st/stm32cubeide_1.10.1/stm32cubeide/plugins/com.st.stm32cube.ide.mcu.externaltools.gnu-tools-for-stm32.10.3-2021.10.win32_1.0.0.202111181127/tools/bin/../lib/gcc/arm-none-eabi/10.3.1/../../../../arm-none-eabi/lib/thumb/v7e-m+fp/hard\libc_nano.a(lib_a-mlock.o)
 .ARM.attributes
                0x000000000000085e       0x34 c:/st/stm32cubeide_1.10.1/stm32cubeide/plugins/com.st.stm32cube.ide.mcu.externaltools.gnu-tools-for-stm32.10.3-2021.10.win32_1.0.0.202111181127/tools/bin/../lib/gcc/arm-none-eabi/10.3.1/../../../../arm-none-eabi/lib/thumb/v7e-m+fp/hard\libc_nano.a(lib_a-nano-svfprintf.o)
 .ARM.attributes
                0x0000000000000892       0x34 c:/st/stm32cubeide_1.10.1/stm32cubeide/plugins/com.st.stm32cube.ide.mcu.externaltools.gnu-tools-for-stm32.10.3-2021.10.win32_1.0.0.202111181127/tools/bin/../lib/gcc/arm-none-eabi/10.3.1/../../../../arm-none-eabi/lib/thumb/v7e-m+fp/hard\libc_nano.a(lib_a-nano-vfprintf_i.o)
 .ARM.attributes
                0x00000000000008c6       0x34 c:/st/stm32cubeide_1.10.1/stm32cubeide/plugins/com.st.stm32cube.ide.mcu.externaltools.gnu-tools-for-stm32.10.3-2021.10.win32_1.0.0.202111181127/tools/bin/../lib/gcc/arm-none-eabi/10.3.1/../../../../arm-none-eabi/lib/thumb/v7e-m+fp/hard\libc_nano.a(lib_a-reent.o)
 .ARM.attributes
                0x00000000000008fa       0x34 c:/st/stm32cubeide_1.10.1/stm32cubeide/plugins/com.st.stm32cube.ide.mcu.externaltools.gnu-tools-for-stm32.10.3-2021.10.win32_1.0.0.202111181127/tools/bin/../lib/gcc/arm-none-eabi/10.3.1/../../../../arm-none-eabi/lib/thumb/v7e-m+fp/hard\libc_nano.a(lib_a-lock.o)
 .ARM.attributes
                0x000000000000092e       0x1c c:/st/stm32cubeide_1.10.1/stm32cubeide/plugins/com.st.stm32cube.ide.mcu.externaltools.gnu-tools-for-stm32.10.3-2021.10.win32_1.0.0.202111181127/tools/bin/../lib/gcc/arm-none-eabi/10.3.1/../../../../arm-none-eabi/lib/thumb/v7e-m+fp/hard\libc_nano.a(lib_a-memchr.o)
 .ARM.attributes
                0x000000000000094a       0x34 c:/st/stm32cubeide_1.10.1/stm32cubeide/plugins/com.st.stm32cube.ide.mcu.externaltools.gnu-tools-for-stm32.10.3-2021.10.win32_1.0.0.202111181127/tools/bin/../lib/gcc/arm-none-eabi/10.3.1/../../../../arm-none-eabi/lib/thumb/v7e-m+fp/hard\libc_nano.a(lib_a-memcpy-stub.o)
 .ARM.attributes
                0x000000000000097e       0x34 c:/st/stm32cubeide_1.10.1/stm32cubeide/plugins/com.st.stm32cube.ide.mcu.externaltools.gnu-tools-for-stm32.10.3-2021.10.win32_1.0.0.202111181127/tools/bin/../lib/gcc/arm-none-eabi/10.3.1/../../../../arm-none-eabi/lib/thumb/v7e-m+fp/hard\libc_nano.a(lib_a-memmove.o)
 .ARM.attributes
                0x00000000000009b2       0x34 c:/st/stm32cubeide_1.10.1/stm32cubeide/plugins/com.st.stm32cube.ide.mcu.externaltools.gnu-tools-for-stm32.10.3-2021.10.win32_1.0.0.202111181127/tools/bin/../lib/gcc/arm-none-eabi/10.3.1/../../../../arm-none-eabi/lib/thumb/v7e-m+fp/hard\libc_nano.a(lib_a-nano-reallocr.o)
 .ARM.attributes
                0x00000000000009e6       0x34 c:/st/stm32cubeide_1.10.1/stm32cubeide/plugins/com.st.stm32cube.ide.mcu.externaltools.gnu-tools-for-stm32.10.3-2021.10.win32_1.0.0.202111181127/tools/bin/../lib/gcc/arm-none-eabi/10.3.1/../../../../arm-none-eabi/lib/thumb/v7e-m+fp/hard\libc_nano.a(lib_a-nano-msizer.o)
 .ARM.attributes
                0x0000000000000a1a       0x1e c:/st/stm32cubeide_1.10.1/stm32cubeide/plugins/com.st.stm32cube.ide.mcu.externaltools.gnu-tools-for-stm32.10.3-2021.10.win32_1.0.0.202111181127/tools/bin/../lib/gcc/arm-none-eabi/10.3.1/thumb/v7e-m+fp/hard\libgcc.a(_aeabi_uldivmod.o)
 .ARM.attributes
                0x0000000000000a38       0x34 c:/st/stm32cubeide_1.10.1/stm32cubeide/plugins/com.st.stm32cube.ide.mcu.externaltools.gnu-tools-for-stm32.10.3-2021.10.win32_1.0.0.202111181127/tools/bin/../lib/gcc/arm-none-eabi/10.3.1/thumb/v7e-m+fp/hard\libgcc.a(_udivmoddi4.o)
 .ARM.attributes
                0x0000000000000a6c       0x1e c:/st/stm32cubeide_1.10.1/stm32cubeide/plugins/com.st.stm32cube.ide.mcu.externaltools.gnu-tools-for-stm32.10.3-2021.10.win32_1.0.0.202111181127/tools/bin/../lib/gcc/arm-none-eabi/10.3.1/thumb/v7e-m+fp/hard\libgcc.a(_dvmd_tls.o)
 .ARM.attributes
                0x0000000000000a8a       0x1e c:/st/stm32cubeide_1.10.1/stm32cubeide/plugins/com.st.stm32cube.ide.mcu.externaltools.gnu-tools-for-stm32.10.3-2021.10.win32_1.0.0.202111181127/tools/bin/../lib/gcc/arm-none-eabi/10.3.1/thumb/v7e-m+fp/hard/crtn.o
OUTPUT(SD_Card_Driver_F401.elf elf32-littlearm)
LOAD linker stubs
LOAD c:/st/stm32cubeide_1.10.1/stm32cubeide/plugins/com.st.stm32cube.ide.mcu.externaltools.gnu-tools-for-stm32.10.3-2021.10.win32_1.0.0.202111181127/tools/bin/../lib/gcc/arm-none-eabi/10.3.1/../../../../arm-none-eabi/lib/thumb/v7e-m+fp/hard\libc.a
LOAD c:/st/stm32cubeide_1.10.1/stm32cubeide/plugins/com.st.stm32cube.ide.mcu.externaltools.gnu-tools-for-stm32.10.3-2021.10.win32_1.0.0.202111181127/tools/bin/../lib/gcc/arm-none-eabi/10.3.1/../../../../arm-none-eabi/lib/thumb/v7e-m+fp/hard\libm.a
LOAD c:/st/stm32cubeide_1.10.1/stm32cubeide/plugins/com.st.stm32cube.ide.mcu.externaltools.gnu-tools-for-stm32.10.3-2021.10.win32_1.0.0.202111181127/tools/bin/../lib/gcc/arm-none-eabi/10.3.1/thumb/v7e-m+fp/hard\libgcc.a

.debug_info     0x0000000000000000    0x1045f
 .debug_info    0x0000000000000000     0x1255 ./Core/Src/LOS_D_sd.o
 .debug_info    0x0000000000001255     0x1de6 ./Core/Src/main.o
 .debug_info    0x000000000000303b      0xcbc ./Core/Src/stm32f4xx_hal_msp.o
 .debug_info    0x0000000000003cf7      0x121 ./Core/Src/stm32f4xx_it.o
 .debug_info    0x0000000000003e18      0x6e0 ./Core/Src/syscalls.o
 .debug_info    0x00000000000044f8      0x171 ./Core/Src/sysmem.o
 .debug_info    0x0000000000004669      0x54f ./Core/Src/system_stm32f4xx.o
 .debug_info    0x0000000000004bb8       0x22 ./Core/Startup/startup_stm32f401retx.o
 .debug_info    0x0000000000004bda      0x906 ./Drivers/STM32F4xx_HAL_Driver/Src/stm32f4xx_hal.o
 .debug_info    0x00000000000054e0      0xd85 ./Drivers/STM32F4xx_HAL_Driver/Src/stm32f4xx_hal_cortex.o
 .debug_info    0x0000000000006265      0x78e ./Drivers/STM32F4xx_HAL_Driver/Src/stm32f4xx_hal_gpio.o
 .debug_info    0x00000000000069f3      0x98c ./Drivers/STM32F4xx_HAL_Driver/Src/stm32f4xx_hal_rcc.o
 .debug_info    0x000000000000737f     0x1750 ./Drivers/STM32F4xx_HAL_Driver/Src/stm32f4xx_hal_spi.o
 .debug_info    0x0000000000008acf     0x31b4 ./Drivers/STM32F4xx_HAL_Driver/Src/stm32f4xx_hal_uart.o
 .debug_info    0x000000000000bc83      0x519 ./FATFS/App/fatfs.o
 .debug_info    0x000000000000c19c      0xd2e ./FATFS/Target/LOS_D_sd_spi.o
 .debug_info    0x000000000000ceca      0x3d2 ./FATFS/Target/user_diskio.o
 .debug_info    0x000000000000d29c      0x412 ./Middlewares/Third_Party/FatFs/src/diskio.o
 .debug_info    0x000000000000d6ae     0x2842 ./Middlewares/Third_Party/FatFs/src/ff.o
 .debug_info    0x000000000000fef0      0x3a9 ./Middlewares/Third_Party/FatFs/src/ff_gen_drv.o
 .debug_info    0x0000000000010299      0x1c6 ./Middlewares/Third_Party/FatFs/src/option/ccsbcs.o

.debug_abbrev   0x0000000000000000     0x27e3
 .debug_abbrev  0x0000000000000000      0x328 ./Core/Src/LOS_D_sd.o
 .debug_abbrev  0x0000000000000328      0x41d ./Core/Src/main.o
 .debug_abbrev  0x0000000000000745      0x1b0 ./Core/Src/stm32f4xx_hal_msp.o
 .debug_abbrev  0x00000000000008f5       0x74 ./Core/Src/stm32f4xx_it.o
 .debug_abbrev  0x0000000000000969      0x1b3 ./Core/Src/syscalls.o
 .debug_abbrev  0x0000000000000b1c       0xbb ./Core/Src/sysmem.o
 .debug_abbrev  0x0000000000000bd7      0x116 ./Core/Src/system_stm32f4xx.o
 .debug_abbrev  0x0000000000000ced       0x12 ./Core/Startup/startup_stm32f401retx.o
 .debug_abbrev  0x0000000000000cff      0x23e ./Drivers/STM32F4xx_HAL_Driver/Src/stm32f4xx_hal.o
 .debug_abbrev  0x0000000000000f3d      0x316 ./Drivers/STM32F4xx_HAL_Driver/Src/stm32f4xx_hal_cortex.o
 .debug_abbrev  0x0000000000001253      0x1c4 ./Drivers/STM32F4xx_HAL_Driver/Src/stm32f4xx_hal_gpio.o
 .debug_abbrev  0x0000000000001417      0x2aa ./Drivers/STM32F4xx_HAL_Driver/Src/stm32f4xx_hal_rcc.o
 .debug_abbrev  0x00000000000016c1      0x26e ./Drivers/STM32F4xx_HAL_Driver/Src/stm32f4xx_hal_spi.o
 .debug_abbrev  0x000000000000192f      0x305 ./Drivers/STM32F4xx_HAL_Driver/Src/stm32f4xx_hal_uart.o
 .debug_abbrev  0x0000000000001c34      0x15a ./FATFS/App/fatfs.o
 .debug_abbrev  0x0000000000001d8e      0x2bb ./FATFS/Target/LOS_D_sd_spi.o
 .debug_abbrev  0x0000000000002049      0x13f ./FATFS/Target/user_diskio.o
 .debug_abbrev  0x0000000000002188      0x178 ./Middlewares/Third_Party/FatFs/src/diskio.o
 .debug_abbrev  0x0000000000002300      0x271 ./Middlewares/Third_Party/FatFs/src/ff.o
 .debug_abbrev  0x0000000000002571      0x196 ./Middlewares/Third_Party/FatFs/src/ff_gen_drv.o
 .debug_abbrev  0x0000000000002707       0xdc ./Middlewares/Third_Party/FatFs/src/option/ccsbcs.o

.debug_aranges  0x0000000000000000      0xd20
 .debug_aranges
                0x0000000000000000       0x70 ./Core/Src/LOS_D_sd.o
 .debug_aranges
                0x0000000000000070       0x50 ./Core/Src/main.o
 .debug_aranges
                0x00000000000000c0       0x40 ./Core/Src/stm32f4xx_hal_msp.o
 .debug_aranges
                0x0000000000000100       0x60 ./Core/Src/stm32f4xx_it.o
 .debug_aranges
                0x0000000000000160       0xa8 ./Core/Src/syscalls.o
 .debug_aranges
                0x0000000000000208       0x20 ./Core/Src/sysmem.o
 .debug_aranges
                0x0000000000000228       0x28 ./Core/Src/system_stm32f4xx.o
 .debug_aranges
                0x0000000000000250       0x28 ./Core/Startup/startup_stm32f401retx.o
 .debug_aranges
                0x0000000000000278       0xf0 ./Drivers/STM32F4xx_HAL_Driver/Src/stm32f4xx_hal.o
 .debug_aranges
                0x0000000000000368      0x118 ./Drivers/STM32F4xx_HAL_Driver/Src/stm32f4xx_hal_cortex.o
 .debug_aranges
                0x0000000000000480       0x58 ./Drivers/STM32F4xx_HAL_Driver/Src/stm32f4xx_hal_gpio.o
 .debug_aranges
                0x00000000000004d8       0x88 ./Drivers/STM32F4xx_HAL_Driver/Src/stm32f4xx_hal_rcc.o
 .debug_aranges
                0x0000000000000560      0x1d0 ./Drivers/STM32F4xx_HAL_Driver/Src/stm32f4xx_hal_spi.o
 .debug_aranges
                0x0000000000000730      0x200 ./Drivers/STM32F4xx_HAL_Driver/Src/stm32f4xx_hal_uart.o
 .debug_aranges
                0x0000000000000930       0x28 ./FATFS/App/fatfs.o
 .debug_aranges
                0x0000000000000958       0xa8 ./FATFS/Target/LOS_D_sd_spi.o
 .debug_aranges
                0x0000000000000a00       0x40 ./FATFS/Target/user_diskio.o
 .debug_aranges
                0x0000000000000a40       0x48 ./Middlewares/Third_Party/FatFs/src/diskio.o
 .debug_aranges
                0x0000000000000a88      0x230 ./Middlewares/Third_Party/FatFs/src/ff.o
 .debug_aranges
                0x0000000000000cb8       0x40 ./Middlewares/Third_Party/FatFs/src/ff_gen_drv.o
 .debug_aranges
                0x0000000000000cf8       0x28 ./Middlewares/Third_Party/FatFs/src/option/ccsbcs.o

.debug_ranges   0x0000000000000000      0xc08
 .debug_ranges  0x0000000000000000       0x60 ./Core/Src/LOS_D_sd.o
 .debug_ranges  0x0000000000000060       0x40 ./Core/Src/main.o
 .debug_ranges  0x00000000000000a0       0x30 ./Core/Src/stm32f4xx_hal_msp.o
 .debug_ranges  0x00000000000000d0       0x50 ./Core/Src/stm32f4xx_it.o
 .debug_ranges  0x0000000000000120       0x98 ./Core/Src/syscalls.o
 .debug_ranges  0x00000000000001b8       0x10 ./Core/Src/sysmem.o
 .debug_ranges  0x00000000000001c8       0x18 ./Core/Src/system_stm32f4xx.o
 .debug_ranges  0x00000000000001e0       0x20 ./Core/Startup/startup_stm32f401retx.o
 .debug_ranges  0x0000000000000200       0xe0 ./Drivers/STM32F4xx_HAL_Driver/Src/stm32f4xx_hal.o
 .debug_ranges  0x00000000000002e0      0x108 ./Drivers/STM32F4xx_HAL_Driver/Src/stm32f4xx_hal_cortex.o
 .debug_ranges  0x00000000000003e8       0x48 ./Drivers/STM32F4xx_HAL_Driver/Src/stm32f4xx_hal_gpio.o
 .debug_ranges  0x0000000000000430       0x78 ./Drivers/STM32F4xx_HAL_Driver/Src/stm32f4xx_hal_rcc.o
 .debug_ranges  0x00000000000004a8      0x1c0 ./Drivers/STM32F4xx_HAL_Driver/Src/stm32f4xx_hal_spi.o
 .debug_ranges  0x0000000000000668      0x220 ./Drivers/STM32F4xx_HAL_Driver/Src/stm32f4xx_hal_uart.o
 .debug_ranges  0x0000000000000888       0x18 ./FATFS/App/fatfs.o
 .debug_ranges  0x00000000000008a0       0x98 ./FATFS/Target/LOS_D_sd_spi.o
 .debug_ranges  0x0000000000000938       0x30 ./FATFS/Target/user_diskio.o
 .debug_ranges  0x0000000000000968       0x38 ./Middlewares/Third_Party/FatFs/src/diskio.o
 .debug_ranges  0x00000000000009a0      0x220 ./Middlewares/Third_Party/FatFs/src/ff.o
 .debug_ranges  0x0000000000000bc0       0x30 ./Middlewares/Third_Party/FatFs/src/ff_gen_drv.o
 .debug_ranges  0x0000000000000bf0       0x18 ./Middlewares/Third_Party/FatFs/src/option/ccsbcs.o

.debug_macro    0x0000000000000000    0x1b18c
 .debug_macro   0x0000000000000000      0x398 ./Core/Src/LOS_D_sd.o
 .debug_macro   0x0000000000000398      0xb50 ./Core/Src/LOS_D_sd.o
 .debug_macro   0x0000000000000ee8      0x29b ./Core/Src/LOS_D_sd.o
 .debug_macro   0x0000000000001183       0x2e ./Core/Src/LOS_D_sd.o
 .debug_macro   0x00000000000011b1       0x28 ./Core/Src/LOS_D_sd.o
 .debug_macro   0x00000000000011d9       0x1c ./Core/Src/LOS_D_sd.o
 .debug_macro   0x00000000000011f5       0x22 ./Core/Src/LOS_D_sd.o
 .debug_macro   0x0000000000001217       0x8e ./Core/Src/LOS_D_sd.o
 .debug_macro   0x00000000000012a5       0x51 ./Core/Src/LOS_D_sd.o
 .debug_macro   0x00000000000012f6      0x103 ./Core/Src/LOS_D_sd.o
 .debug_macro   0x00000000000013f9       0x6a ./Core/Src/LOS_D_sd.o
 .debug_macro   0x0000000000001463      0x1df ./Core/Src/LOS_D_sd.o
 .debug_macro   0x0000000000001642       0x1c ./Core/Src/LOS_D_sd.o
 .debug_macro   0x000000000000165e       0x22 ./Core/Src/LOS_D_sd.o
 .debug_macro   0x0000000000001680       0xd9 ./Core/Src/LOS_D_sd.o
 .debug_macro   0x0000000000001759     0x102d ./Core/Src/LOS_D_sd.o
 .debug_macro   0x0000000000002786      0x11f ./Core/Src/LOS_D_sd.o
 .debug_macro   0x00000000000028a5     0xb86c ./Core/Src/LOS_D_sd.o
 .debug_macro   0x000000000000e111       0x6d ./Core/Src/LOS_D_sd.o
 .debug_macro   0x000000000000e17e     0x367e ./Core/Src/LOS_D_sd.o
 .debug_macro   0x00000000000117fc      0x17b ./Core/Src/LOS_D_sd.o
 .debug_macro   0x0000000000011977       0x5c ./Core/Src/LOS_D_sd.o
 .debug_macro   0x00000000000119d3      0x416 ./Core/Src/LOS_D_sd.o
 .debug_macro   0x0000000000011de9      0x9fe ./Core/Src/LOS_D_sd.o
 .debug_macro   0x00000000000127e7      0x115 ./Core/Src/LOS_D_sd.o
 .debug_macro   0x00000000000128fc       0xf8 ./Core/Src/LOS_D_sd.o
 .debug_macro   0x00000000000129f4       0xa5 ./Core/Src/LOS_D_sd.o
 .debug_macro   0x0000000000012a99      0x15f ./Core/Src/LOS_D_sd.o
 .debug_macro   0x0000000000012bf8      0x287 ./Core/Src/LOS_D_sd.o
 .debug_macro   0x0000000000012e7f       0x5f ./Core/Src/LOS_D_sd.o
 .debug_macro   0x0000000000012ede      0x236 ./Core/Src/LOS_D_sd.o
 .debug_macro   0x0000000000013114      0x132 ./Core/Src/LOS_D_sd.o
 .debug_macro   0x0000000000013246      0x264 ./Core/Src/LOS_D_sd.o
 .debug_macro   0x00000000000134aa       0x2e ./Core/Src/LOS_D_sd.o
 .debug_macro   0x00000000000134d8      0x11a ./Core/Src/LOS_D_sd.o
 .debug_macro   0x00000000000135f2       0x85 ./Core/Src/LOS_D_sd.o
 .debug_macro   0x0000000000013677       0x89 ./Core/Src/LOS_D_sd.o
 .debug_macro   0x0000000000013700      0x225 ./Core/Src/LOS_D_sd.o
 .debug_macro   0x0000000000013925      0x295 ./Core/Src/LOS_D_sd.o
 .debug_macro   0x0000000000013bba      0x126 ./Core/Src/LOS_D_sd.o
 .debug_macro   0x0000000000013ce0       0x70 ./Core/Src/LOS_D_sd.o
 .debug_macro   0x0000000000013d50       0xe5 ./Core/Src/LOS_D_sd.o
 .debug_macro   0x0000000000013e35      0x18a ./Core/Src/LOS_D_sd.o
 .debug_macro   0x0000000000013fbf       0x10 ./Core/Src/LOS_D_sd.o
 .debug_macro   0x0000000000013fcf      0x3d1 ./Core/Src/LOS_D_sd.o
 .debug_macro   0x00000000000143a0       0x10 ./Core/Src/LOS_D_sd.o
 .debug_macro   0x00000000000143b0       0x1e ./Core/Src/LOS_D_sd.o
 .debug_macro   0x00000000000143ce       0x52 ./Core/Src/LOS_D_sd.o
 .debug_macro   0x0000000000014420       0x3c ./Core/Src/LOS_D_sd.o
 .debug_macro   0x000000000001445c       0x34 ./Core/Src/LOS_D_sd.o
 .debug_macro   0x0000000000014490       0x16 ./Core/Src/LOS_D_sd.o
 .debug_macro   0x00000000000144a6       0x35 ./Core/Src/LOS_D_sd.o
 .debug_macro   0x00000000000144db       0x16 ./Core/Src/LOS_D_sd.o
 .debug_macro   0x00000000000144f1       0x43 ./Core/Src/LOS_D_sd.o
 .debug_macro   0x0000000000014534       0x34 ./Core/Src/LOS_D_sd.o
 .debug_macro   0x0000000000014568       0x10 ./Core/Src/LOS_D_sd.o
 .debug_macro   0x0000000000014578       0x58 ./Core/Src/LOS_D_sd.o
 .debug_macro   0x00000000000145d0       0x71 ./Core/Src/LOS_D_sd.o
 .debug_macro   0x0000000000014641       0x16 ./Core/Src/LOS_D_sd.o
 .debug_macro   0x0000000000014657      0x12a ./Core/Src/LOS_D_sd.o
 .debug_macro   0x0000000000014781      0x364 ./Core/Src/LOS_D_sd.o
 .debug_macro   0x0000000000014ae5       0x16 ./Core/Src/LOS_D_sd.o
 .debug_macro   0x0000000000014afb       0x29 ./Core/Src/LOS_D_sd.o
 .debug_macro   0x0000000000014b24       0x1c ./Core/Src/LOS_D_sd.o
 .debug_macro   0x0000000000014b40       0xde ./Core/Src/LOS_D_sd.o
 .debug_macro   0x0000000000014c1e       0x12 ./Core/Src/LOS_D_sd.o
 .debug_macro   0x0000000000014c30       0xe2 ./Core/Src/LOS_D_sd.o
 .debug_macro   0x0000000000014d12       0x8e ./Core/Src/LOS_D_sd.o
 .debug_macro   0x0000000000014da0       0x82 ./Core/Src/LOS_D_sd.o
 .debug_macro   0x0000000000014e22       0x16 ./Core/Src/LOS_D_sd.o
 .debug_macro   0x0000000000014e38       0x20 ./Core/Src/LOS_D_sd.o
 .debug_macro   0x0000000000014e58      0x462 ./Core/Src/main.o
 .debug_macro   0x00000000000152ba       0xeb ./Core/Src/main.o
 .debug_macro   0x00000000000153a5       0x1c ./Core/Src/main.o
 .debug_macro   0x00000000000153c1       0x10 ./Core/Src/main.o
 .debug_macro   0x00000000000153d1       0x10 ./Core/Src/main.o
 .debug_macro   0x00000000000153e1       0x1c ./Core/Src/main.o
 .debug_macro   0x00000000000153fd       0x52 ./Core/Src/main.o
 .debug_macro   0x000000000001544f       0x22 ./Core/Src/main.o
 .debug_macro   0x0000000000015471       0x10 ./Core/Src/main.o
 .debug_macro   0x0000000000015481       0x52 ./Core/Src/main.o
 .debug_macro   0x00000000000154d3       0xd5 ./Core/Src/main.o
 .debug_macro   0x00000000000155a8       0x1c ./Core/Src/main.o
 .debug_macro   0x00000000000155c4       0x3d ./Core/Src/main.o
 .debug_macro   0x0000000000015601       0x16 ./Core/Src/main.o
 .debug_macro   0x0000000000015617      0x137 ./Core/Src/main.o
 .debug_macro   0x000000000001574e       0x4c ./Core/Src/main.o
 .debug_macro   0x000000000001579a      0x1d3 ./Core/Src/stm32f4xx_hal_msp.o
 .debug_macro   0x000000000001596d      0xa78 ./Core/Src/stm32f4xx_hal_msp.o
 .debug_macro   0x00000000000163e5     0x102d ./Core/Src/stm32f4xx_hal_msp.o
 .debug_macro   0x0000000000017412      0x174 ./Core/Src/stm32f4xx_hal_msp.o
 .debug_macro   0x0000000000017586      0x1dd ./Core/Src/stm32f4xx_it.o
 .debug_macro   0x0000000000017763      0x24c ./Core/Src/syscalls.o
 .debug_macro   0x00000000000179af       0x4c ./Core/Src/syscalls.o
 .debug_macro   0x00000000000179fb       0x94 ./Core/Src/syscalls.o
 .debug_macro   0x0000000000017a8f       0x34 ./Core/Src/syscalls.o
 .debug_macro   0x0000000000017ac3       0x57 ./Core/Src/syscalls.o
 .debug_macro   0x0000000000017b1a      0x341 ./Core/Src/syscalls.o
 .debug_macro   0x0000000000017e5b       0x43 ./Core/Src/syscalls.o
 .debug_macro   0x0000000000017e9e       0x1c ./Core/Src/syscalls.o
 .debug_macro   0x0000000000017eba       0x10 ./Core/Src/syscalls.o
 .debug_macro   0x0000000000017eca       0x35 ./Core/Src/syscalls.o
 .debug_macro   0x0000000000017eff       0x10 ./Core/Src/syscalls.o
 .debug_macro   0x0000000000017f0f       0x10 ./Core/Src/syscalls.o
 .debug_macro   0x0000000000017f1f       0x35 ./Core/Src/syscalls.o
 .debug_macro   0x0000000000017f54      0x12c ./Core/Src/syscalls.o
 .debug_macro   0x0000000000018080       0x10 ./Core/Src/syscalls.o
 .debug_macro   0x0000000000018090      0x241 ./Core/Src/syscalls.o
 .debug_macro   0x00000000000182d1       0x10 ./Core/Src/syscalls.o
 .debug_macro   0x00000000000182e1      0x145 ./Core/Src/syscalls.o
 .debug_macro   0x0000000000018426      0x189 ./Core/Src/syscalls.o
 .debug_macro   0x00000000000185af       0x16 ./Core/Src/syscalls.o
 .debug_macro   0x00000000000185c5       0xce ./Core/Src/syscalls.o
 .debug_macro   0x0000000000018693       0xff ./Core/Src/sysmem.o
 .debug_macro   0x0000000000018792      0x23b ./Core/Src/sysmem.o
 .debug_macro   0x00000000000189cd      0x1c4 ./Core/Src/system_stm32f4xx.o
 .debug_macro   0x0000000000018b91      0x224 ./Drivers/STM32F4xx_HAL_Driver/Src/stm32f4xx_hal.o
 .debug_macro   0x0000000000018db5      0x1c4 ./Drivers/STM32F4xx_HAL_Driver/Src/stm32f4xx_hal_cortex.o
 .debug_macro   0x0000000000018f79      0x1ca ./Drivers/STM32F4xx_HAL_Driver/Src/stm32f4xx_hal_gpio.o
 .debug_macro   0x0000000000019143      0x1e8 ./Drivers/STM32F4xx_HAL_Driver/Src/stm32f4xx_hal_rcc.o
 .debug_macro   0x000000000001932b      0x1d3 ./Drivers/STM32F4xx_HAL_Driver/Src/stm32f4xx_hal_spi.o
 .debug_macro   0x00000000000194fe      0x1c5 ./Drivers/STM32F4xx_HAL_Driver/Src/stm32f4xx_hal_uart.o
 .debug_macro   0x00000000000196c3      0x30f ./FATFS/App/fatfs.o
 .debug_macro   0x00000000000199d2      0x338 ./FATFS/Target/LOS_D_sd_spi.o
 .debug_macro   0x0000000000019d0a       0x16 ./FATFS/Target/LOS_D_sd_spi.o
 .debug_macro   0x0000000000019d20       0x7c ./FATFS/Target/LOS_D_sd_spi.o
 .debug_macro   0x0000000000019d9c       0x76 ./FATFS/Target/LOS_D_sd_spi.o
 .debug_macro   0x0000000000019e12      0x32c ./FATFS/Target/user_diskio.o
 .debug_macro   0x000000000001a13e       0x10 ./FATFS/Target/user_diskio.o
 .debug_macro   0x000000000001a14e       0x56 ./FATFS/Target/user_diskio.o
 .debug_macro   0x000000000001a1a4      0x2e5 ./Middlewares/Third_Party/FatFs/src/diskio.o
 .debug_macro   0x000000000001a489      0x6f3 ./Middlewares/Third_Party/FatFs/src/ff.o
 .debug_macro   0x000000000001ab7c       0x58 ./Middlewares/Third_Party/FatFs/src/ff.o
 .debug_macro   0x000000000001abd4      0x2e5 ./Middlewares/Third_Party/FatFs/src/ff_gen_drv.o
 .debug_macro   0x000000000001aeb9      0x2d3 ./Middlewares/Third_Party/FatFs/src/option/ccsbcs.o

.debug_line     0x0000000000000000    0x12a5a
 .debug_line    0x0000000000000000      0xd58 ./Core/Src/LOS_D_sd.o
 .debug_line    0x0000000000000d58      0xe43 ./Core/Src/main.o
 .debug_line    0x0000000000001b9b      0x73c ./Core/Src/stm32f4xx_hal_msp.o
 .debug_line    0x00000000000022d7      0x764 ./Core/Src/stm32f4xx_it.o