Archive member included to satisfy reference by file (symbol)

c:/st/stm32cubeide_1.10.1/stm32cubeide/plugins/com.st.stm32cube.ide.mcu.externaltools.gnu-tools-for-stm32.10.3-2021.10.win32_1.0.0.202111181127/tools/bin/../lib/gcc/arm-none-eabi/10.3.1/../../../../arm-none-eabi/lib/thumb/v7e-m+fp/hard\libstdc++_nano.a(guard.o)
                              ./Core/Src/LOS_D_sd.o (__cxa_guard_acquire)
c:/st/stm32cubeide_1.10.1/stm32cubeide/plugins/com.st.stm32cube.ide.mcu.externaltools.gnu-tools-for-stm32.10.3-2021.10.win32_1.0.0.202111181127/tools/bin/../lib/gcc/arm-none-eabi/10.3.1/../../../../arm-none-eabi/lib/thumb/v7e-m+fp/hard\libstdc++_nano.a(pure.o)
                              ./Core/Src/LOS_D_sd.o (__cxa_pure_virtual)
c:/st/stm32cubeide_1.10.1/stm32cubeide/plugins/com.st.stm32cube.ide.mcu.externaltools.gnu-tools-for-stm32.10.3-2021.10.win32_1.0.0.202111181127/tools/bin/../lib/gcc/arm-none-eabi/10.3.1/../../../../arm-none-eabi/lib/thumb/v7e-m+fp/hard\libstdc++_nano.a(eh_terminate.o)
                              c:/st/stm32cubeide_1.10.1/stm32cubeide/plugins/com.st.stm32cube.ide.mcu.externaltools.gnu-tools-for-stm32.10.3-2021.10.win32_1.0.0.202111181127/tools/bin/../lib/gcc/arm-none-eabi/10.3.1/../../../../arm-none-eabi/lib/thumb/v7e-m+fp/hard\libstdc++_nano.a(pure.o) (std::terminate())
c:/st/stm32cubeide_1.10.1/stm32cubeide/plugins/com.st.stm32cube.ide.mcu.externaltools.gnu-tools-for-stm32.10.3-2021.10.win32_1.0.0.202111181127/tools/bin/../lib/gcc/arm-none-eabi/10.3.1/../../../../arm-none-eabi/lib/thumb/v7e-m+fp/hard\libstdc++_nano.a(eh_unex_handler.o)
                              c:/st/stm32cubeide_1.10.1/stm32cubeide/plugins/com.st.stm32cube.ide.mcu.externaltools.gnu-tools-for-stm32.10.3-2021.10.win32_1.0.0.202111181127/tools/bin/../lib/gcc/arm-none-eabi/10.3.1/../../../../arm-none-eabi/lib/thumb/v7e-m+fp/hard\libstdc++_nano.a(eh_terminate.o) (__cxxabiv1::__unexpected_handler)
c:/st/stm32cubeide_1.10.1/stm32cubeide/plugins/com.st.stm32cube.ide.mcu.externaltools.gnu-tools-for-stm32.10.3-2021.10.win32_1.0.0.202111181127/tools/bin/../lib/gcc/arm-none-eabi/10.3.1/../../../../arm-none-eabi/lib/thumb/v7e-m+fp/hard\libstdc++_nano.a(eh_term_handler.o)
                              c:/st/stm32cubeide_1.10.1/stm32cubeide/plugins/com.st.stm32cube.ide.mcu.externaltools.gnu-tools-for-stm32.10.3-2021.10.win32_1.0.0.202111181127/tools/bin/../lib/gcc/arm-none-eabi/10.3.1/../../../../arm-none-eabi/lib/thumb/v7e-m+fp/hard\libstdc++_nano.a(eh_terminate.o) (__cxxabiv1::__terminate_handler)
c:/st/stm32cubeide_1.10.1/stm32cubeide/plugins/com.st.stm32cube.ide.mcu.externaltools.gnu-tools-for-stm32.10.3-2021.10.win32_1.0.0.202111181127/tools/bin/../lib/gcc/arm-none-eabi/10.3.1/../../../../arm-none-eabi/lib/thumb/v7e-m+fp/hard\libc_nano.a(lib_a-abort.o)
                              c:/st/stm32cubeide_1.10.1/stm32cubeide/plugins/com.st.stm32cube.ide.mcu.externaltools.gnu-tools-for-stm32.10.3-2021.10.win32_1.0.0.202111181127/tools/bin/../lib/gcc/arm-none-eabi/10.3.1/../../../../arm-none-eabi/lib/thumb/v7e-m+fp/hard\libstdc++_nano.a(eh_terminate.o) (abort)
c:/st/stm32cubeide_1.10.1/stm32cubeide/plugins/com.st.stm32cube.ide.mcu.externaltools.gnu-tools-for-stm32.10.3-2021.10.win32_1.0.0.202111181127/tools/bin/../lib/gcc/arm-none-eabi/10.3.1/../../../../arm-none-eabi/lib/thumb/v7e-m+fp/hard\libc_nano.a(lib_a-errno.o)
                              ./Core/Src/syscalls.o (__errno)
c:/st/stm32cubeide_1.10.1/stm32cubeide/plugins/com.st.stm32cube.ide.mcu.externaltools.gnu-tools-for-stm32.10.3-2021.10.win32_1.0.0.202111181127/tools/bin/../lib/gcc/arm-none-eabi/10.3.1/../../../../arm-none-eabi/lib/thumb/v7e-m+fp/hard\libc_nano.a(lib_a-exit.o)
                              c:/st/stm32cubeide_1.10.1/stm32cubeide/plugins/com.st.stm32cube.ide.mcu.externaltools.gnu-tools-for-stm32.10.3-2021.10.win32_1.0.0.202111181127/tools/bin/../lib/gcc/arm-none-eabi/10.3.1/../../../../arm-none-eabi/lib/thumb/v7e-m+fp/hard/crt0.o (exit)
c:/st/stm32cubeide_1.10.1/stm32cubeide/plugins/com.st.stm32cube.ide.mcu.externaltools.gnu-tools-for-stm32.10.3-2021.10.win32_1.0.0.202111181127/tools/bin/../lib/gcc/arm-none-eabi/10.3.1/../../../../arm-none-eabi/lib/thumb/v7e-m+fp/hard\libc_nano.a(lib_a-impure.o)
                              c:/st/stm32cubeide_1.10.1/stm32cubeide/plugins/com.st.stm32cube.ide.mcu.externaltools.gnu-tools-for-stm32.10.3-2021.10.win32_1.0.0.202111181127/tools/bin/../lib/gcc/arm-none-eabi/10.3.1/../../../../arm-none-eabi/lib/thumb/v7e-m+fp/hard\libc_nano.a(lib_a-exit.o) (_global_impure_ptr)
c:/st/stm32cubeide_1.10.1/stm32cubeide/plugins/com.st.stm32cube.ide.mcu.externaltools.gnu-tools-for-stm32.10.3-2021.10.win32_1.0.0.202111181127/tools/bin/../lib/gcc/arm-none-eabi/10.3.1/../../../../arm-none-eabi/lib/thumb/v7e-m+fp/hard\libc_nano.a(lib_a-init.o)
[...]
Memory Configuration

Name             Origin             Length             Attributes
RAM              0x0000000020000000 0x0000000000018000 xrw
FLASH            0x0000000008000000 0x0000000000080000 xr
*default*        0x0000000000000000 0xffffffffffffffff

Linker script and memory map

LOAD c:/st/stm32cubeide_1.10.1/stm32cubeide/plugins/com.st.stm32cube.ide.mcu.externaltools.gnu-tools-for-stm32.10.3-2021.10.win32_1.0.0.202111181127/tools/bin/../lib/gcc/arm-none-eabi/10.3.1/thumb/v7e-m+fp/hard/crti.o
LOAD c:/st/stm32cubeide_1.10.1/stm32cubeide/plugins/com.st.stm32cube.ide.mcu.externaltools.gnu-tools-for-stm32.10.3-2021.10.win32_1.0.0.202111181127/tools/bin/../lib/gcc/arm-none-eabi/10.3.1/thumb/v7e-m+fp/hard/crtbegin.o
LOAD c:/st/stm32cubeide_1.10.1/stm32cubeide/plugins/com.st.stm32cube.ide.mcu.externaltools.gnu-tools-for-stm32.10.3-2021.10.win32_1.0.0.202111181127/tools/bin/../lib/gcc/arm-none-eabi/10.3.1/../../../../arm-none-eabi/lib/thumb/v7e-m+fp/hard/crt0.o
LOAD ./Core/Src/LOS_D_sd.o
LOAD ./Core/Src/main.o
LOAD ./Core/Src/stm32f4xx_hal_msp.o
LOAD ./Core/Src/stm32f4xx_it.o
LOAD ./Core/Src/syscalls.o
LOAD ./Core/Src/sysmem.o
LOAD ./Core/Src/system_stm32f4xx.o
LOAD ./Core/Startup/startup_stm32f401retx.o
LOAD ./Drivers/STM32F4xx_HAL_Driver/Src/stm32f4xx_hal.o
LOAD ./Drivers/STM32F4xx_HAL_Driver/Src/stm32f4xx_hal_cortex.o
LOAD ./Drivers/STM32F4xx_HAL_Driver/Src/stm32f4xx_hal_dma.o
LOAD ./Drivers/STM32F4xx_HAL_Driver/Src/stm32f4xx_hal_dma_ex.o
LOAD ./Drivers/STM32F4xx_HAL_Driver/Src/stm32f4xx_hal_exti.o
LOAD ./Drivers/STM32F4xx_HAL_Driver/Src/stm32f4xx_hal_flash.o
LOAD ./Drivers/STM32F4xx_HAL_Driver/Src/stm32f4xx_hal_flash_ex.o
LOAD ./Drivers/STM32F4xx_HAL_Driver/Src/stm32f4xx_hal_flash_ramfunc.o
LOAD ./Drivers/STM32F4xx_HAL_Driver/Src/stm32f4xx_hal_gpio.o
LOAD ./Drivers/STM32F4xx_HAL_Driver/Src/stm32f4xx_hal_pwr.o
LOAD ./Drivers/STM32F4xx_HAL_Driver/Src/stm32f4xx_hal_pwr_ex.o
LOAD ./Drivers/STM32F4xx_HAL_Driver/Src/stm32f4xx_hal_rcc.o
LOAD ./Drivers/STM32F4xx_HAL_Driver/Src/stm32f4xx_hal_rcc_ex.o
LOAD ./Drivers/STM32F4xx_HAL_Driver/Src/stm32f4xx_hal_spi.o
LOAD ./Drivers/STM32F4xx_HAL_Driver/Src/stm32f4xx_hal_tim.o
LOAD ./Drivers/STM32F4xx_HAL_Driver/Src/stm32f4xx_hal_tim_ex.o
LOAD ./Drivers/STM32F4xx_HAL_Driver/Src/stm32f4xx_hal_uart.o
LOAD ./FATFS/App/fatfs.o
LOAD ./FATFS/Target/LOS_D_sd_spi.o
LOAD ./FATFS/Target/user_diskio.o
LOAD ./Middlewares/Third_Party/FatFs/src/diskio.o
LOAD ./Middlewares/Third_Party/FatFs/src/ff.o
LOAD ./Middlewares/Third_Party/FatFs/src/ff_gen_drv.o
LOAD ./Middlewares/Third_Party/FatFs/src/option/ccsbcs.o
LOAD ./Middlewares/Third_Party/FatFs/src/option/syscall.o
START GROUP
LOAD c:/st/stm32cubeide_1.10.1/stm32cubeide/plugins/com.st.stm32cube.ide.mcu.externaltools.gnu-tools-for-stm32.10.3-2021.10.win32_1.0.0.202111181127/tools/bin/../lib/gcc/arm-none-eabi/10.3.1/../../../../arm-none-eabi/lib/thumb/v7e-m+fp/hard\libstdc++_nano.a
LOAD c:/st/stm32cubeide_1.10.1/stm32cubeide/plugins/com.st.stm32cube.ide.mcu.externaltools.gnu-tools-for-stm32.10.3-2021.10.win32_1.0.0.202111181127/tools/bin/../lib/gcc/arm-none-eabi/10.3.1/../../../../arm-none-eabi/lib/thumb/v7e-m+fp/hard\libsupc++_nano.a
END GROUP
LOAD c:/st/stm32cubeide_1.10.1/stm32cubeide/plugins/com.st.stm32cube.ide.mcu.externaltools.gnu-tools-for-stm32.10.3-2021.10.win32_1.0.0.202111181127/tools/bin/../lib/gcc/arm-none-eabi/10.3.1/../../../../arm-none-eabi/lib/thumb/v7e-m+fp/hard\libstdc++_nano.a
LOAD c:/st/stm32cubeide_1.10.1/stm32cubeide/plugins/com.st.stm32cube.ide.mcu.externaltools.gnu-tools-for-stm32.10.3-2021.10.win32_1.0.0.202111181127/tools/bin/../lib/gcc/arm-none-eabi/10.3.1/../../../../arm-none-eabi/lib/thumb/v7e-m+fp/hard\libm.a
LOAD c:/st/stm32cubeide_1.10.1/stm32cubeide/plugins/com.st.stm32cube.ide.mcu.externaltools.gnu-tools-for-stm32.10.3-2021.10.win32_1.0.0.202111181127/tools/bin/../lib/gcc/arm-none-eabi/10.3.1/../../../../arm-none-eabi/lib/thumb/v7e-m+fp/hard\libc_nano.a
START GROUP
LOAD c:/st/stm32cubeide_1.10.1/stm32cubeide/plugins/com.st.stm32cube.ide.mcu.externaltools.gnu-tools-for-stm32.10.3-2021.10.win32_1.0.0.202111181127/tools/bin/../lib/gcc/arm-none-eabi/10.3.1/thumb/v7e-m+fp/hard\libgcc.a
LOAD c:/st/stm32cubeide_1.10.1/stm32cubeide/plugins/com.st.stm32cube.ide.mcu.externaltools.gnu-tools-for-stm32.10.3-2021.10.win32_1.0.0.202111181127/tools/bin/../lib/gcc/arm-none-eabi/10.3.1/../../../../arm-none-eabi/lib/thumb/v7e-m+fp/hard\libc_nano.a
END GROUP
START GROUP
LOAD c:/st/stm32cubeide_1.10.1/stm32cubeide/plugins/com.st.stm32cube.ide.mcu.externaltools.gnu-tools-for-stm32.10.3-2021.10.win32_1.0.0.202111181127/tools/bin/../lib/gcc/arm-none-eabi/10.3.1/thumb/v7e-m+fp/hard\libgcc.a
LOAD c:/st/stm32cubeide_1.10.1/stm32cubeide/plugins/com.st.stm32cube.ide.mcu.externaltools.gnu-tools-for-stm32.10.3-2021.10.win32_1.0.0.202111181127/tools/bin/../lib/gcc/arm-none-eabi/10.3.1/../../../../arm-none-eabi/lib/thumb/v7e-m+fp/hard\libc_nano.a
END GROUP
LOAD c:/st/stm32cubeide_1.10.1/stm32cubeide/plugins/com.st.stm32cube.ide.mcu.externaltools.gnu-tools-for-stm32.10.3-2021.10.win32_1.0.0.202111181127/tools/bin/../lib/gcc/arm-none-eabi/10.3.1/thumb/v7e-m+fp/hard/crtend.o
LOAD c:/st/stm32cubeide_1.10.1/stm32cubeide/plugins/com.st.stm32cube.ide.mcu.externaltools.gnu-tools-for-stm32.10.3-2021.10.win32_1.0.0.202111181127/tools/bin/../lib/gcc/arm-none-eabi/10.3.1/thumb/v7e-m+fp/hard/crtn.o
                0x0000000020018000                _estack = (ORIGIN (RAM) + LENGTH (RAM))
                0x0000000000000200                _Min_Heap_Size = 0x200
                0x0000000000000400                _Min_Stack_Size = 0x400

.isr_vector     0x0000000008000000      0x194
                0x0000000008000000                . = ALIGN (0x4)
 *(.isr_vector)
 .isr_vector    0x0000000008000000      0x194 ./Core/Startup/startup_stm32f401retx.o
                0x0000000008000000                g_pfnVectors
                0x0000000008000194                . = ALIGN (0x4)

.text           0x00000000080001a0     0x764c
                0x00000000080001a0                . = ALIGN (0x4)
 *(.text)
 .text          0x00000000080001a0       0x40 c:/st/stm32cubeide_1.10.1/stm32cubeide/plugins/com.st.stm32cube.ide.mcu.externaltools.gnu-tools-for-stm32.10.3-2021.10.win32_1.0.0.202111181127/tools/bin/../lib/gcc/arm-none-eabi/10.3.1/thumb/v7e-m+fp/hard/crtbegin.o
 .text          0x00000000080001e0       0x14 c:/st/stm32cubeide_1.10.1/stm32cubeide/plugins/com.st.stm32cube.ide.mcu.externaltools.gnu-tools-for-stm32.10.3-2021.10.win32_1.0.0.202111181127/tools/bin/../lib/gcc/arm-none-eabi/10.3.1/../../../../arm-none-eabi/lib/thumb/v7e-m+fp/hard\libc_nano.a(lib_a-strcmp.o)
                0x00000000080001e0                strcmp
 .text          0x00000000080001f4       0x10 c:/st/stm32cubeide_1.10.1/stm32cubeide/plugins/com.st.stm32cube.ide.mcu.externaltools.gnu-tools-for-stm32.10.3-2021.10.win32_1.0.0.202111181127/tools/bin/../lib/gcc/arm-none-eabi/10.3.1/../../../../arm-none-eabi/lib/thumb/v7e-m+fp/hard\libc_nano.a(lib_a-strlen.o)
                0x00000000080001f4                strlen
 *fill*         0x0000000008000204        0xc 
 .text          0x0000000008000210       0xa0 c:/st/stm32cubeide_1.10.1/stm32cubeide/plugins/com.st.stm32cube.ide.mcu.externaltools.gnu-tools-for-stm32.10.3-2021.10.win32_1.0.0.202111181127/tools/bin/../lib/gcc/arm-none-eabi/10.3.1/../../../../arm-none-eabi/lib/thumb/v7e-m+fp/hard\libc_nano.a(lib_a-memchr.o)
                0x0000000008000210                memchr
 .text          0x00000000080002b0       0x30 c:/st/stm32cubeide_1.10.1/stm32cubeide/plugins/com.st.stm32cube.ide.mcu.externaltools.gnu-tools-for-stm32.10.3-2021.10.win32_1.0.0.202111181127/tools/bin/../lib/gcc/arm-none-eabi/10.3.1/thumb/v7e-m+fp/hard\libgcc.a(_aeabi_uldivmod.o)
                0x00000000080002b0                __aeabi_uldivmod
 .text          0x00000000080002e0      0x2d0 c:/st/stm32cubeide_1.10.1/stm32cubeide/plugins/com.st.stm32cube.ide.mcu.externaltools.gnu-tools-for-stm32.10.3-2021.10.win32_1.0.0.202111181127/tools/bin/../lib/gcc/arm-none-eabi/10.3.1/thumb/v7e-m+fp/hard\libgcc.a(_udivmoddi4.o)
                0x00000000080002e0                __udivmoddi4
 .text          0x00000000080005b0        0x4 c:/st/stm32cubeide_1.10.1/stm32cubeide/plugins/com.st.stm32cube.ide.mcu.externaltools.gnu-tools-for-stm32.10.3-2021.10.win32_1.0.0.202111181127/tools/bin/../lib/gcc/arm-none-eabi/10.3.1/thumb/v7e-m+fp/hard\libgcc.a(_dvmd_tls.o)
                0x00000000080005b0                __aeabi_idiv0
                0x00000000080005b0                __aeabi_ldiv0
 *(.text*)
 .text._ZN6SDCard4initEv
                0x00000000080005b4       0x24 ./Core/Src/LOS_D_sd.o
                0x00000000080005b4                SDCard::init()
 .text._ZN6SDCard4openEPKc
                0x00000000080005d8       0x80 ./Core/Src/LOS_D_sd.o
                0x00000000080005d8                SDCard::open(char const*)
 .text._ZN6SDCard10checkExistEPKc
                0x0000000008000658       0x44 ./Core/Src/LOS_D_sd.o
                0x0000000008000658                SDCard::checkExist(char const*)
 .text._ZN6SDCard4readEPKcPhjj
                0x000000000800069c       0x5e ./Core/Src/LOS_D_sd.o
                0x000000000800069c                SDCard::read(char const*, unsigned char*, unsigned int, unsigned int)
 .text._ZN6SDCard5writeEPKcPhjj
                0x00000000080006fa       0x5e ./Core/Src/LOS_D_sd.o
                0x00000000080006fa                SDCard::write(char const*, unsigned char*, unsigned int, unsigned int)
 .text._ZN6SDCard6lengthEPKc
                0x0000000008000758       0x2c ./Core/Src/LOS_D_sd.o
                0x0000000008000758                SDCard::length(char const*)
 .text._ZN6SDCard7cleanupEv
                0x0000000008000784       0x38 ./Core/Src/LOS_D_sd.o
                0x0000000008000784                SDCard::cleanup()
 .text._ZN13StorageDeviceC2Ev
                0x00000000080007bc       0x20 ./Core/Src/LOS_D_sd.o
                0x00000000080007bc                StorageDevice::StorageDevice()
                0x00000000080007bc                StorageDevice::StorageDevice()
 .text._ZN6SDCardC2Ev
                0x00000000080007dc       0x2c ./Core/Src/LOS_D_sd.o
                0x00000000080007dc                SDCard::SDCard()
                0x00000000080007dc                SDCard::SDCard()
 .text._ZN6SDCard11getInstanceEv
                0x0000000008000808       0x50 ./Core/Src/LOS_D_sd.o
                0x0000000008000808                SDCard::getInstance()
 .text._Z8myprintfPKcz
                0x0000000008000858       0x4c ./Core/Src/main.o
                0x0000000008000858                myprintf(char const*, ...)
 .text._Z4testv
                0x00000000080008a4      0x180 ./Core/Src/main.o
                0x00000000080008a4                test()
 .text.main     0x0000000008000a24       0x38 ./Core/Src/main.o
                0x0000000008000a24                main
 .text._Z18SystemClock_Configv
                0x0000000008000a5c       0xec ./Core/Src/main.o
                0x0000000008000a5c                SystemClock_Config()
 .text._ZL12MX_SPI2_Initv
                0x0000000008000b48       0x78 ./Core/Src/main.o
 .text._ZL19MX_USART2_UART_Initv
                0x0000000008000bc0       0x5c ./Core/Src/main.o
 .text._ZL12MX_GPIO_Initv
                0x0000000008000c1c      0x108 ./Core/Src/main.o
 .text.Error_Handler
                0x0000000008000d24        0xa ./Core/Src/main.o
                0x0000000008000d24                Error_Handler
 *fill*         0x0000000008000d2e        0x2 
 .text.HAL_MspInit
                0x0000000008000d30       0x50 ./Core/Src/stm32f4xx_hal_msp.o
                0x0000000008000d30                HAL_MspInit
 .text.HAL_SPI_MspInit
                0x0000000008000d80       0x90 ./Core/Src/stm32f4xx_hal_msp.o
                0x0000000008000d80                HAL_SPI_MspInit
 .text.HAL_UART_MspInit
                0x0000000008000e10       0x90 ./Core/Src/stm32f4xx_hal_msp.o
                0x0000000008000e10                HAL_UART_MspInit
 .text.NMI_Handler
                0x0000000008000ea0        0x6 ./Core/Src/stm32f4xx_it.o
                0x0000000008000ea0                NMI_Handler
 .text.HardFault_Handler
                0x0000000008000ea6        0x6 ./Core/Src/stm32f4xx_it.o
                0x0000000008000ea6                HardFault_Handler
 .text.MemManage_Handler
                0x0000000008000eac        0x6 ./Core/Src/stm32f4xx_it.o
                0x0000000008000eac                MemManage_Handler
 .text.BusFault_Handler
                0x0000000008000eb2        0x6 ./Core/Src/stm32f4xx_it.o
                0x0000000008000eb2                BusFault_Handler
 .text.UsageFault_Handler
                0x0000000008000eb8        0x6 ./Core/Src/stm32f4xx_it.o
                0x0000000008000eb8                UsageFault_Handler
 .text.SVC_Handler
                0x0000000008000ebe        0xe ./Core/Src/stm32f4xx_it.o
                0x0000000008000ebe                SVC_Handler
 .text.DebugMon_Handler
                0x0000000008000ecc        0xe ./Core/Src/stm32f4xx_it.o
                0x0000000008000ecc                DebugMon_Handler
 .text.PendSV_Handler
                0x0000000008000eda        0xe ./Core/Src/stm32f4xx_it.o
                0x0000000008000eda                PendSV_Handler
 .text.SysTick_Handler
                0x0000000008000ee8        0xc ./Core/Src/stm32f4xx_it.o
                0x0000000008000ee8                SysTick_Handler
 .text._getpid  0x0000000008000ef4       0x10 ./Core/Src/syscalls.o
                0x0000000008000ef4                _getpid
 .text._kill    0x0000000008000f04       0x20 ./Core/Src/syscalls.o
                0x0000000008000f04                _kill
 .text._exit    0x0000000008000f24       0x14 ./Core/Src/syscalls.o
                0x0000000008000f24                _exit
 .text._sbrk    0x0000000008000f38       0x6c ./Core/Src/sysmem.o
                0x0000000008000f38                _sbrk
 .text.SystemInit
                0x0000000008000fa4       0x24 ./Core/Src/system_stm32f4xx.o
                0x0000000008000fa4                SystemInit
 .text.Reset_Handler
                0x0000000008000fc8       0x50 ./Core/Startup/startup_stm32f401retx.o
                0x0000000008000fc8                Reset_Handler
 .text.Default_Handler
                0x0000000008001018        0x2 ./Core/Startup/startup_stm32f401retx.o
                0x0000000008001018                RTC_Alarm_IRQHandler
                0x0000000008001018                EXTI2_IRQHandler
                0x0000000008001018                SPI4_IRQHandler
                0x0000000008001018                TIM1_CC_IRQHandler
                0x0000000008001018                DMA2_Stream5_IRQHandler
                0x0000000008001018                DMA1_Stream5_IRQHandler
                0x0000000008001018                PVD_IRQHandler
                0x0000000008001018                SDIO_IRQHandler
                0x0000000008001018                TAMP_STAMP_IRQHandler
                0x0000000008001018                EXTI3_IRQHandler
                0x0000000008001018                TIM1_UP_TIM10_IRQHandler
                0x0000000008001018                I2C3_ER_IRQHandler
                0x0000000008001018                EXTI0_IRQHandler
                0x0000000008001018                I2C2_EV_IRQHandler
                0x0000000008001018                DMA1_Stream2_IRQHandler
                0x0000000008001018                FPU_IRQHandler
                0x0000000008001018                DMA2_Stream2_IRQHandler
                0x0000000008001018                SPI1_IRQHandler
                0x0000000008001018                TIM1_BRK_TIM9_IRQHandler
                0x0000000008001018                DMA2_Stream3_IRQHandler
                0x0000000008001018                USART6_IRQHandler
                0x0000000008001018                DMA2_Stream0_IRQHandler
                0x0000000008001018                TIM4_IRQHandler
                0x0000000008001018                I2C1_EV_IRQHandler
                0x0000000008001018                DMA1_Stream6_IRQHandler
                0x0000000008001018                DMA1_Stream1_IRQHandler
                0x0000000008001018                TIM3_IRQHandler
                0x0000000008001018                RCC_IRQHandler
                0x0000000008001018                Default_Handler
                0x0000000008001018                EXTI15_10_IRQHandler
                0x0000000008001018                ADC_IRQHandler
                0x0000000008001018                DMA1_Stream7_IRQHandler
                0x0000000008001018                TIM5_IRQHandler
                0x0000000008001018                DMA2_Stream7_IRQHandler
                0x0000000008001018                I2C3_EV_IRQHandler
                0x0000000008001018                EXTI9_5_IRQHandler
                0x0000000008001018                RTC_WKUP_IRQHandler
                0x0000000008001018                SPI2_IRQHandler
                0x0000000008001018                DMA1_Stream0_IRQHandler
                0x0000000008001018                EXTI4_IRQHandler
                0x0000000008001018                WWDG_IRQHandler
                0x0000000008001018                TIM2_IRQHandler
                0x0000000008001018                OTG_FS_WKUP_IRQHandler
                0x0000000008001018                TIM1_TRG_COM_TIM11_IRQHandler
                0x0000000008001018                EXTI1_IRQHandler
                0x0000000008001018                USART2_IRQHandler
                0x0000000008001018                I2C2_ER_IRQHandler
                0x0000000008001018                DMA2_Stream1_IRQHandler
                0x0000000008001018                FLASH_IRQHandler
                0x0000000008001018                DMA2_Stream4_IRQHandler
                0x0000000008001018                USART1_IRQHandler
                0x0000000008001018                OTG_FS_IRQHandler
                0x0000000008001018                SPI3_IRQHandler
                0x0000000008001018                DMA1_Stream4_IRQHandler
                0x0000000008001018                I2C1_ER_IRQHandler
                0x0000000008001018                DMA2_Stream6_IRQHandler
                0x0000000008001018                DMA1_Stream3_IRQHandler
 *fill*         0x000000000800101a        0x2 
 .text.HAL_Init
                0x000000000800101c       0x44 ./Drivers/STM32F4xx_HAL_Driver/Src/stm32f4xx_hal.o
                0x000000000800101c                HAL_Init
 .text.HAL_InitTick
                0x0000000008001060       0x60 ./Drivers/STM32F4xx_HAL_Driver/Src/stm32f4xx_hal.o
                0x0000000008001060                HAL_InitTick
 .text.HAL_IncTick
                0x00000000080010c0       0x28 ./Drivers/STM32F4xx_HAL_Driver/Src/stm32f4xx_hal.o
                0x00000000080010c0                HAL_IncTick
 .text.HAL_GetTick
                0x00000000080010e8       0x18 ./Drivers/STM32F4xx_HAL_Driver/Src/stm32f4xx_hal.o
                0x00000000080010e8                HAL_GetTick
 .text.HAL_Delay
                0x0000000008001100       0x48 ./Drivers/STM32F4xx_HAL_Driver/Src/stm32f4xx_hal.o
                0x0000000008001100                HAL_Delay
 .text.__NVIC_SetPriorityGrouping
                0x0000000008001148       0x48 ./Drivers/STM32F4xx_HAL_Driver/Src/stm32f4xx_hal_cortex.o
 .text.__NVIC_GetPriorityGrouping
                0x0000000008001190       0x1c ./Drivers/STM32F4xx_HAL_Driver/Src/stm32f4xx_hal_cortex.o
 .text.__NVIC_SetPriority
                0x00000000080011ac       0x54 ./Drivers/STM32F4xx_HAL_Driver/Src/stm32f4xx_hal_cortex.o
 .text.NVIC_EncodePriority
                0x0000000008001200       0x66 ./Drivers/STM32F4xx_HAL_Driver/Src/stm32f4xx_hal_cortex.o
 *fill*         0x0000000008001266        0x2 
 .text.SysTick_Config
                0x0000000008001268       0x44 ./Drivers/STM32F4xx_HAL_Driver/Src/stm32f4xx_hal_cortex.o
 .text.HAL_NVIC_SetPriorityGrouping
                0x00000000080012ac       0x16 ./Drivers/STM32F4xx_HAL_Driver/Src/stm32f4xx_hal_cortex.o
                0x00000000080012ac                HAL_NVIC_SetPriorityGrouping
 .text.HAL_NVIC_SetPriority
                0x00000000080012c2       0x38 ./Drivers/STM32F4xx_HAL_Driver/Src/stm32f4xx_hal_cortex.o
                0x00000000080012c2                HAL_NVIC_SetPriority
 .text.HAL_SYSTICK_Config
                0x00000000080012fa       0x18 ./Drivers/STM32F4xx_HAL_Driver/Src/stm32f4xx_hal_cortex.o
                0x00000000080012fa                HAL_SYSTICK_Config
 *fill*         0x0000000008001312        0x2 
 .text.HAL_GPIO_Init
                0x0000000008001314      0x308 ./Drivers/STM32F4xx_HAL_Driver/Src/stm32f4xx_hal_gpio.o
                0x0000000008001314                HAL_GPIO_Init
 .text.HAL_GPIO_WritePin
                0x000000000800161c       0x32 ./Drivers/STM32F4xx_HAL_Driver/Src/stm32f4xx_hal_gpio.o
                0x000000000800161c                HAL_GPIO_WritePin
 *fill*         0x000000000800164e        0x2 
 .text.HAL_RCC_OscConfig
                0x0000000008001650      0x4f0 ./Drivers/STM32F4xx_HAL_Driver/Src/stm32f4xx_hal_rcc.o
                0x0000000008001650                HAL_RCC_OscConfig
 .text.HAL_RCC_ClockConfig
                0x0000000008001b40      0x1cc ./Drivers/STM32F4xx_HAL_Driver/Src/stm32f4xx_hal_rcc.o
                0x0000000008001b40                HAL_RCC_ClockConfig
 .text.HAL_RCC_GetSysClockFreq
                0x0000000008001d0c      0x20c ./Drivers/STM32F4xx_HAL_Driver/Src/stm32f4xx_hal_rcc.o
                0x0000000008001d0c                HAL_RCC_GetSysClockFreq
 .text.HAL_RCC_GetHCLKFreq
                0x0000000008001f18       0x18 ./Drivers/STM32F4xx_HAL_Driver/Src/stm32f4xx_hal_rcc.o
                0x0000000008001f18                HAL_RCC_GetHCLKFreq
 .text.HAL_RCC_GetPCLK1Freq
                0x0000000008001f30       0x28 ./Drivers/STM32F4xx_HAL_Driver/Src/stm32f4xx_hal_rcc.o
                0x0000000008001f30                HAL_RCC_GetPCLK1Freq
 .text.HAL_RCC_GetPCLK2Freq
                0x0000000008001f58       0x28 ./Drivers/STM32F4xx_HAL_Driver/Src/stm32f4xx_hal_rcc.o
                0x0000000008001f58                HAL_RCC_GetPCLK2Freq
 .text.HAL_SPI_Init
                0x0000000008001f80      0x112 ./Drivers/STM32F4xx_HAL_Driver/Src/stm32f4xx_hal_spi.o
                0x0000000008001f80                HAL_SPI_Init
 .text.HAL_SPI_Transmit
                0x0000000008002092      0x278 ./Drivers/STM32F4xx_HAL_Driver/Src/stm32f4xx_hal_spi.o
                0x0000000008002092                HAL_SPI_Transmit
 .text.HAL_SPI_TransmitReceive
                0x000000000800230a      0x344 ./Drivers/STM32F4xx_HAL_Driver/Src/stm32f4xx_hal_spi.o
                0x000000000800230a                HAL_SPI_TransmitReceive
 *fill*         0x000000000800264e        0x2 
 .text.SPI_WaitFlagStateUntilTimeout
                0x0000000008002650      0x110 ./Drivers/STM32F4xx_HAL_Driver/Src/stm32f4xx_hal_spi.o
 .text.SPI_EndRxTxTransaction
                0x0000000008002760       0x84 ./Drivers/STM32F4xx_HAL_Driver/Src/stm32f4xx_hal_spi.o
 .text.HAL_UART_Init
                0x00000000080027e4       0x9a ./Drivers/STM32F4xx_HAL_Driver/Src/stm32f4xx_hal_uart.o
                0x00000000080027e4                HAL_UART_Init
 .text.HAL_UART_Transmit
                0x000000000800287e      0x124 ./Drivers/STM32F4xx_HAL_Driver/Src/stm32f4xx_hal_uart.o
                0x000000000800287e                HAL_UART_Transmit
 .text.UART_WaitOnFlagUntilTimeout
                0x00000000080029a2       0xdc ./Drivers/STM32F4xx_HAL_Driver/Src/stm32f4xx_hal_uart.o
 *fill*         0x0000000008002a7e        0x2 
 .text.UART_SetConfig
                0x0000000008002a80      0x4e8 ./Drivers/STM32F4xx_HAL_Driver/Src/stm32f4xx_hal_uart.o
 .text.MX_FATFS_Init
                0x0000000008002f68       0x24 ./FATFS/App/fatfs.o
                0x0000000008002f68                MX_FATFS_Init
 .text.get_fattime
                0x0000000008002f8c       0x10 ./FATFS/App/fatfs.o
                0x0000000008002f8c                get_fattime
 .text.SELECT   0x0000000008002f9c       0x1c ./FATFS/Target/LOS_D_sd_spi.o
 .text.DESELECT
                0x0000000008002fb8       0x1c ./FATFS/Target/LOS_D_sd_spi.o
 .text.SPI_TxByte
                0x0000000008002fd4       0x34 ./FATFS/Target/LOS_D_sd_spi.o
 .text.SPI_TxBuffer
                0x0000000008003008       0x34 ./FATFS/Target/LOS_D_sd_spi.o
 .text.SPI_RxByte
                0x000000000800303c       0x38 ./FATFS/Target/LOS_D_sd_spi.o
 .text.SPI_RxBytePtr
                0x0000000008003074       0x1c ./FATFS/Target/LOS_D_sd_spi.o
 .text.SD_ReadyWait
                0x0000000008003090       0x3a ./FATFS/Target/LOS_D_sd_spi.o
 *fill*         0x00000000080030ca        0x2 
 .text.SD_PowerOn
                0x00000000080030cc       0x84 ./FATFS/Target/LOS_D_sd_spi.o
 .text.SD_PowerOff
                0x0000000008003150       0x18 ./FATFS/Target/LOS_D_sd_spi.o
 .text.SD_CheckPower
                0x0000000008003168       0x18 ./FATFS/Target/LOS_D_sd_spi.o
 .text.SD_RxDataBlock
                0x0000000008003180       0x64 ./FATFS/Target/LOS_D_sd_spi.o
 .text.SD_TxDataBlock
                0x00000000080031e4       0x86 ./FATFS/Target/LOS_D_sd_spi.o
 .text.SD_SendCmd
                0x000000000800326a       0xa8 ./FATFS/Target/LOS_D_sd_spi.o
 *fill*         0x0000000008003312        0x2 
 .text.LOS_DRV_SD_SPI_initialize
                0x0000000008003314      0x1f0 ./FATFS/Target/LOS_D_sd_spi.o
                0x0000000008003314                LOS_DRV_SD_SPI_initialize
 .text.LOS_DRV_SD_SPI_status
                0x0000000008003504       0x2c ./FATFS/Target/LOS_D_sd_spi.o
                0x0000000008003504                LOS_DRV_SD_SPI_status
 .text.LOS_DRV_SD_SPI_read
                0x0000000008003530       0xd4 ./FATFS/Target/LOS_D_sd_spi.o
                0x0000000008003530                LOS_DRV_SD_SPI_read
 .text.LOS_DRV_SD_SPI_write
                0x0000000008003604      0x108 ./FATFS/Target/LOS_D_sd_spi.o
                0x0000000008003604                LOS_DRV_SD_SPI_write
 .text.LOS_DRV_SD_SPI_ioctl
                0x000000000800370c      0x258 ./FATFS/Target/LOS_D_sd_spi.o
                0x000000000800370c                LOS_DRV_SD_SPI_ioctl
 .text.USER_initialize
                0x0000000008003964       0x1c ./FATFS/Target/user_diskio.o
                0x0000000008003964                USER_initialize
 .text.USER_status
                0x0000000008003980       0x1c ./FATFS/Target/user_diskio.o
                0x0000000008003980                USER_status
 .text.USER_read
                0x000000000800399c       0x26 ./FATFS/Target/user_diskio.o
                0x000000000800399c                USER_read
 .text.USER_write
                0x00000000080039c2       0x26 ./FATFS/Target/user_diskio.o
                0x00000000080039c2                USER_write
 .text.USER_ioctl
                0x00000000080039e8       0x26 ./FATFS/Target/user_diskio.o
                0x00000000080039e8                USER_ioctl
 *fill*         0x0000000008003a0e        0x2 
 .text.disk_status
                0x0000000008003a10       0x34 ./Middlewares/Third_Party/FatFs/src/diskio.o
                0x0000000008003a10                disk_status
 .text.disk_initialize
                0x0000000008003a44       0x4c ./Middlewares/Third_Party/FatFs/src/diskio.o
                0x0000000008003a44                disk_initialize
 .text.disk_read
                0x0000000008003a90       0x40 ./Middlewares/Third_Party/FatFs/src/diskio.o
                0x0000000008003a90                disk_read
 .text.disk_write
                0x0000000008003ad0       0x40 ./Middlewares/Third_Party/FatFs/src/diskio.o
                0x0000000008003ad0                disk_write
 .text.disk_ioctl
                0x0000000008003b10       0x3c ./Middlewares/Third_Party/FatFs/src/diskio.o
                0x0000000008003b10                disk_ioctl
 .text.ld_word  0x0000000008003b4c       0x30 ./Middlewares/Third_Party/FatFs/src/ff.o
 .text.ld_dword
                0x0000000008003b7c       0x46 ./Middlewares/Third_Party/FatFs/src/ff.o
 .text.st_word  0x0000000008003bc2       0x36 ./Middlewares/Third_Party/FatFs/src/ff.o
 .text.st_dword
                0x0000000008003bf8       0x58 ./Middlewares/Third_Party/FatFs/src/ff.o
 .text.mem_cpy  0x0000000008003c50       0x42 ./Middlewares/Third_Party/FatFs/src/ff.o
 .text.mem_set  0x0000000008003c92       0x36 ./Middlewares/Third_Party/FatFs/src/ff.o
 .text.mem_cmp  0x0000000008003cc8       0x4e ./Middlewares/Third_Party/FatFs/src/ff.o
 .text.chk_chr  0x0000000008003d16       0x36 ./Middlewares/Third_Party/FatFs/src/ff.o
 .text.chk_lock
                0x0000000008003d4c       0xb8 ./Middlewares/Third_Party/FatFs/src/ff.o
 .text.enq_lock
                0x0000000008003e04       0x44 ./Middlewares/Third_Party/FatFs/src/ff.o
 .text.inc_lock
                0x0000000008003e48      0x11c ./Middlewares/Third_Party/FatFs/src/ff.o
 .text.dec_lock
                0x0000000008003f64       0x78 ./Middlewares/Third_Party/FatFs/src/ff.o
 .text.clear_lock
                0x0000000008003fdc       0x48 ./Middlewares/Third_Party/FatFs/src/ff.o
 .text.sync_window
                0x0000000008004024       0x88 ./Middlewares/Third_Party/FatFs/src/ff.o
 .text.move_window
                0x00000000080040ac       0x5a ./Middlewares/Third_Party/FatFs/src/ff.o
 *fill*         0x0000000008004106        0x2 
 .text.sync_fs  0x0000000008004108       0xdc ./Middlewares/Third_Party/FatFs/src/ff.o
 .text.clust2sect
                0x00000000080041e4       0x3e ./Middlewares/Third_Party/FatFs/src/ff.o
 .text.get_fat  0x0000000008004222      0x150 ./Middlewares/Third_Party/FatFs/src/ff.o
 .text.put_fat  0x0000000008004372      0x1d8 ./Middlewares/Third_Party/FatFs/src/ff.o
 .text.remove_chain
                0x000000000800454a       0xca ./Middlewares/Third_Party/FatFs/src/ff.o
 .text.create_chain
                0x0000000008004614      0x130 ./Middlewares/Third_Party/FatFs/src/ff.o
 .text.clmt_clust
                0x0000000008004744       0x68 ./Middlewares/Third_Party/FatFs/src/ff.o
 .text.dir_sdi  0x00000000080047ac       0xf6 ./Middlewares/Third_Party/FatFs/src/ff.o
 .text.dir_next
                0x00000000080048a2      0x18a ./Middlewares/Third_Party/FatFs/src/ff.o
 .text.dir_alloc
                0x0000000008004a2c       0x8e ./Middlewares/Third_Party/FatFs/src/ff.o
 .text.ld_clust
                0x0000000008004aba       0x3e ./Middlewares/Third_Party/FatFs/src/ff.o
 .text.st_clust
                0x0000000008004af8       0x40 ./Middlewares/Third_Party/FatFs/src/ff.o
 .text.cmp_lfn  0x0000000008004b38       0xe0 ./Middlewares/Third_Party/FatFs/src/ff.o
 .text.put_lfn  0x0000000008004c18       0xd0 ./Middlewares/Third_Party/FatFs/src/ff.o
 .text.gen_numname
                0x0000000008004ce8      0x11c ./Middlewares/Third_Party/FatFs/src/ff.o
 .text.sum_sfn  0x0000000008004e04       0x42 ./Middlewares/Third_Party/FatFs/src/ff.o
 .text.dir_find
                0x0000000008004e46      0x180 ./Middlewares/Third_Party/FatFs/src/ff.o
 *fill*         0x0000000008004fc6        0x2 
 .text.dir_register
                0x0000000008004fc8      0x1f0 ./Middlewares/Third_Party/FatFs/src/ff.o
 .text.create_name
                0x00000000080051b8      0x370 ./Middlewares/Third_Party/FatFs/src/ff.o
 .text.follow_path
                0x0000000008005528       0xe2 ./Middlewares/Third_Party/FatFs/src/ff.o
 .text.get_ldnumber
                0x000000000800560a       0x88 ./Middlewares/Third_Party/FatFs/src/ff.o
 *fill*         0x0000000008005692        0x2 
 .text.check_fs
                0x0000000008005694       0xac ./Middlewares/Third_Party/FatFs/src/ff.o
 .text.find_volume
                0x0000000008005740      0x4a0 ./Middlewares/Third_Party/FatFs/src/ff.o
 .text.validate
                0x0000000008005be0       0x6a ./Middlewares/Third_Party/FatFs/src/ff.o
 *fill*         0x0000000008005c4a        0x2 
 .text.f_mount  0x0000000008005c4c       0x8c ./Middlewares/Third_Party/FatFs/src/ff.o
                0x0000000008005c4c                f_mount
 .text.f_open   0x0000000008005cd8      0x37c ./Middlewares/Third_Party/FatFs/src/ff.o
                0x0000000008005cd8                f_open
 .text.f_read   0x0000000008006054      0x27e ./Middlewares/Third_Party/FatFs/src/ff.o
                0x0000000008006054                f_read
 .text.f_write  0x00000000080062d2      0x2ea ./Middlewares/Third_Party/FatFs/src/ff.o
                0x00000000080062d2                f_write
 .text.f_sync   0x00000000080065bc       0xfc ./Middlewares/Third_Party/FatFs/src/ff.o
                0x00000000080065bc                f_sync
 .text.f_close  0x00000000080066b8       0x54 ./Middlewares/Third_Party/FatFs/src/ff.o
                0x00000000080066b8                f_close
 .text.f_lseek  0x000000000800670c      0x412 ./Middlewares/Third_Party/FatFs/src/ff.o
                0x000000000800670c                f_lseek
 *fill*         0x0000000008006b1e        0x2 
 .text.FATFS_LinkDriverEx
                0x0000000008006b20       0x98 ./Middlewares/Third_Party/FatFs/src/ff_gen_drv.o
                0x0000000008006b20                FATFS_LinkDriverEx
 .text.FATFS_LinkDriver
                0x0000000008006bb8       0x1e ./Middlewares/Third_Party/FatFs/src/ff_gen_drv.o
                0x0000000008006bb8                FATFS_LinkDriver
 *fill*         0x0000000008006bd6        0x2 
 .text.ff_convert
                0x0000000008006bd8       0x78 ./Middlewares/Third_Party/FatFs/src/option/ccsbcs.o
                0x0000000008006bd8                ff_convert
 .text.ff_wtoupper
                0x0000000008006c50      0x114 ./Middlewares/Third_Party/FatFs/src/option/ccsbcs.o
                0x0000000008006c50                ff_wtoupper
 .text.__cxa_guard_acquire
                0x0000000008006d64       0x18 c:/st/stm32cubeide_1.10.1/stm32cubeide/plugins/com.st.stm32cube.ide.mcu.externaltools.gnu-tools-for-stm32.10.3-2021.10.win32_1.0.0.202111181127/tools/bin/../lib/gcc/arm-none-eabi/10.3.1/../../../../arm-none-eabi/lib/thumb/v7e-m+fp/hard\libstdc++_nano.a(guard.o)
                0x0000000008006d64                __cxa_guard_acquire
 .text.__cxa_guard_release
                0x0000000008006d7c        0x6 c:/st/stm32cubeide_1.10.1/stm32cubeide/plugins/com.st.stm32cube.ide.mcu.externaltools.gnu-tools-for-stm32.10.3-2021.10.win32_1.0.0.202111181127/tools/bin/../lib/gcc/arm-none-eabi/10.3.1/../../../../arm-none-eabi/lib/thumb/v7e-m+fp/hard\libstdc++_nano.a(guard.o)
                0x0000000008006d7c                __cxa_guard_release
 .text.__cxa_pure_virtual
                0x0000000008006d82        0x6 c:/st/stm32cubeide_1.10.1/stm32cubeide/plugins/com.st.stm32cube.ide.mcu.externaltools.gnu-tools-for-stm32.10.3-2021.10.win32_1.0.0.202111181127/tools/bin/../lib/gcc/arm-none-eabi/10.3.1/../../../../arm-none-eabi/lib/thumb/v7e-m+fp/hard\libstdc++_nano.a(pure.o)
                0x0000000008006d82                __cxa_pure_virtual
 .text._ZN10__cxxabiv111__terminateEPFvvE
                0x0000000008006d88        0x8 c:/st/stm32cubeide_1.10.1/stm32cubeide/plugins/com.st.stm32cube.ide.mcu.externaltools.gnu-tools-for-stm32.10.3-2021.10.win32_1.0.0.202111181127/tools/bin/../lib/gcc/arm-none-eabi/10.3.1/../../../../arm-none-eabi/lib/thumb/v7e-m+fp/hard\libstdc++_nano.a(eh_terminate.o)
                0x0000000008006d88                __cxxabiv1::__terminate(void (*)())
 .text._ZSt13get_terminatev
                0x0000000008006d90       0x10 c:/st/stm32cubeide_1.10.1/stm32cubeide/plugins/com.st.stm32cube.ide.mcu.externaltools.gnu-tools-for-stm32.10.3-2021.10.win32_1.0.0.202111181127/tools/bin/../lib/gcc/arm-none-eabi/10.3.1/../../../../arm-none-eabi/lib/thumb/v7e-m+fp/hard\libstdc++_nano.a(eh_terminate.o)
                0x0000000008006d90                std::get_terminate()
 .text._ZSt9terminatev
                0x0000000008006da0        0xa c:/st/stm32cubeide_1.10.1/stm32cubeide/plugins/com.st.stm32cube.ide.mcu.externaltools.gnu-tools-for-stm32.10.3-2021.10.win32_1.0.0.202111181127/tools/bin/../lib/gcc/arm-none-eabi/10.3.1/../../../../arm-none-eabi/lib/thumb/v7e-m+fp/hard\libstdc++_nano.a(eh_terminate.o)
                0x0000000008006da0                std::terminate()
 .text.abort    0x0000000008006daa        0xe c:/st/stm32cubeide_1.10.1/stm32cubeide/plugins/com.st.stm32cube.ide.mcu.externaltools.gnu-tools-for-stm32.10.3-2021.10.win32_1.0.0.202111181127/tools/bin/../lib/gcc/arm-none-eabi/10.3.1/../../../../arm-none-eabi/lib/thumb/v7e-m+fp/hard\libc_nano.a(lib_a-abort.o)
                0x0000000008006daa                abort
 .text.__errno  0x0000000008006db8        0xc c:/st/stm32cubeide_1.10.1/stm32cubeide/plugins/com.st.stm32cube.ide.mcu.externaltools.gnu-tools-for-stm32.10.3-2021.10.win32_1.0.0.202111181127/tools/bin/../lib/gcc/arm-none-eabi/10.3.1/../../../../arm-none-eabi/lib/thumb/v7e-m+fp/hard\libc_nano.a(lib_a-errno.o)
                0x0000000008006db8                __errno
 .text.__libc_init_array
                0x0000000008006dc4       0x48 c:/st/stm32cubeide_1.10.1/stm32cubeide/plugins/com.st.stm32cube.ide.mcu.externaltools.gnu-tools-for-stm32.10.3-2021.10.win32_1.0.0.202111181127/tools/bin/../lib/gcc/arm-none-eabi/10.3.1/../../../../arm-none-eabi/lib/thumb/v7e-m+fp/hard\libc_nano.a(lib_a-init.o)
                0x0000000008006dc4                __libc_init_array
 .text.malloc   0x0000000008006e0c       0x10 c:/st/stm32cubeide_1.10.1/stm32cubeide/plugins/com.st.stm32cube.ide.mcu.externaltools.gnu-tools-for-stm32.10.3-2021.10.win32_1.0.0.202111181127/tools/bin/../lib/gcc/arm-none-eabi/10.3.1/../../../../arm-none-eabi/lib/thumb/v7e-m+fp/hard\libc_nano.a(lib_a-malloc.o)
                0x0000000008006e0c                malloc
 .text.free     0x0000000008006e1c       0x10 c:/st/stm32cubeide_1.10.1/stm32cubeide/plugins/com.st.stm32cube.ide.mcu.externaltools.gnu-tools-for-stm32.10.3-2021.10.win32_1.0.0.202111181127/tools/bin/../lib/gcc/arm-none-eabi/10.3.1/../../../../arm-none-eabi/lib/thumb/v7e-m+fp/hard\libc_nano.a(lib_a-malloc.o)
                0x0000000008006e1c                free
 .text.memset   0x0000000008006e2c       0x10 c:/st/stm32cubeide_1.10.1/stm32cubeide/plugins/com.st.stm32cube.ide.mcu.externaltools.gnu-tools-for-stm32.10.3-2021.10.win32_1.0.0.202111181127/tools/bin/../lib/gcc/arm-none-eabi/10.3.1/../../../../arm-none-eabi/lib/thumb/v7e-m+fp/hard\libc_nano.a(lib_a-memset.o)
                0x0000000008006e2c                memset
 .text._free_r  0x0000000008006e3c       0x98 c:/st/stm32cubeide_1.10.1/stm32cubeide/plugins/com.st.stm32cube.ide.mcu.externaltools.gnu-tools-for-stm32.10.3-2021.10.win32_1.0.0.202111181127/tools/bin/../lib/gcc/arm-none-eabi/10.3.1/../../../../arm-none-eabi/lib/thumb/v7e-m+fp/hard\libc_nano.a(lib_a-nano-freer.o)
                0x0000000008006e3c                _free_r
 .text.sbrk_aligned
                0x0000000008006ed4       0x40 c:/st/stm32cubeide_1.10.1/stm32cubeide/plugins/com.st.stm32cube.ide.mcu.externaltools.gnu-tools-for-stm32.10.3-2021.10.win32_1.0.0.202111181127/tools/bin/../lib/gcc/arm-none-eabi/10.3.1/../../../../arm-none-eabi/lib/thumb/v7e-m+fp/hard\libc_nano.a(lib_a-nano-mallocr.o)
 .text._malloc_r
                0x0000000008006f14       0xe8 c:/st/stm32cubeide_1.10.1/stm32cubeide/plugins/com.st.stm32cube.ide.mcu.externaltools.gnu-tools-for-stm32.10.3-2021.10.win32_1.0.0.202111181127/tools/bin/../lib/gcc/arm-none-eabi/10.3.1/../../../../arm-none-eabi/lib/thumb/v7e-m+fp/hard\libc_nano.a(lib_a-nano-mallocr.o)
                0x0000000008006f14                _malloc_r
 .text._sbrk_r  0x0000000008006ffc       0x20 c:/st/stm32cubeide_1.10.1/stm32cubeide/plugins/com.st.stm32cube.ide.mcu.externaltools.gnu-tools-for-stm32.10.3-2021.10.win32_1.0.0.202111181127/tools/bin/../lib/gcc/arm-none-eabi/10.3.1/../../../../arm-none-eabi/lib/thumb/v7e-m+fp/hard\libc_nano.a(lib_a-sbrkr.o)
                0x0000000008006ffc                _sbrk_r
 .text._raise_r
                0x000000000800701c       0x50 c:/st/stm32cubeide_1.10.1/stm32cubeide/plugins/com.st.stm32cube.ide.mcu.externaltools.gnu-tools-for-stm32.10.3-2021.10.win32_1.0.0.202111181127/tools/bin/../lib/gcc/arm-none-eabi/10.3.1/../../../../arm-none-eabi/lib/thumb/v7e-m+fp/hard\libc_nano.a(lib_a-signal.o)
                0x000000000800701c                _raise_r
 .text.raise    0x000000000800706c       0x10 c:/st/stm32cubeide_1.10.1/stm32cubeide/plugins/com.st.stm32cube.ide.mcu.externaltools.gnu-tools-for-stm32.10.3-2021.10.win32_1.0.0.202111181127/tools/bin/../lib/gcc/arm-none-eabi/10.3.1/../../../../arm-none-eabi/lib/thumb/v7e-m+fp/hard\libc_nano.a(lib_a-signal.o)
                0x000000000800706c                raise
 .text._kill_r  0x000000000800707c       0x24 c:/st/stm32cubeide_1.10.1/stm32cubeide/plugins/com.st.stm32cube.ide.mcu.externaltools.gnu-tools-for-stm32.10.3-2021.10.win32_1.0.0.202111181127/tools/bin/../lib/gcc/arm-none-eabi/10.3.1/../../../../arm-none-eabi/lib/thumb/v7e-m+fp/hard\libc_nano.a(lib_a-signalr.o)
                0x000000000800707c                _kill_r
 .text._getpid_r
                0x00000000080070a0        0x4 c:/st/stm32cubeide_1.10.1/stm32cubeide/plugins/com.st.stm32cube.ide.mcu.externaltools.gnu-tools-for-stm32.10.3-2021.10.win32_1.0.0.202111181127/tools/bin/../lib/gcc/arm-none-eabi/10.3.1/../../../../arm-none-eabi/lib/thumb/v7e-m+fp/hard\libc_nano.a(lib_a-signalr.o)
                0x00000000080070a0                _getpid_r
 .text._vsnprintf_r
                0x00000000080070a4       0x56 c:/st/stm32cubeide_1.10.1/stm32cubeide/plugins/com.st.stm32cube.ide.mcu.externaltools.gnu-tools-for-stm32.10.3-2021.10.win32_1.0.0.202111181127/tools/bin/../lib/gcc/arm-none-eabi/10.3.1/../../../../arm-none-eabi/lib/thumb/v7e-m+fp/hard\libc_nano.a(lib_a-vsnprintf.o)
                0x00000000080070a4                _vsniprintf_r
                0x00000000080070a4                _vsnprintf_r
 *fill*         0x00000000080070fa        0x2 
 .text.vsnprintf
                0x00000000080070fc       0x1c c:/st/stm32cubeide_1.10.1/stm32cubeide/plugins/com.st.stm32cube.ide.mcu.externaltools.gnu-tools-for-stm32.10.3-2021.10.win32_1.0.0.202111181127/tools/bin/../lib/gcc/arm-none-eabi/10.3.1/../../../../arm-none-eabi/lib/thumb/v7e-m+fp/hard\libc_nano.a(lib_a-vsnprintf.o)
                0x00000000080070fc                vsniprintf
                0x00000000080070fc                vsnprintf
 .text.__malloc_lock
                0x0000000008007118        0xc c:/st/stm32cubeide_1.10.1/stm32cubeide/plugins/com.st.stm32cube.ide.mcu.externaltools.gnu-tools-for-stm32.10.3-2021.10.win32_1.0.0.202111181127/tools/bin/../lib/gcc/arm-none-eabi/10.3.1/../../../../arm-none-eabi/lib/thumb/v7e-m+fp/hard\libc_nano.a(lib_a-mlock.o)
                0x0000000008007118                __malloc_lock
 .text.__malloc_unlock
                0x0000000008007124        0xc c:/st/stm32cubeide_1.10.1/stm32cubeide/plugins/com.st.stm32cube.ide.mcu.externaltools.gnu-tools-for-stm32.10.3-2021.10.win32_1.0.0.202111181127/tools/bin/../lib/gcc/arm-none-eabi/10.3.1/../../../../arm-none-eabi/lib/thumb/v7e-m+fp/hard\libc_nano.a(lib_a-mlock.o)
                0x0000000008007124                __malloc_unlock
 .text.__ssputs_r
                0x0000000008007130       0xb6 c:/st/stm32cubeide_1.10.1/stm32cubeide/plugins/com.st.stm32cube.ide.mcu.externaltools.gnu-tools-for-stm32.10.3-2021.10.win32_1.0.0.202111181127/tools/bin/../lib/gcc/arm-none-eabi/10.3.1/../../../../arm-none-eabi/lib/thumb/v7e-m+fp/hard\libc_nano.a(lib_a-nano-svfprintf.o)
                0x0000000008007130                __ssputs_r
 *fill*         0x00000000080071e6        0x2 
 .text._svfprintf_r
                0x00000000080071e8      0x200 c:/st/stm32cubeide_1.10.1/stm32cubeide/plugins/com.st.stm32cube.ide.mcu.externaltools.gnu-tools-for-stm32.10.3-2021.10.win32_1.0.0.202111181127/tools/bin/../lib/gcc/arm-none-eabi/10.3.1/../../../../arm-none-eabi/lib/thumb/v7e-m+fp/hard\libc_nano.a(lib_a-nano-svfprintf.o)
                0x00000000080071e8                _svfiprintf_r
                0x00000000080071e8                _svfprintf_r
 .text._printf_common
                0x00000000080073e8       0xda c:/st/stm32cubeide_1.10.1/stm32cubeide/plugins/com.st.stm32cube.ide.mcu.externaltools.gnu-tools-for-stm32.10.3-2021.10.win32_1.0.0.202111181127/tools/bin/../lib/gcc/arm-none-eabi/10.3.1/../../../../arm-none-eabi/lib/thumb/v7e-m+fp/hard\libc_nano.a(lib_a-nano-vfprintf_i.o)
                0x00000000080073e8                _printf_common
 *fill*         0x00000000080074c2        0x2 
 .text._printf_i
                0x00000000080074c4      0x24c c:/st/stm32cubeide_1.10.1/stm32cubeide/plugins/com.st.stm32cube.ide.mcu.externaltools.gnu-tools-for-stm32.10.3-2021.10.win32_1.0.0.202111181127/tools/bin/../lib/gcc/arm-none-eabi/10.3.1/../../../../arm-none-eabi/lib/thumb/v7e-m+fp/hard\libc_nano.a(lib_a-nano-vfprintf_i.o)
                0x00000000080074c4                _printf_i
 .text.__retarget_lock_acquire_recursive
                0x0000000008007710        0x2 c:/st/stm32cubeide_1.10.1/stm32cubeide/plugins/com.st.stm32cube.ide.mcu.externaltools.gnu-tools-for-stm32.10.3-2021.10.win32_1.0.0.202111181127/tools/bin/../lib/gcc/arm-none-eabi/10.3.1/../../../../arm-none-eabi/lib/thumb/v7e-m+fp/hard\libc_nano.a(lib_a-lock.o)
                0x0000000008007710                __retarget_lock_acquire_recursive
 .text.__retarget_lock_release_recursive
                0x0000000008007712        0x2 c:/st/stm32cubeide_1.10.1/stm32cubeide/plugins/com.st.stm32cube.ide.mcu.externaltools.gnu-tools-for-stm32.10.3-2021.10.win32_1.0.0.202111181127/tools/bin/../lib/gcc/arm-none-eabi/10.3.1/../../../../arm-none-eabi/lib/thumb/v7e-m+fp/hard\libc_nano.a(lib_a-lock.o)
                0x0000000008007712                __retarget_lock_release_recursive
 .text.memcpy   0x0000000008007714       0x1c c:/st/stm32cubeide_1.10.1/stm32cubeide/plugins/com.st.stm32cube.ide.mcu.externaltools.gnu-tools-for-stm32.10.3-2021.10.win32_1.0.0.202111181127/tools/bin/../lib/gcc/arm-none-eabi/10.3.1/../../../../arm-none-eabi/lib/thumb/v7e-m+fp/hard\libc_nano.a(lib_a-memcpy-stub.o)
                0x0000000008007714                memcpy
 .text.memmove  0x0000000008007730       0x34 c:/st/stm32cubeide_1.10.1/stm32cubeide/plugins/com.st.stm32cube.ide.mcu.externaltools.gnu-tools-for-stm32.10.3-2021.10.win32_1.0.0.202111181127/tools/bin/../lib/gcc/arm-none-eabi/10.3.1/../../../../arm-none-eabi/lib/thumb/v7e-m+fp/hard\libc_nano.a(lib_a-memmove.o)
                0x0000000008007730                memmove
 .text._realloc_r
                0x0000000008007764       0x5e c:/st/stm32cubeide_1.10.1/stm32cubeide/plugins/com.st.stm32cube.ide.mcu.externaltools.gnu-tools-for-stm32.10.3-2021.10.win32_1.0.0.202111181127/tools/bin/../lib/gcc/arm-none-eabi/10.3.1/../../../../arm-none-eabi/lib/thumb/v7e-m+fp/hard\libc_nano.a(lib_a-nano-reallocr.o)
                0x0000000008007764                _realloc_r
 .text._malloc_usable_size_r
                0x00000000080077c2       0x10 c:/st/stm32cubeide_1.10.1/stm32cubeide/plugins/com.st.stm32cube.ide.mcu.externaltools.gnu-tools-for-stm32.10.3-2021.10.win32_1.0.0.202111181127/tools/bin/../lib/gcc/arm-none-eabi/10.3.1/../../../../arm-none-eabi/lib/thumb/v7e-m+fp/hard\libc_nano.a(lib_a-nano-msizer.o)
                0x00000000080077c2                _malloc_usable_size_r
 *(.glue_7)
 .glue_7        0x00000000080077d2        0x0 linker stubs
 *(.glue_7t)
 .glue_7t       0x00000000080077d2        0x0 linker stubs
 *(.eh_frame)
 *fill*         0x00000000080077d2        0x2 
 .eh_frame      0x00000000080077d4        0x0 c:/st/stm32cubeide_1.10.1/stm32cubeide/plugins/com.st.stm32cube.ide.mcu.externaltools.gnu-tools-for-stm32.10.3-2021.10.win32_1.0.0.202111181127/tools/bin/../lib/gcc/arm-none-eabi/10.3.1/thumb/v7e-m+fp/hard/crtbegin.o
 *(.init)
 .init          0x00000000080077d4        0x4 c:/st/stm32cubeide_1.10.1/stm32cubeide/plugins/com.st.stm32cube.ide.mcu.externaltools.gnu-tools-for-stm32.10.3-2021.10.win32_1.0.0.202111181127/tools/bin/../lib/gcc/arm-none-eabi/10.3.1/thumb/v7e-m+fp/hard/crti.o
                0x00000000080077d4                _init
 .init          0x00000000080077d8        0x8 c:/st/stm32cubeide_1.10.1/stm32cubeide/plugins/com.st.stm32cube.ide.mcu.externaltools.gnu-tools-for-stm32.10.3-2021.10.win32_1.0.0.202111181127/tools/bin/../lib/gcc/arm-none-eabi/10.3.1/thumb/v7e-m+fp/hard/crtn.o
 *(.fini)
 .fini          0x00000000080077e0        0x4 c:/st/stm32cubeide_1.10.1/stm32cubeide/plugins/com.st.stm32cube.ide.mcu.externaltools.gnu-tools-for-stm32.10.3-2021.10.win32_1.0.0.202111181127/tools/bin/../lib/gcc/arm-none-eabi/10.3.1/thumb/v7e-m+fp/hard/crti.o
                0x00000000080077e0                _fini
 .fini          0x00000000080077e4        0x8 c:/st/stm32cubeide_1.10.1/stm32cubeide/plugins/com.st.stm32cube.ide.mcu.externaltools.gnu-tools-for-stm32.10.3-2021.10.win32_1.0.0.202111181127/tools/bin/../lib/gcc/arm-none-eabi/10.3.1/thumb/v7e-m+fp/hard/crtn.o
                0x00000000080077ec                . = ALIGN (0x4)
                0x00000000080077ec                _etext = .

.vfp11_veneer   0x00000000080077ec        0x0
 .vfp11_veneer  0x00000000080077ec        0x0 linker stubs

.v4_bx          0x00000000080077ec        0x0
 .v4_bx         0x00000000080077ec        0x0 linker stubs

.iplt           0x00000000080077ec        0x0
 .iplt          0x00000000080077ec        0x0 c:/st/stm32cubeide_1.10.1/stm32cubeide/plugins/com.st.stm32cube.ide.mcu.externaltools.gnu-tools-for-stm32.10.3-2021.10.win32_1.0.0.202111181127/tools/bin/../lib/gcc/arm-none-eabi/10.3.1/thumb/v7e-m+fp/hard/crtbegin.o

.rodata         0x00000000080077ec      0x7d8
                0x00000000080077ec                . = ALIGN (0x4)
 *(.rodata)
 .rodata        0x00000000080077ec        0x1 ./Core/Src/LOS_D_sd.o
 *fill*         0x00000000080077ed        0x3 
 .rodata        0x00000000080077f0      0x2c0 ./Core/Src/main.o
 .rodata        0x0000000008007ab0       0x48 ./Middlewares/Third_Party/FatFs/src/ff.o
 *(.rodata*)
 .rodata._ZTV6SDCard
                0x0000000008007af8       0x20 ./Core/Src/LOS_D_sd.o
                0x0000000008007af8                vtable for SDCard
 .rodata._ZTV13StorageDevice
                0x0000000008007b18       0x20 ./Core/Src/LOS_D_sd.o
                0x0000000008007b18                vtable for StorageDevice
 .rodata.AHBPrescTable
                0x0000000008007b38       0x10 ./Core/Src/system_stm32f4xx.o
                0x0000000008007b38                AHBPrescTable
 .rodata.APBPrescTable
                0x0000000008007b48        0x8 ./Core/Src/system_stm32f4xx.o
                0x0000000008007b48                APBPrescTable
 .rodata.ExCvt  0x0000000008007b50       0x80 ./Middlewares/Third_Party/FatFs/src/ff.o
 .rodata.LfnOfs
                0x0000000008007bd0        0xd ./Middlewares/Third_Party/FatFs/src/ff.o
 *fill*         0x0000000008007bdd        0x3 
 .rodata.Tbl    0x0000000008007be0      0x100 ./Middlewares/Third_Party/FatFs/src/option/ccsbcs.o
 .rodata.cvt1.1
                0x0000000008007ce0      0x1f2 ./Middlewares/Third_Party/FatFs/src/option/ccsbcs.o
 *fill*         0x0000000008007ed2        0x2 
 .rodata.cvt2.0
                0x0000000008007ed4       0xbc ./Middlewares/Third_Party/FatFs/src/option/ccsbcs.o
 .rodata._svfprintf_r.str1.1
                0x0000000008007f90       0x11 c:/st/stm32cubeide_1.10.1/stm32cubeide/plugins/com.st.stm32cube.ide.mcu.externaltools.gnu-tools-for-stm32.10.3-2021.10.win32_1.0.0.202111181127/tools/bin/../lib/gcc/arm-none-eabi/10.3.1/../../../../arm-none-eabi/lib/thumb/v7e-m+fp/hard\libc_nano.a(lib_a-nano-svfprintf.o)
 .rodata._printf_i.str1.1
                0x0000000008007fa1       0x22 c:/st/stm32cubeide_1.10.1/stm32cubeide/plugins/com.st.stm32cube.ide.mcu.externaltools.gnu-tools-for-stm32.10.3-2021.10.win32_1.0.0.202111181127/tools/bin/../lib/gcc/arm-none-eabi/10.3.1/../../../../arm-none-eabi/lib/thumb/v7e-m+fp/hard\libc_nano.a(lib_a-nano-vfprintf_i.o)
                0x0000000008007fc4                . = ALIGN (0x4)
 *fill*         0x0000000008007fc3        0x1 

.ARM.extab      0x0000000008007fc4        0x0
                0x0000000008007fc4                . = ALIGN (0x4)
 *(.ARM.extab* .gnu.linkonce.armextab.*)
                0x0000000008007fc4                . = ALIGN (0x4)

.ARM            0x0000000008007fc4        0x8
                0x0000000008007fc4                . = ALIGN (0x4)
                0x0000000008007fc4                __exidx_start = .
 *(.ARM.exidx*)
 .ARM.exidx     0x0000000008007fc4        0x8 c:/st/stm32cubeide_1.10.1/stm32cubeide/plugins/com.st.stm32cube.ide.mcu.externaltools.gnu-tools-for-stm32.10.3-2021.10.win32_1.0.0.202111181127/tools/bin/../lib/gcc/arm-none-eabi/10.3.1/thumb/v7e-m+fp/hard\libgcc.a(_udivmoddi4.o)
                0x0000000008007fcc                __exidx_end = .
                0x0000000008007fcc                . = ALIGN (0x4)

.rel.dyn        0x0000000008007fcc        0x0
 .rel.iplt      0x0000000008007fcc        0x0 c:/st/stm32cubeide_1.10.1/stm32cubeide/plugins/com.st.stm32cube.ide.mcu.externaltools.gnu-tools-for-stm32.10.3-2021.10.win32_1.0.0.202111181127/tools/bin/../lib/gcc/arm-none-eabi/10.3.1/thumb/v7e-m+fp/hard/crtbegin.o

.preinit_array  0x0000000008007fcc        0x0
                0x0000000008007fcc                . = ALIGN (0x4)
                0x0000000008007fcc                PROVIDE (__preinit_array_start = .)
 *(.preinit_array*)
                0x0000000008007fcc                PROVIDE (__preinit_array_end = .)
                0x0000000008007fcc                . = ALIGN (0x4)

.init_array     0x0000000008007fcc        0x4
                0x0000000008007fcc                . = ALIGN (0x4)
                0x0000000008007fcc                PROVIDE (__init_array_start = .)
 *(SORT_BY_NAME(.init_array.*))
 *(.init_array*)
 .init_array    0x0000000008007fcc        0x4 c:/st/stm32cubeide_1.10.1/stm32cubeide/plugins/com.st.stm32cube.ide.mcu.externaltools.gnu-tools-for-stm32.10.3-2021.10.win32_1.0.0.202111181127/tools/bin/../lib/gcc/arm-none-eabi/10.3.1/thumb/v7e-m+fp/hard/crtbegin.o
                0x0000000008007fd0                PROVIDE (__init_array_end = .)
                0x0000000008007fd0                . = ALIGN (0x4)

.fini_array     0x0000000008007fd0        0x4
                0x0000000008007fd0                . = ALIGN (0x4)
                [!provide]                        PROVIDE (__fini_array_start = .)
 *(SORT_BY_NAME(.fini_array.*))
 *(.fini_array*)
 .fini_array    0x0000000008007fd0        0x4 c:/st/stm32cubeide_1.10.1/stm32cubeide/plugins/com.st.stm32cube.ide.mcu.externaltools.gnu-tools-for-stm32.10.3-2021.10.win32_1.0.0.202111181127/tools/bin/../lib/gcc/arm-none-eabi/10.3.1/thumb/v7e-m+fp/hard/crtbegin.o
                [!provide]                        PROVIDE (__fini_array_end = .)
                0x0000000008007fd4                . = ALIGN (0x4)
                0x0000000008007fd4                _sidata = LOADADDR (.data)

.data           0x0000000020000000       0x88 load address 0x0000000008007fd4
                0x0000000020000000                . = ALIGN (0x4)
                0x0000000020000000                _sdata = .
 *(.data)
 *(.data*)
 .data.SystemCoreClock
                0x0000000020000000        0x4 ./Core/Src/system_stm32f4xx.o
                0x0000000020000000                SystemCoreClock
 .data.uwTickPrio
                0x0000000020000004        0x4 ./Drivers/STM32F4xx_HAL_Driver/Src/stm32f4xx_hal.o
                0x0000000020000004                uwTickPrio
 .data.uwTickFreq
                0x0000000020000008        0x1 ./Drivers/STM32F4xx_HAL_Driver/Src/stm32f4xx_hal.o
                0x0000000020000008                uwTickFreq
 .data.Stat     0x0000000020000009        0x1 ./FATFS/Target/LOS_D_sd_spi.o
 *fill*         0x000000002000000a        0x2 
 .data.USER_Driver
                0x000000002000000c       0x14 ./FATFS/Target/user_diskio.o
                0x000000002000000c                USER_Driver
 .data._ZN10__cxxabiv119__terminate_handlerE
                0x0000000020000020        0x4 c:/st/stm32cubeide_1.10.1/stm32cubeide/plugins/com.st.stm32cube.ide.mcu.externaltools.gnu-tools-for-stm32.10.3-2021.10.win32_1.0.0.202111181127/tools/bin/../lib/gcc/arm-none-eabi/10.3.1/../../../../arm-none-eabi/lib/thumb/v7e-m+fp/hard\libstdc++_nano.a(eh_term_handler.o)
                0x0000000020000020                __cxxabiv1::__terminate_handler
 .data._impure_ptr
                0x0000000020000024        0x4 c:/st/stm32cubeide_1.10.1/stm32cubeide/plugins/com.st.stm32cube.ide.mcu.externaltools.gnu-tools-for-stm32.10.3-2021.10.win32_1.0.0.202111181127/tools/bin/../lib/gcc/arm-none-eabi/10.3.1/../../../../arm-none-eabi/lib/thumb/v7e-m+fp/hard\libc_nano.a(lib_a-impure.o)
                0x0000000020000024                _impure_ptr
 .data.impure_data
                0x0000000020000028       0x60 c:/st/stm32cubeide_1.10.1/stm32cubeide/plugins/com.st.stm32cube.ide.mcu.externaltools.gnu-tools-for-stm32.10.3-2021.10.win32_1.0.0.202111181127/tools/bin/../lib/gcc/arm-none-eabi/10.3.1/../../../../arm-none-eabi/lib/thumb/v7e-m+fp/hard\libc_nano.a(lib_a-impure.o)
 *(.RamFunc)
 *(.RamFunc*)
                0x0000000020000088                . = ALIGN (0x4)
                0x0000000020000088                _edata = .

.igot.plt       0x0000000020000088        0x0 load address 0x000000000800805c
 .igot.plt      0x0000000020000088        0x0 c:/st/stm32cubeide_1.10.1/stm32cubeide/plugins/com.st.stm32cube.ide.mcu.externaltools.gnu-tools-for-stm32.10.3-2021.10.win32_1.0.0.202111181127/tools/bin/../lib/gcc/arm-none-eabi/10.3.1/thumb/v7e-m+fp/hard/crtbegin.o
                0x0000000020000088                . = ALIGN (0x4)

.bss            0x0000000020000088      0x884 load address 0x000000000800805c
                0x0000000020000088                _sbss = .
                0x0000000020000088                __bss_start__ = _sbss
 *(.bss)
 .bss           0x0000000020000088       0x1c c:/st/stm32cubeide_1.10.1/stm32cubeide/plugins/com.st.stm32cube.ide.mcu.externaltools.gnu-tools-for-stm32.10.3-2021.10.win32_1.0.0.202111181127/tools/bin/../lib/gcc/arm-none-eabi/10.3.1/thumb/v7e-m+fp/hard/crtbegin.o
 *(.bss*)
 .bss._ZZN6SDCard11getInstanceEvE9singleton
                0x00000000200000a4      0x470 ./Core/Src/LOS_D_sd.o
 .bss._ZGVZN6SDCard11getInstanceEvE9singleton
                0x0000000020000514        0x4 ./Core/Src/LOS_D_sd.o
 .bss.hspi2     0x0000000020000518       0x58 ./Core/Src/main.o
                0x0000000020000518                hspi2
 .bss.huart2    0x0000000020000570       0x44 ./Core/Src/main.o
                0x0000000020000570                huart2
 .bss._ZZ8myprintfPKczE6buffer
                0x00000000200005b4      0x100 ./Core/Src/main.o
 .bss.__sbrk_heap_end
                0x00000000200006b4        0x4 ./Core/Src/sysmem.o
 .bss.uwTick    0x00000000200006b8        0x4 ./Drivers/STM32F4xx_HAL_Driver/Src/stm32f4xx_hal.o
                0x00000000200006b8                uwTick
 .bss.retUSER   0x00000000200006bc        0x1 ./FATFS/App/fatfs.o
                0x00000000200006bc                retUSER
 *fill*         0x00000000200006bd        0x3 
 .bss.USERPath  0x00000000200006c0        0x4 ./FATFS/App/fatfs.o
                0x00000000200006c0                USERPath
 .bss.CardType  0x00000000200006c4        0x1 ./FATFS/Target/LOS_D_sd_spi.o
 .bss.PowerFlag
                0x00000000200006c5        0x1 ./FATFS/Target/LOS_D_sd_spi.o
 *fill*         0x00000000200006c6        0x2 
 .bss.FatFs     0x00000000200006c8        0x4 ./Middlewares/Third_Party/FatFs/src/ff.o
 .bss.Fsid      0x00000000200006cc        0x2 ./Middlewares/Third_Party/FatFs/src/ff.o
 *fill*         0x00000000200006ce        0x2 
 .bss.Files     0x00000000200006d0       0x20 ./Middlewares/Third_Party/FatFs/src/ff.o
 .bss.LfnBuf    0x00000000200006f0      0x200 ./Middlewares/Third_Party/FatFs/src/ff.o
 .bss.disk      0x00000000200008f0        0xc ./Middlewares/Third_Party/FatFs/src/ff_gen_drv.o
                0x00000000200008f0                disk
 .bss.__malloc_free_list
                0x00000000200008fc        0x4 c:/st/stm32cubeide_1.10.1/stm32cubeide/plugins/com.st.stm32cube.ide.mcu.externaltools.gnu-tools-for-stm32.10.3-2021.10.win32_1.0.0.202111181127/tools/bin/../lib/gcc/arm-none-eabi/10.3.1/../../../../arm-none-eabi/lib/thumb/v7e-m+fp/hard\libc_nano.a(lib_a-nano-mallocr.o)
                0x00000000200008fc                __malloc_free_list
 .bss.__malloc_sbrk_start
                0x0000000020000900        0x4 c:/st/stm32cubeide_1.10.1/stm32cubeide/plugins/com.st.stm32cube.ide.mcu.externaltools.gnu-tools-for-stm32.10.3-2021.10.win32_1.0.0.202111181127/tools/bin/../lib/gcc/arm-none-eabi/10.3.1/../../../../arm-none-eabi/lib/thumb/v7e-m+fp/hard\libc_nano.a(lib_a-nano-mallocr.o)
                0x0000000020000900                __malloc_sbrk_start
 .bss.errno     0x0000000020000904        0x4 c:/st/stm32cubeide_1.10.1/stm32cubeide/plugins/com.st.stm32cube.ide.mcu.externaltools.gnu-tools-for-stm32.10.3-2021.10.win32_1.0.0.202111181127/tools/bin/../lib/gcc/arm-none-eabi/10.3.1/../../../../arm-none-eabi/lib/thumb/v7e-m+fp/hard\libc_nano.a(lib_a-reent.o)
                0x0000000020000904                errno
 .bss.__lock___malloc_recursive_mutex
                0x0000000020000908        0x1 c:/st/stm32cubeide_1.10.1/stm32cubeide/plugins/com.st.stm32cube.ide.mcu.externaltools.gnu-tools-for-stm32.10.3-2021.10.win32_1.0.0.202111181127/tools/bin/../lib/gcc/arm-none-eabi/10.3.1/../../../../arm-none-eabi/lib/thumb/v7e-m+fp/hard\libc_nano.a(lib_a-lock.o)
                0x0000000020000908                __lock___malloc_recursive_mutex
 *(COMMON)
                0x000000002000090c                . = ALIGN (0x4)
 *fill*         0x0000000020000909        0x3 
                0x000000002000090c                _ebss = .
                0x000000002000090c                __bss_end__ = _ebss

._user_heap_stack
                0x000000002000090c      0x604 load address 0x000000000800805c
                0x0000000020000910                . = ALIGN (0x8)
 *fill*         0x000000002000090c        0x4 
                [!provide]                        PROVIDE (end = .)
                0x0000000020000910                PROVIDE (_end = .)
                0x0000000020000b10                . = (. + _Min_Heap_Size)
 *fill*         0x0000000020000910      0x200 
                0x0000000020000f10                . = (. + _Min_Stack_Size)
 *fill*         0x0000000020000b10      0x400 
                0x0000000020000f10                . = ALIGN (0x8)

/DISCARD/
 libc.a(*)
 libm.a(*)
 libgcc.a(*)

.ARM.attributes
                0x0000000000000000       0x30
 *(.ARM.attributes)
 .ARM.attributes
                0x0000000000000000       0x1e c:/st/stm32cubeide_1.10.1/stm32cubeide/plugins/com.st.stm32cube.ide.mcu.externaltools.gnu-tools-for-stm32.10.3-2021.10.win32_1.0.0.202111181127/tools/bin/../lib/gcc/arm-none-eabi/10.3.1/thumb/v7e-m+fp/hard/crti.o
 .ARM.attributes
                0x000000000000001e       0x34 c:/st/stm32cubeide_1.10.1/stm32cubeide/plugins/com.st.stm32cube.ide.mcu.externaltools.gnu-tools-for-stm32.10.3-2021.10.win32_1.0.0.202111181127/tools/bin/../lib/gcc/arm-none-eabi/10.3.1/thumb/v7e-m+fp/hard/crtbegin.o
 .ARM.attributes
                0x0000000000000052       0x34 ./Core/Src/LOS_D_sd.o
 .ARM.attributes
                0x0000000000000086       0x34 ./Core/Src/main.o
 .ARM.attributes
                0x00000000000000ba       0x34 ./Core/Src/stm32f4xx_hal_msp.o
 .ARM.attributes
                0x00000000000000ee       0x34 ./Core/Src/stm32f4xx_it.o
 .ARM.attributes
                0x0000000000000122       0x34 ./Core/Src/syscalls.o
 .ARM.attributes
                0x0000000000000156       0x34 ./Core/Src/sysmem.o
 .ARM.attributes
                0x000000000000018a       0x34 ./Core/Src/system_stm32f4xx.o
 .ARM.attributes
                0x00000000000001be       0x21 ./Core/Startup/startup_stm32f401retx.o
 .ARM.attributes
                0x00000000000001df       0x34 ./Drivers/STM32F4xx_HAL_Driver/Src/stm32f4xx_hal.o
 .ARM.attributes
                0x0000000000000213       0x34 ./Drivers/STM32F4xx_HAL_Driver/Src/stm32f4xx_hal_cortex.o
 .ARM.attributes
                0x0000000000000247       0x34 ./Drivers/STM32F4xx_HAL_Driver/Src/stm32f4xx_hal_gpio.o
 .ARM.attributes
                0x000000000000027b       0x34 ./Drivers/STM32F4xx_HAL_Driver/Src/stm32f4xx_hal_rcc.o
 .ARM.attributes
                0x00000000000002af       0x34 ./Drivers/STM32F4xx_HAL_Driver/Src/stm32f4xx_hal_spi.o
 .ARM.attributes
                0x00000000000002e3       0x34 ./Drivers/STM32F4xx_HAL_Driver/Src/stm32f4xx_hal_uart.o
 .ARM.attributes
                0x0000000000000317       0x34 ./FATFS/App/fatfs.o
 .ARM.attributes
                0x000000000000034b       0x34 ./FATFS/Target/LOS_D_sd_spi.o
 .ARM.attributes
                0x000000000000037f       0x34 ./FATFS/Target/user_diskio.o
 .ARM.attributes
                0x00000000000003b3       0x34 ./Middlewares/Third_Party/FatFs/src/diskio.o
 .ARM.attributes
                0x00000000000003e7       0x34 ./Middlewares/Third_Party/FatFs/src/ff.o
 .ARM.attributes
                0x000000000000041b       0x34 ./Middlewares/Third_Party/FatFs/src/ff_gen_drv.o
 .ARM.attributes
                0x000000000000044f       0x34 ./Middlewares/Third_Party/FatFs/src/option/ccsbcs.o
 .ARM.attributes
                0x0000000000000483       0x34 c:/st/stm32cubeide_1.10.1/stm32cubeide/plugins/com.st.stm32cube.ide.mcu.externaltools.gnu-tools-for-stm32.10.3-2021.10.win32_1.0.0.202111181127/tools/bin/../lib/gcc/arm-none-eabi/10.3.1/../../../../arm-none-eabi/lib/thumb/v7e-m+fp/hard\libstdc++_nano.a(guard.o)
 .ARM.attributes
                0x00000000000004b7       0x34 c:/st/stm32cubeide_1.10.1/stm32cubeide/plugins/com.st.stm32cube.ide.mcu.externaltools.gnu-tools-for-stm32.10.3-2021.10.win32_1.0.0.202111181127/tools/bin/../lib/gcc/arm-none-eabi/10.3.1/../../../../arm-none-eabi/lib/thumb/v7e-m+fp/hard\libstdc++_nano.a(pure.o)
 .ARM.attributes
                0x00000000000004eb       0x34 c:/st/stm32cubeide_1.10.1/stm32cubeide/plugins/com.st.stm32cube.ide.mcu.externaltools.gnu-tools-for-stm32.10.3-2021.10.win32_1.0.0.202111181127/tools/bin/../lib/gcc/arm-none-eabi/10.3.1/../../../../arm-none-eabi/lib/thumb/v7e-m+fp/hard\libstdc++_nano.a(eh_terminate.o)
 .ARM.attributes
                0x000000000000051f       0x34 c:/st/stm32cubeide_1.10.1/stm32cubeide/plugins/com.st.stm32cube.ide.mcu.externaltools.gnu-tools-for-stm32.10.3-2021.10.win32_1.0.0.202111181127/tools/bin/../lib/gcc/arm-none-eabi/10.3.1/../../../../arm-none-eabi/lib/thumb/v7e-m+fp/hard\libstdc++_nano.a(eh_term_handler.o)
 .ARM.attributes
                0x0000000000000553       0x34 c:/st/stm32cubeide_1.10.1/stm32cubeide/plugins/com.st.stm32cube.ide.mcu.externaltools.gnu-tools-for-stm32.10.3-2021.10.win32_1.0.0.202111181127/tools/bin/../lib/gcc/arm-none-eabi/10.3.1/../../../../arm-none-eabi/lib/thumb/v7e-m+fp/hard\libc_nano.a(lib_a-abort.o)
 .ARM.attributes
                0x0000000000000587       0x34 c:/st/stm32cubeide_1.10.1/stm32cubeide/plugins/com.st.stm32cube.ide.mcu.externaltools.gnu-tools-for-stm32.10.3-2021.10.win32_1.0.0.202111181127/tools/bin/../lib/gcc/arm-none-eabi/10.3.1/../../../../arm-none-eabi/lib/thumb/v7e-m+fp/hard\libc_nano.a(lib_a-errno.o)
 .ARM.attributes
                0x00000000000005bb       0x34 c:/st/stm32cubeide_1.10.1/stm32cubeide/plugins/com.st.stm32cube.ide.mcu.externaltools.gnu-tools-for-stm32.10.3-2021.10.win32_1.0.0.202111181127/tools/bin/../lib/gcc/arm-none-eabi/10.3.1/../../../../arm-none-eabi/lib/thumb/v7e-m+fp/hard\libc_nano.a(lib_a-impure.o)
 .ARM.attributes
                0x00000000000005ef       0x34 c:/st/stm32cubeide_1.10.1/stm32cubeide/plugins/com.st.stm32cube.ide.mcu.externaltools.gnu-tools-for-stm32.10.3-2021.10.win32_1.0.0.202111181127/tools/bin/../lib/gcc/arm-none-eabi/10.3.1/../../../../arm-none-eabi/lib/thumb/v7e-m+fp/hard\libc_nano.a(lib_a-init.o)
 .ARM.attributes
                0x0000000000000623       0x34 c:/st/stm32cubeide_1.10.1/stm32cubeide/plugins/com.st.stm32cube.ide.mcu.externaltools.gnu-tools-for-stm32.10.3-2021.10.win32_1.0.0.202111181127/tools/bin/../lib/gcc/arm-none-eabi/10.3.1/../../../../arm-none-eabi/lib/thumb/v7e-m+fp/hard\libc_nano.a(lib_a-malloc.o)
 .ARM.attributes
                0x0000000000000657       0x34 c:/st/stm32cubeide_1.10.1/stm32cubeide/plugins/com.st.stm32cube.ide.mcu.externaltools.gnu-tools-for-stm32.10.3-2021.10.win32_1.0.0.202111181127/tools/bin/../lib/gcc/arm-none-eabi/10.3.1/../../../../arm-none-eabi/lib/thumb/v7e-m+fp/hard\libc_nano.a(lib_a-memset.o)
 .ARM.attributes
                0x000000000000068b       0x34 c:/st/stm32cubeide_1.10.1/stm32cubeide/plugins/com.st.stm32cube.ide.mcu.externaltools.gnu-tools-for-stm32.10.3-2021.10.win32_1.0.0.202111181127/tools/bin/../lib/gcc/arm-none-eabi/10.3.1/../../../../arm-none-eabi/lib/thumb/v7e-m+fp/hard\libc_nano.a(lib_a-nano-freer.o)
 .ARM.attributes
                0x00000000000006bf       0x34 c:/st/stm32cubeide_1.10.1/stm32cubeide/plugins/com.st.stm32cube.ide.mcu.externaltools.gnu-tools-for-stm32.10.3-2021.10.win32_1.0.0.202111181127/tools/bin/../lib/gcc/arm-none-eabi/10.3.1/../../../../arm-none-eabi/lib/thumb/v7e-m+fp/hard\libc_nano.a(lib_a-nano-mallocr.o)
 .ARM.attributes
                0x00000000000006f3       0x34 c:/st/stm32cubeide_1.10.1/stm32cubeide/plugins/com.st.stm32cube.ide.mcu.externaltools.gnu-tools-for-stm32.10.3-2021.10.win32_1.0.0.202111181127/tools/bin/../lib/gcc/arm-none-eabi/10.3.1/../../../../arm-none-eabi/lib/thumb/v7e-m+fp/hard\libc_nano.a(lib_a-sbrkr.o)
 .ARM.attributes
                0x0000000000000727       0x34 c:/st/stm32cubeide_1.10.1/stm32cubeide/plugins/com.st.stm32cube.ide.mcu.externaltools.gnu-tools-for-stm32.10.3-2021.10.win32_1.0.0.202111181127/tools/bin/../lib/gcc/arm-none-eabi/10.3.1/../../../../arm-none-eabi/lib/thumb/v7e-m+fp/hard\libc_nano.a(lib_a-signal.o)
 .ARM.attributes
                0x000000000000075b       0x34 c:/st/stm32cubeide_1.10.1/stm32cubeide/plugins/com.st.stm32cube.ide.mcu.externaltools.gnu-tools-for-stm32.10.3-2021.10.win32_1.0.0.202111181127/tools/bin/../lib/gcc/arm-none-eabi/10.3.1/../../../../arm-none-eabi/lib/thumb/v7e-m+fp/hard\libc_nano.a(lib_a-signalr.o)
 .ARM.attributes
                0x000000000000078f       0x1c c:/st/stm32cubeide_1.10.1/stm32cubeide/plugins/com.st.stm32cube.ide.mcu.externaltools.gnu-tools-for-stm32.10.3-2021.10.win32_1.0.0.202111181127/tools/bin/../lib/gcc/arm-none-eabi/10.3.1/../../../../arm-none-eabi/lib/thumb/v7e-m+fp/hard\libc_nano.a(lib_a-strcmp.o)
 .ARM.attributes
                0x00000000000007ab       0x17 c:/st/stm32cubeide_1.10.1/stm32cubeide/plugins/com.st.stm32cube.ide.mcu.externaltools.gnu-tools-for-stm32.10.3-2021.10.win32_1.0.0.202111181127/tools/bin/../lib/gcc/arm-none-eabi/10.3.1/../../../../arm-none-eabi/lib/thumb/v7e-m+fp/hard\libc_nano.a(lib_a-strlen.o)
 .ARM.attributes
                0x00000000000007c2       0x34 c:/st/stm32cubeide_1.10.1/stm32cubeide/plugins/com.st.stm32cube.ide.mcu.externaltools.gnu-tools-for-stm32.10.3-2021.10.win32_1.0.0.202111181127/tools/bin/../lib/gcc/arm-none-eabi/10.3.1/../../../../arm-none-eabi/lib/thumb/v7e-m+fp/hard\libc_nano.a(lib_a-vsnprintf.o)
 .ARM.attributes
                0x00000000000007f6       0x34 c:/st/stm32cubeide_1.10.1/stm32cubeide/plugins/com.st.stm32cube.ide.mcu.externaltools.gnu-tools-for-stm32.10.3-2021.10.win32_1.0.0.202111181127/tools/bin/../lib/gcc/arm-none-eabi/10.3.1/../../../../arm-none-eabi/lib/thumb/v7e-m+fp/hard\libc_nano.a(lib_a-mlock.o)
 .ARM.attributes
                0x000000000000082a       0x34 c:/st/stm32cubeide_1.10.1/stm32cubeide/plugins/com.st.stm32cube.ide.mcu.externaltools.gnu-tools-for-stm32.10.3-2021.10.win32_1.0.0.202111181127/tools/bin/../lib/gcc/arm-none-eabi/10.3.1/../../../../arm-none-eabi/lib/thumb/v7e-m+fp/hard\libc_nano.a(lib_a-nano-svfprintf.o)
 .ARM.attributes
                0x000000000000085e       0x34 c:/st/stm32cubeide_1.10.1/stm32cubeide/plugins/com.st.stm32cube.ide.mcu.externaltools.gnu-tools-for-stm32.10.3-2021.10.win32_1.0.0.202111181127/tools/bin/../lib/gcc/arm-none-eabi/10.3.1/../../../../arm-none-eabi/lib/thumb/v7e-m+fp/hard\libc_nano.a(lib_a-nano-vfprintf_i.o)
 .ARM.attributes
                0x0000000000000892       0x34 c:/st/stm32cubeide_1.10.1/stm32cubeide/plugins/com.st.stm32cube.ide.mcu.externaltools.gnu-tools-for-stm32.10.3-2021.10.win32_1.0.0.202111181127/tools/bin/../lib/gcc/arm-none-eabi/10.3.1/../../../../arm-none-eabi/lib/thumb/v7e-m+fp/hard\libc_nano.a(lib_a-reent.o)
 .ARM.attributes
                0x00000000000008c6       0x34 c:/st/stm32cubeide_1.10.1/stm32cubeide/plugins/com.st.stm32cube.ide.mcu.externaltools.gnu-tools-for-stm32.10.3-2021.10.win32_1.0.0.202111181127/tools/bin/../lib/gcc/arm-none-eabi/10.3.1/../../../../arm-none-eabi/lib/thumb/v7e-m+fp/hard\libc_nano.a(lib_a-lock.o)
 .ARM.attributes
                0x00000000000008fa       0x1c c:/st/stm32cubeide_1.10.1/stm32cubeide/plugins/com.st.stm32cube.ide.mcu.externaltools.gnu-tools-for-stm32.10.3-2021.10.win32_1.0.0.202111181127/tools/bin/../lib/gcc/arm-none-eabi/10.3.1/../../../../arm-none-eabi/lib/thumb/v7e-m+fp/hard\libc_nano.a(lib_a-memchr.o)
 .ARM.attributes
                0x0000000000000916       0x34 c:/st/stm32cubeide_1.10.1/stm32cubeide/plugins/com.st.stm32cube.ide.mcu.externaltools.gnu-tools-for-stm32.10.3-2021.10.win32_1.0.0.202111181127/tools/bin/../lib/gcc/arm-none-eabi/10.3.1/../../../../arm-none-eabi/lib/thumb/v7e-m+fp/hard\libc_nano.a(lib_a-memcpy-stub.o)
 .ARM.attributes
                0x000000000000094a       0x34 c:/st/stm32cubeide_1.10.1/stm32cubeide/plugins/com.st.stm32cube.ide.mcu.externaltools.gnu-tools-for-stm32.10.3-2021.10.win32_1.0.0.202111181127/tools/bin/../lib/gcc/arm-none-eabi/10.3.1/../../../../arm-none-eabi/lib/thumb/v7e-m+fp/hard\libc_nano.a(lib_a-memmove.o)
 .ARM.attributes
                0x000000000000097e       0x34 c:/st/stm32cubeide_1.10.1/stm32cubeide/plugins/com.st.stm32cube.ide.mcu.externaltools.gnu-tools-for-stm32.10.3-2021.10.win32_1.0.0.202111181127/tools/bin/../lib/gcc/arm-none-eabi/10.3.1/../../../../arm-none-eabi/lib/thumb/v7e-m+fp/hard\libc_nano.a(lib_a-nano-reallocr.o)
 .ARM.attributes
                0x00000000000009b2       0x34 c:/st/stm32cubeide_1.10.1/stm32cubeide/plugins/com.st.stm32cube.ide.mcu.externaltools.gnu-tools-for-stm32.10.3-2021.10.win32_1.0.0.202111181127/tools/bin/../lib/gcc/arm-none-eabi/10.3.1/../../../../arm-none-eabi/lib/thumb/v7e-m+fp/hard\libc_nano.a(lib_a-nano-msizer.o)
 .ARM.attributes
                0x00000000000009e6       0x1e c:/st/stm32cubeide_1.10.1/stm32cubeide/plugins/com.st.stm32cube.ide.mcu.externaltools.gnu-tools-for-stm32.10.3-2021.10.win32_1.0.0.202111181127/tools/bin/../lib/gcc/arm-none-eabi/10.3.1/thumb/v7e-m+fp/hard\libgcc.a(_aeabi_uldivmod.o)
 .ARM.attributes
                0x0000000000000a04       0x34 c:/st/stm32cubeide_1.10.1/stm32cubeide/plugins/com.st.stm32cube.ide.mcu.externaltools.gnu-tools-for-stm32.10.3-2021.10.win32_1.0.0.202111181127/tools/bin/../lib/gcc/arm-none-eabi/10.3.1/thumb/v7e-m+fp/hard\libgcc.a(_udivmoddi4.o)
 .ARM.attributes
                0x0000000000000a38       0x1e c:/st/stm32cubeide_1.10.1/stm32cubeide/plugins/com.st.stm32cube.ide.mcu.externaltools.gnu-tools-for-stm32.10.3-2021.10.win32_1.0.0.202111181127/tools/bin/../lib/gcc/arm-none-eabi/10.3.1/thumb/v7e-m+fp/hard\libgcc.a(_dvmd_tls.o)
 .ARM.attributes
                0x0000000000000a56       0x1e c:/st/stm32cubeide_1.10.1/stm32cubeide/plugins/com.st.stm32cube.ide.mcu.externaltools.gnu-tools-for-stm32.10.3-2021.10.win32_1.0.0.202111181127/tools/bin/../lib/gcc/arm-none-eabi/10.3.1/thumb/v7e-m+fp/hard/crtn.o
OUTPUT(SD_Card_Driver_F401.elf elf32-littlearm)
LOAD linker stubs
LOAD c:/st/stm32cubeide_1.10.1/stm32cubeide/plugins/com.st.stm32cube.ide.mcu.externaltools.gnu-tools-for-stm32.10.3-2021.10.win32_1.0.0.202111181127/tools/bin/../lib/gcc/arm-none-eabi/10.3.1/../../../../arm-none-eabi/lib/thumb/v7e-m+fp/hard\libc.a
LOAD c:/st/stm32cubeide_1.10.1/stm32cubeide/plugins/com.st.stm32cube.ide.mcu.externaltools.gnu-tools-for-stm32.10.3-2021.10.win32_1.0.0.202111181127/tools/bin/../lib/gcc/arm-none-eabi/10.3.1/../../../../arm-none-eabi/lib/thumb/v7e-m+fp/hard\libm.a
LOAD c:/st/stm32cubeide_1.10.1/stm32cubeide/plugins/com.st.stm32cube.ide.mcu.externaltools.gnu-tools-for-stm32.10.3-2021.10.win32_1.0.0.202111181127/tools/bin/../lib/gcc/arm-none-eabi/10.3.1/thumb/v7e-m+fp/hard\libgcc.a

.debug_info     0x0000000000000000    0x100bf
 .debug_info    0x0000000000000000     0x137a ./Core/Src/LOS_D_sd.o
 .debug_info    0x000000000000137a     0x1921 ./Core/Src/main.o
 .debug_info    0x0000000000002c9b      0xcbc ./Core/Src/stm32f4xx_hal_msp.o
 .debug_info    0x0000000000003957      0x121 ./Core/Src/stm32f4xx_it.o
 .debug_info    0x0000000000003a78      0x6e0 ./Core/Src/syscalls.o
 .debug_info    0x0000000000004158      0x171 ./Core/Src/sysmem.o
 .debug_info    0x00000000000042c9      0x54f ./Core/Src/system_stm32f4xx.o
 .debug_info    0x0000000000004818       0x22 ./Core/Startup/startup_stm32f401retx.o
 .debug_info    0x000000000000483a      0x906 ./Drivers/STM32F4xx_HAL_Driver/Src/stm32f4xx_hal.o
 .debug_info    0x0000000000005140      0xd85 ./Drivers/STM32F4xx_HAL_Driver/Src/stm32f4xx_hal_cortex.o
 .debug_info    0x0000000000005ec5      0x78e ./Drivers/STM32F4xx_HAL_Driver/Src/stm32f4xx_hal_gpio.o
 .debug_info    0x0000000000006653      0x98c ./Drivers/STM32F4xx_HAL_Driver/Src/stm32f4xx_hal_rcc.o
 .debug_info    0x0000000000006fdf     0x1750 ./Drivers/STM32F4xx_HAL_Driver/Src/stm32f4xx_hal_spi.o
 .debug_info    0x000000000000872f     0x31b4 ./Drivers/STM32F4xx_HAL_Driver/Src/stm32f4xx_hal_uart.o
 .debug_info    0x000000000000b8e3      0x519 ./FATFS/App/fatfs.o
 .debug_info    0x000000000000bdfc      0xd2e ./FATFS/Target/LOS_D_sd_spi.o
 .debug_info    0x000000000000cb2a      0x3d2 ./FATFS/Target/user_diskio.o
 .debug_info    0x000000000000cefc      0x412 ./Middlewares/Third_Party/FatFs/src/diskio.o
 .debug_info    0x000000000000d30e     0x2842 ./Middlewares/Third_Party/FatFs/src/ff.o
 .debug_info    0x000000000000fb50      0x3a9 ./Middlewares/Third_Party/FatFs/src/ff_gen_drv.o
 .debug_info    0x000000000000fef9      0x1c6 ./Middlewares/Third_Party/FatFs/src/option/ccsbcs.o

.debug_abbrev   0x0000000000000000     0x2816
 .debug_abbrev  0x0000000000000000      0x3cc ./Core/Src/LOS_D_sd.o
 .debug_abbrev  0x00000000000003cc      0x3ac ./Core/Src/main.o
 .debug_abbrev  0x0000000000000778      0x1b0 ./Core/Src/stm32f4xx_hal_msp.o
 .debug_abbrev  0x0000000000000928       0x74 ./Core/Src/stm32f4xx_it.o
 .debug_abbrev  0x000000000000099c      0x1b3 ./Core/Src/syscalls.o
 .debug_abbrev  0x0000000000000b4f       0xbb ./Core/Src/sysmem.o
 .debug_abbrev  0x0000000000000c0a      0x116 ./Core/Src/system_stm32f4xx.o
 .debug_abbrev  0x0000000000000d20       0x12 ./Core/Startup/startup_stm32f401retx.o
 .debug_abbrev  0x0000000000000d32      0x23e ./Drivers/STM32F4xx_HAL_Driver/Src/stm32f4xx_hal.o
 .debug_abbrev  0x0000000000000f70      0x316 ./Drivers/STM32F4xx_HAL_Driver/Src/stm32f4xx_hal_cortex.o
 .debug_abbrev  0x0000000000001286      0x1c4 ./Drivers/STM32F4xx_HAL_Driver/Src/stm32f4xx_hal_gpio.o
 .debug_abbrev  0x000000000000144a      0x2aa ./Drivers/STM32F4xx_HAL_Driver/Src/stm32f4xx_hal_rcc.o
 .debug_abbrev  0x00000000000016f4      0x26e ./Drivers/STM32F4xx_HAL_Driver/Src/stm32f4xx_hal_spi.o
 .debug_abbrev  0x0000000000001962      0x305 ./Drivers/STM32F4xx_HAL_Driver/Src/stm32f4xx_hal_uart.o
 .debug_abbrev  0x0000000000001c67      0x15a ./FATFS/App/fatfs.o
 .debug_abbrev  0x0000000000001dc1      0x2bb ./FATFS/Target/LOS_D_sd_spi.o
 .debug_abbrev  0x000000000000207c      0x13f ./FATFS/Target/user_diskio.o
 .debug_abbrev  0x00000000000021bb      0x178 ./Middlewares/Third_Party/FatFs/src/diskio.o
 .debug_abbrev  0x0000000000002333      0x271 ./Middlewares/Third_Party/FatFs/src/ff.o
 .debug_abbrev  0x00000000000025a4      0x196 ./Middlewares/Third_Party/FatFs/src/ff_gen_drv.o
 .debug_abbrev  0x000000000000273a       0xdc ./Middlewares/Third_Party/FatFs/src/option/ccsbcs.o

.debug_aranges  0x0000000000000000      0xd20
 .debug_aranges
                0x0000000000000000       0x68 ./Core/Src/LOS_D_sd.o
 .debug_aranges
                0x0000000000000068       0x58 ./Core/Src/main.o
 .debug_aranges
                0x00000000000000c0       0x40 ./Core/Src/stm32f4xx_hal_msp.o
 .debug_aranges
                0x0000000000000100       0x60 ./Core/Src/stm32f4xx_it.o
 .debug_aranges
                0x0000000000000160       0xa8 ./Core/Src/syscalls.o
 .debug_aranges
                0x0000000000000208       0x20 ./Core/Src/sysmem.o
 .debug_aranges
                0x0000000000000228       0x28 ./Core/Src/system_stm32f4xx.o
 .debug_aranges
                0x0000000000000250       0x28 ./Core/Startup/startup_stm32f401retx.o
 .debug_aranges
                0x0000000000000278       0xf0 ./Drivers/STM32F4xx_HAL_Driver/Src/stm32f4xx_hal.o
 .debug_aranges
                0x0000000000000368      0x118 ./Drivers/STM32F4xx_HAL_Driver/Src/stm32f4xx_hal_cortex.o
 .debug_aranges
                0x0000000000000480       0x58 ./Drivers/STM32F4xx_HAL_Driver/Src/stm32f4xx_hal_gpio.o
 .debug_aranges
                0x00000000000004d8       0x88 ./Drivers/STM32F4xx_HAL_Driver/Src/stm32f4xx_hal_rcc.o
 .debug_aranges
                0x0000000000000560      0x1d0 ./Drivers/STM32F4xx_HAL_Driver/Src/stm32f4xx_hal_spi.o
 .debug_aranges
                0x0000000000000730      0x200 ./Drivers/STM32F4xx_HAL_Driver/Src/stm32f4xx_hal_uart.o
 .debug_aranges
                0x0000000000000930       0x28 ./FATFS/App/fatfs.o
 .debug_aranges
                0x0000000000000958       0xa8 ./FATFS/Target/LOS_D_sd_spi.o
 .debug_aranges
                0x0000000000000a00       0x40 ./FATFS/Target/user_diskio.o
 .debug_aranges
                0x0000000000000a40       0x48 ./Middlewares/Third_Party/FatFs/src/diskio.o
 .debug_aranges
                0x0000000000000a88      0x230 ./Middlewares/Third_Party/FatFs/src/ff.o
 .debug_aranges
                0x0000000000000cb8       0x40 ./Middlewares/Third_Party/FatFs/src/ff_gen_drv.o
 .debug_aranges
                0x0000000000000cf8       0x28 ./Middlewares/Third_Party/FatFs/src/option/ccsbcs.o

.debug_ranges   0x0000000000000000      0xc08
 .debug_ranges  0x0000000000000000       0x58 ./Core/Src/LOS_D_sd.o
 .debug_ranges  0x0000000000000058       0x48 ./Core/Src/main.o
 .debug_ranges  0x00000000000000a0       0x30 ./Core/Src/stm32f4xx_hal_msp.o
 .debug_ranges  0x00000000000000d0       0x50 ./Core/Src/stm32f4xx_it.o
 .debug_ranges  0x0000000000000120       0x98 ./Core/Src/syscalls.o
 .debug_ranges  0x00000000000001b8       0x10 ./Core/Src/sysmem.o
 .debug_ranges  0x00000000000001c8       0x18 ./Core/Src/system_stm32f4xx.o
 .debug_ranges  0x00000000000001e0       0x20 ./Core/Startup/startup_stm32f401retx.o
 .debug_ranges  0x0000000000000200       0xe0 ./Drivers/STM32F4xx_HAL_Driver/Src/stm32f4xx_hal.o
 .debug_ranges  0x00000000000002e0      0x108 ./Drivers/STM32F4xx_HAL_Driver/Src/stm32f4xx_hal_cortex.o
 .debug_ranges  0x00000000000003e8       0x48 ./Drivers/STM32F4xx_HAL_Driver/Src/stm32f4xx_hal_gpio.o
 .debug_ranges  0x0000000000000430       0x78 ./Drivers/STM32F4xx_HAL_Driver/Src/stm32f4xx_hal_rcc.o
 .debug_ranges  0x00000000000004a8      0x1c0 ./Drivers/STM32F4xx_HAL_Driver/Src/stm32f4xx_hal_spi.o
 .debug_ranges  0x0000000000000668      0x220 ./Drivers/STM32F4xx_HAL_Driver/Src/stm32f4xx_hal_uart.o
 .debug_ranges  0x0000000000000888       0x18 ./FATFS/App/fatfs.o
 .debug_ranges  0x00000000000008a0       0x98 ./FATFS/Target/LOS_D_sd_spi.o
 .debug_ranges  0x0000000000000938       0x30 ./FATFS/Target/user_diskio.o
 .debug_ranges  0x0000000000000968       0x38 ./Middlewares/Third_Party/FatFs/src/diskio.o
 .debug_ranges  0x00000000000009a0      0x220 ./Middlewares/Third_Party/FatFs/src/ff.o
 .debug_ranges  0x0000000000000bc0       0x30 ./Middlewares/Third_Party/FatFs/src/ff_gen_drv.o
 .debug_ranges  0x0000000000000bf0       0x18 ./Middlewares/Third_Party/FatFs/src/option/ccsbcs.o

.debug_macro    0x0000000000000000    0x1b1a0
 .debug_macro   0x0000000000000000      0x3a2 ./Core/Src/LOS_D_sd.o
 .debug_macro   0x00000000000003a2      0xb50 ./Core/Src/LOS_D_sd.o
 .debug_macro   0x0000000000000ef2      0x29b ./Core/Src/LOS_D_sd.o
 .debug_macro   0x000000000000118d       0x2e ./Core/Src/LOS_D_sd.o
 .debug_macro   0x00000000000011bb       0x28 ./Core/Src/LOS_D_sd.o
 .debug_macro   0x00000000000011e3       0x1c ./Core/Src/LOS_D_sd.o
 .debug_macro   0x00000000000011ff       0x22 ./Core/Src/LOS_D_sd.o
 .debug_macro   0x0000000000001221       0x8e ./Core/Src/LOS_D_sd.o
 .debug_macro   0x00000000000012af       0x51 ./Core/Src/LOS_D_sd.o
 .debug_macro   0x0000000000001300      0x103 ./Core/Src/LOS_D_sd.o
 .debug_macro   0x0000000000001403       0x6a ./Core/Src/LOS_D_sd.o
 .debug_macro   0x000000000000146d      0x1df ./Core/Src/LOS_D_sd.o
 .debug_macro   0x000000000000164c       0x1c ./Core/Src/LOS_D_sd.o
 .debug_macro   0x0000000000001668       0x22 ./Core/Src/LOS_D_sd.o
 .debug_macro   0x000000000000168a       0xd9 ./Core/Src/LOS_D_sd.o
 .debug_macro   0x0000000000001763     0x102d ./Core/Src/LOS_D_sd.o
 .debug_macro   0x0000000000002790      0x11f ./Core/Src/LOS_D_sd.o
 .debug_macro   0x00000000000028af     0xb86c ./Core/Src/LOS_D_sd.o
 .debug_macro   0x000000000000e11b       0x6d ./Core/Src/LOS_D_sd.o
 .debug_macro   0x000000000000e188     0x367e ./Core/Src/LOS_D_sd.o
 .debug_macro   0x0000000000011806      0x17b ./Core/Src/LOS_D_sd.o
 .debug_macro   0x0000000000011981       0x5c ./Core/Src/LOS_D_sd.o
 .debug_macro   0x00000000000119dd      0x416 ./Core/Src/LOS_D_sd.o
 .debug_macro   0x0000000000011df3      0x9fe ./Core/Src/LOS_D_sd.o
 .debug_macro   0x00000000000127f1      0x115 ./Core/Src/LOS_D_sd.o
 .debug_macro   0x0000000000012906       0xf8 ./Core/Src/LOS_D_sd.o
 .debug_macro   0x00000000000129fe       0xa5 ./Core/Src/LOS_D_sd.o
 .debug_macro   0x0000000000012aa3      0x15f ./Core/Src/LOS_D_sd.o
 .debug_macro   0x0000000000012c02      0x287 ./Core/Src/LOS_D_sd.o
 .debug_macro   0x0000000000012e89       0x5f ./Core/Src/LOS_D_sd.o
 .debug_macro   0x0000000000012ee8      0x236 ./Core/Src/LOS_D_sd.o
 .debug_macro   0x000000000001311e      0x132 ./Core/Src/LOS_D_sd.o
 .debug_macro   0x0000000000013250      0x264 ./Core/Src/LOS_D_sd.o
 .debug_macro   0x00000000000134b4       0x2e ./Core/Src/LOS_D_sd.o
 .debug_macro   0x00000000000134e2      0x11a ./Core/Src/LOS_D_sd.o
 .debug_macro   0x00000000000135fc       0x85 ./Core/Src/LOS_D_sd.o
 .debug_macro   0x0000000000013681       0x89 ./Core/Src/LOS_D_sd.o
 .debug_macro   0x000000000001370a      0x225 ./Core/Src/LOS_D_sd.o
 .debug_macro   0x000000000001392f      0x295 ./Core/Src/LOS_D_sd.o
 .debug_macro   0x0000000000013bc4      0x126 ./Core/Src/LOS_D_sd.o
 .debug_macro   0x0000000000013cea       0x70 ./Core/Src/LOS_D_sd.o
 .debug_macro   0x0000000000013d5a       0xe5 ./Core/Src/LOS_D_sd.o
 .debug_macro   0x0000000000013e3f      0x18a ./Core/Src/LOS_D_sd.o
 .debug_macro   0x0000000000013fc9       0x10 ./Core/Src/LOS_D_sd.o
 .debug_macro   0x0000000000013fd9      0x3d1 ./Core/Src/LOS_D_sd.o
 .debug_macro   0x00000000000143aa       0x10 ./Core/Src/LOS_D_sd.o
 .debug_macro   0x00000000000143ba       0x1e ./Core/Src/LOS_D_sd.o
 .debug_macro   0x00000000000143d8       0x52 ./Core/Src/LOS_D_sd.o
 .debug_macro   0x000000000001442a       0x3c ./Core/Src/LOS_D_sd.o
 .debug_macro   0x0000000000014466       0x34 ./Core/Src/LOS_D_sd.o
 .debug_macro   0x000000000001449a       0x16 ./Core/Src/LOS_D_sd.o
 .debug_macro   0x00000000000144b0       0x35 ./Core/Src/LOS_D_sd.o
 .debug_macro   0x00000000000144e5       0x16 ./Core/Src/LOS_D_sd.o
 .debug_macro   0x00000000000144fb       0x43 ./Core/Src/LOS_D_sd.o
 .debug_macro   0x000000000001453e       0x34 ./Core/Src/LOS_D_sd.o
 .debug_macro   0x0000000000014572       0x10 ./Core/Src/LOS_D_sd.o
 .debug_macro   0x0000000000014582       0x58 ./Core/Src/LOS_D_sd.o
 .debug_macro   0x00000000000145da       0x71 ./Core/Src/LOS_D_sd.o
 .debug_macro   0x000000000001464b       0x16 ./Core/Src/LOS_D_sd.o
 .debug_macro   0x0000000000014661      0x12a ./Core/Src/LOS_D_sd.o
 .debug_macro   0x000000000001478b      0x364 ./Core/Src/LOS_D_sd.o
 .debug_macro   0x0000000000014aef       0x16 ./Core/Src/LOS_D_sd.o
 .debug_macro   0x0000000000014b05       0x29 ./Core/Src/LOS_D_sd.o
 .debug_macro   0x0000000000014b2e       0x1c ./Core/Src/LOS_D_sd.o
 .debug_macro   0x0000000000014b4a       0xde ./Core/Src/LOS_D_sd.o
 .debug_macro   0x0000000000014c28       0x12 ./Core/Src/LOS_D_sd.o
 .debug_macro   0x0000000000014c3a       0xe2 ./Core/Src/LOS_D_sd.o
 .debug_macro   0x0000000000014d1c       0x8e ./Core/Src/LOS_D_sd.o
 .debug_macro   0x0000000000014daa       0x82 ./Core/Src/LOS_D_sd.o
 .debug_macro   0x0000000000014e2c       0x16 ./Core/Src/LOS_D_sd.o
 .debug_macro   0x0000000000014e42       0x20 ./Core/Src/LOS_D_sd.o
 .debug_macro   0x0000000000014e62      0x46c ./Core/Src/main.o
 .debug_macro   0x00000000000152ce       0xeb ./Core/Src/main.o
 .debug_macro   0x00000000000153b9       0x1c ./Core/Src/main.o
 .debug_macro   0x00000000000153d5       0x10 ./Core/Src/main.o
 .debug_macro   0x00000000000153e5       0x10 ./Core/Src/main.o
 .debug_macro   0x00000000000153f5       0x1c ./Core/Src/main.o
 .debug_macro   0x0000000000015411       0x52 ./Core/Src/main.o
 .debug_macro   0x0000000000015463       0x22 ./Core/Src/main.o
 .debug_macro   0x0000000000015485       0x10 ./Core/Src/main.o
 .debug_macro   0x0000000000015495       0x52 ./Core/Src/main.o
 .debug_macro   0x00000000000154e7       0xd5 ./Core/Src/main.o
 .debug_macro   0x00000000000155bc       0x1c ./Core/Src/main.o
 .debug_macro   0x00000000000155d8       0x3d ./Core/Src/main.o
 .debug_macro   0x0000000000015615       0x16 ./Core/Src/main.o
 .debug_macro   0x000000000001562b      0x137 ./Core/Src/main.o
 .debug_macro   0x0000000000015762       0x4c ./Core/Src/main.o
 .debug_macro   0x00000000000157ae      0x1d3 ./Core/Src/stm32f4xx_hal_msp.o
 .debug_macro   0x0000000000015981      0xa78 ./Core/Src/stm32f4xx_hal_msp.o
 .debug_macro   0x00000000000163f9     0x102d ./Core/Src/stm32f4xx_hal_msp.o
 .debug_macro   0x0000000000017426      0x174 ./Core/Src/stm32f4xx_hal_msp.o
 .debug_macro   0x000000000001759a      0x1dd ./Core/Src/stm32f4xx_it.o
 .debug_macro   0x0000000000017777      0x24c ./Core/Src/syscalls.o
 .debug_macro   0x00000000000179c3       0x4c ./Core/Src/syscalls.o
 .debug_macro   0x0000000000017a0f       0x94 ./Core/Src/syscalls.o
 .debug_macro   0x0000000000017aa3       0x34 ./Core/Src/syscalls.o
 .debug_macro   0x0000000000017ad7       0x57 ./Core/Src/syscalls.o
 .debug_macro   0x0000000000017b2e      0x341 ./Core/Src/syscalls.o
 .debug_macro   0x0000000000017e6f       0x43 ./Core/Src/syscalls.o
 .debug_macro   0x0000000000017eb2       0x1c ./Core/Src/syscalls.o
 .debug_macro   0x0000000000017ece       0x10 ./Core/Src/syscalls.o
 .debug_macro   0x0000000000017ede       0x35 ./Core/Src/syscalls.o
 .debug_macro   0x0000000000017f13       0x10 ./Core/Src/syscalls.o
 .debug_macro   0x0000000000017f23       0x10 ./Core/Src/syscalls.o
 .debug_macro   0x0000000000017f33       0x35 ./Core/Src/syscalls.o
 .debug_macro   0x0000000000017f68      0x12c ./Core/Src/syscalls.o
 .debug_macro   0x0000000000018094       0x10 ./Core/Src/syscalls.o
 .debug_macro   0x00000000000180a4      0x241 ./Core/Src/syscalls.o
 .debug_macro   0x00000000000182e5       0x10 ./Core/Src/syscalls.o
 .debug_macro   0x00000000000182f5      0x145 ./Core/Src/syscalls.o
 .debug_macro   0x000000000001843a      0x189 ./Core/Src/syscalls.o
 .debug_macro   0x00000000000185c3       0x16 ./Core/Src/syscalls.o
 .debug_macro   0x00000000000185d9       0xce ./Core/Src/syscalls.o
 .debug_macro   0x00000000000186a7       0xff ./Core/Src/sysmem.o
 .debug_macro   0x00000000000187a6      0x23b ./Core/Src/sysmem.o
 .debug_macro   0x00000000000189e1      0x1c4 ./Core/Src/system_stm32f4xx.o
 .debug_macro   0x0000000000018ba5      0x224 ./Drivers/STM32F4xx_HAL_Driver/Src/stm32f4xx_hal.o
 .debug_macro   0x0000000000018dc9      0x1c4 ./Drivers/STM32F4xx_HAL_Driver/Src/stm32f4xx_hal_cortex.o
 .debug_macro   0x0000000000018f8d      0x1ca ./Drivers/STM32F4xx_HAL_Driver/Src/stm32f4xx_hal_gpio.o
 .debug_macro   0x0000000000019157      0x1e8 ./Drivers/STM32F4xx_HAL_Driver/Src/stm32f4xx_hal_rcc.o
 .debug_macro   0x000000000001933f      0x1d3 ./Drivers/STM32F4xx_HAL_Driver/Src/stm32f4xx_hal_spi.o
 .debug_macro   0x0000000000019512      0x1c5 ./Drivers/STM32F4xx_HAL_Driver/Src/stm32f4xx_hal_uart.o
 .debug_macro   0x00000000000196d7      0x30f ./FATFS/App/fatfs.o
 .debug_macro   0x00000000000199e6      0x338 ./FATFS/Target/LOS_D_sd_spi.o
 .debug_macro   0x0000000000019d1e       0x16 ./FATFS/Target/LOS_D_sd_spi.o
 .debug_macro   0x0000000000019d34       0x7c ./FATFS/Target/LOS_D_sd_spi.o
 .debug_macro   0x0000000000019db0       0x76 ./FATFS/Target/LOS_D_sd_spi.o
 .debug_macro   0x0000000000019e26      0x32c ./FATFS/Target/user_diskio.o
 .debug_macro   0x000000000001a152       0x10 ./FATFS/Target/user_diskio.o
 .debug_macro   0x000000000001a162       0x56 ./FATFS/Target/user_diskio.o
 .debug_macro   0x000000000001a1b8      0x2e5 ./Middlewares/Third_Party/FatFs/src/diskio.o
 .debug_macro   0x000000000001a49d      0x6f3 ./Middlewares/Third_Party/FatFs/src/ff.o